
> vestroll-frontend@0.1.0 build
> next build --turbopack

   Γû▓ Next.js 15.5.3 (Turbopack)

   Creating an optimized production build ...
node.exe : [baseline-browser-mapping] The data in this module 
is over two months old.  To ensure accurate Baseline data, 
please update: `npm i baseline-browser-mapping@latest -D`
At line:1 char:1
+ & "C:\nvm4w\nodejs/node.exe" 
"C:\nvm4w\nodejs/node_modules/npm/bin/np ...
+ ~~~~~~~~~~~~~~~~~~~~~~~~~~~~~~~~~~~~~~~~~~~~~~~~~~~~~~~~~~~~~
~~~~~~~~
    + CategoryInfo          : NotSpecified: ([baseline-brows.. 
   .ping@latest -D`:String) [], RemoteException
    + FullyQualifiedErrorId : NativeCommandError
 
 Γ£ô Finished writing to disk in 1197ms

> Build error occurred
Error: Turbopack build failed with 98 errors:
./src/app/team-management/page.tsx:7:1
Module not found: Can't resolve './components/contractCard'
[0m [90m  5 |[39m [36mimport[39m { 
[33mSearch[39m[33m,[39m [33mBell[39m[33m,[39m 
[33mChevronDown[39m[33m,[39m [33mMoveLeft[39m[33m,[39m 
[33mMenu[39m } [36mfrom[39m 
[32m"lucide-react"[39m[33m;[39m
 [90m  6 |[39m [36mimport[39m 
[33mEmployeeProfileHeader[39m [36mfrom[39m 
[32m"./components/profile"[39m[33m;[39m
[31m[1m>[22m[39m[90m  7 |[39m [36mimport[39m 
[33mContractCard[39m [36mfrom[39m 
[32m"./components/contractCard"[39m[33m;[39m
 [90m    |[39m [31m[1m^[22m[39m[31m[1m^[22m[39m[31m
[1m^[22m[39m[31m[1m^[22m[39m[31m[1m^[22m[39m[31m[1m
^[22m[39m[31m[1m^[22m[39m[31m[1m^[22m[39m[31m[1m^[
22m[39m[31m[1m^[22m[39m[31m[1m^[22m[39m[31m[1m^[22m
[39m[31m[1m^[22m[39m[31m[1m^[22m[39m[31m[1m^[22m[3
9m[31m[1m^[22m[39m[31m[1m^[22m[39m[31m[1m^[22m[39m
[31m[1m^[22m[39m[31m[1m^[22m[39m[31m[1m^[22m[39m[31
m[1m^[22m[39m[31m[1m^[22m[39m[31m[1m^[22m[39m[31m[
1m^[22m[39m[31m[1m^[22m[39m[31m[1m^[22m[39m[31m[1m^
[22m[39m[31m[1m^[22m[39m[31m[1m^[22m[39m[31m[1m^[2
2m[39m[31m[1m^[22m[39m[31m[1m^[22m[39m[31m[1m^[22m
[39m[31m[1m^[22m[39m[31m[1m^[22m[39m[31m[1m^[22m[39
m[31m[1m^[22m[39m[31m[1m^[22m[39m[31m[1m^[22m[39m[
31m[1m^[22m[39m[31m[1m^[22m[39m[31m[1m^[22m[39m[31m
[1m^[22m[39m[31m[1m^[22m[39m[31m[1m^[22m[39m[31m[1
m^[22m[39m[31m[1m^[22m[39m[31m[1m^[22m[39m[31m[1m^
[22m[39m[31m[1m^[22m[39m[31m[1m^[22m[39m[31m[1m^[22
m[39m
 [90m  8 |[39m [36mimport[39m [33mImage[39m 
[36mfrom[39m [32m"next/image"[39m[33m;[39m
 [90m  9 |[39m [36mimport[39m [33mSidebar[39m 
[36mfrom[39m 
[32m"@/components/layout/sidebar"[39m[33m;[39m
 [90m 10 |[39m[0m



https://nextjs.org/docs/messages/module-not-found


./src/app/team-management/page.tsx:7:1
Module not found: Can't resolve './components/contractCard'
[0m [90m  5 |[39m [36mimport[39m { 
[33mSearch[39m[33m,[39m [33mBell[39m[33m,[39m 
[33mChevronDown[39m[33m,[39m [33mMoveLeft[39m[33m,[39m 
[33mMenu[39m } [36mfrom[39m 
[32m"lucide-react"[39m[33m;[39m
 [90m  6 |[39m [36mimport[39m 
[33mEmployeeProfileHeader[39m [36mfrom[39m 
[32m"./components/profile"[39m[33m;[39m
[31m[1m>[22m[39m[90m  7 |[39m [36mimport[39m 
[33mContractCard[39m [36mfrom[39m 
[32m"./components/contractCard"[39m[33m;[39m
 [90m    |[39m [31m[1m^[22m[39m[31m[1m^[22m[39m[31m
[1m^[22m[39m[31m[1m^[22m[39m[31m[1m^[22m[39m[31m[1m
^[22m[39m[31m[1m^[22m[39m[31m[1m^[22m[39m[31m[1m^[
22m[39m[31m[1m^[22m[39m[31m[1m^[22m[39m[31m[1m^[22m
[39m[31m[1m^[22m[39m[31m[1m^[22m[39m[31m[1m^[22m[3
9m[31m[1m^[22m[39m[31m[1m^[22m[39m[31m[1m^[22m[39m
[31m[1m^[22m[39m[31m[1m^[22m[39m[31m[1m^[22m[39m[31
m[1m^[22m[39m[31m[1m^[22m[39m[31m[1m^[22m[39m[31m[
1m^[22m[39m[31m[1m^[22m[39m[31m[1m^[22m[39m[31m[1m^
[22m[39m[31m[1m^[22m[39m[31m[1m^[22m[39m[31m[1m^[2
2m[39m[31m[1m^[22m[39m[31m[1m^[22m[39m[31m[1m^[22m
[39m[31m[1m^[22m[39m[31m[1m^[22m[39m[31m[1m^[22m[39
m[31m[1m^[22m[39m[31m[1m^[22m[39m[31m[1m^[22m[39m[
31m[1m^[22m[39m[31m[1m^[22m[39m[31m[1m^[22m[39m[31m
[1m^[22m[39m[31m[1m^[22m[39m[31m[1m^[22m[39m[31m[1
m^[22m[39m[31m[1m^[22m[39m[31m[1m^[22m[39m[31m[1m^
[22m[39m[31m[1m^[22m[39m[31m[1m^[22m[39m[31m[1m^[22
m[39m
 [90m  8 |[39m [36mimport[39m [33mImage[39m 
[36mfrom[39m [32m"next/image"[39m[33m;[39m
 [90m  9 |[39m [36mimport[39m [33mSidebar[39m 
[36mfrom[39m 
[32m"@/components/layout/sidebar"[39m[33m;[39m
 [90m 10 |[39m[0m



https://nextjs.org/docs/messages/module-not-found


./src/app/team-management/page.tsx:7:1
Module not found: Can't resolve './components/contractCard'
[0m [90m  5 |[39m [36mimport[39m { 
[33mSearch[39m[33m,[39m [33mBell[39m[33m,[39m 
[33mChevronDown[39m[33m,[39m [33mMoveLeft[39m[33m,[39m 
[33mMenu[39m } [36mfrom[39m 
[32m"lucide-react"[39m[33m;[39m
 [90m  6 |[39m [36mimport[39m 
[33mEmployeeProfileHeader[39m [36mfrom[39m 
[32m"./components/profile"[39m[33m;[39m
[31m[1m>[22m[39m[90m  7 |[39m [36mimport[39m 
[33mContractCard[39m [36mfrom[39m 
[32m"./components/contractCard"[39m[33m;[39m
 [90m    |[39m [31m[1m^[22m[39m[31m[1m^[22m[39m[31m
[1m^[22m[39m[31m[1m^[22m[39m[31m[1m^[22m[39m[31m[1m
^[22m[39m[31m[1m^[22m[39m[31m[1m^[22m[39m[31m[1m^[
22m[39m[31m[1m^[22m[39m[31m[1m^[22m[39m[31m[1m^[22m
[39m[31m[1m^[22m[39m[31m[1m^[22m[39m[31m[1m^[22m[3
9m[31m[1m^[22m[39m[31m[1m^[22m[39m[31m[1m^[22m[39m
[31m[1m^[22m[39m[31m[1m^[22m[39m[31m[1m^[22m[39m[31
m[1m^[22m[39m[31m[1m^[22m[39m[31m[1m^[22m[39m[31m[
1m^[22m[39m[31m[1m^[22m[39m[31m[1m^[22m[39m[31m[1m^
[22m[39m[31m[1m^[22m[39m[31m[1m^[22m[39m[31m[1m^[2
2m[39m[31m[1m^[22m[39m[31m[1m^[22m[39m[31m[1m^[22m
[39m[31m[1m^[22m[39m[31m[1m^[22m[39m[31m[1m^[22m[39
m[31m[1m^[22m[39m[31m[1m^[22m[39m[31m[1m^[22m[39m[
31m[1m^[22m[39m[31m[1m^[22m[39m[31m[1m^[22m[39m[31m
[1m^[22m[39m[31m[1m^[22m[39m[31m[1m^[22m[39m[31m[1
m^[22m[39m[31m[1m^[22m[39m[31m[1m^[22m[39m[31m[1m^
[22m[39m[31m[1m^[22m[39m[31m[1m^[22m[39m[31m[1m^[22
m[39m
 [90m  8 |[39m [36mimport[39m [33mImage[39m 
[36mfrom[39m [32m"next/image"[39m[33m;[39m
 [90m  9 |[39m [36mimport[39m [33mSidebar[39m 
[36mfrom[39m 
[32m"@/components/layout/sidebar"[39m[33m;[39m
 [90m 10 |[39m[0m



https://nextjs.org/docs/messages/module-not-found


./src/app/team-management/page.tsx:7:1
Module not found: Can't resolve './components/contractCard'
[0m [90m  5 |[39m [36mimport[39m { 
[33mSearch[39m[33m,[39m [33mBell[39m[33m,[39m 
[33mChevronDown[39m[33m,[39m [33mMoveLeft[39m[33m,[39m 
[33mMenu[39m } [36mfrom[39m 
[32m"lucide-react"[39m[33m;[39m
 [90m  6 |[39m [36mimport[39m 
[33mEmployeeProfileHeader[39m [36mfrom[39m 
[32m"./components/profile"[39m[33m;[39m
[31m[1m>[22m[39m[90m  7 |[39m [36mimport[39m 
[33mContractCard[39m [36mfrom[39m 
[32m"./components/contractCard"[39m[33m;[39m
 [90m    |[39m [31m[1m^[22m[39m[31m[1m^[22m[39m[31m
[1m^[22m[39m[31m[1m^[22m[39m[31m[1m^[22m[39m[31m[1m
^[22m[39m[31m[1m^[22m[39m[31m[1m^[22m[39m[31m[1m^[
22m[39m[31m[1m^[22m[39m[31m[1m^[22m[39m[31m[1m^[22m
[39m[31m[1m^[22m[39m[31m[1m^[22m[39m[31m[1m^[22m[3
9m[31m[1m^[22m[39m[31m[1m^[22m[39m[31m[1m^[22m[39m
[31m[1m^[22m[39m[31m[1m^[22m[39m[31m[1m^[22m[39m[31
m[1m^[22m[39m[31m[1m^[22m[39m[31m[1m^[22m[39m[31m[
1m^[22m[39m[31m[1m^[22m[39m[31m[1m^[22m[39m[31m[1m^
[22m[39m[31m[1m^[22m[39m[31m[1m^[22m[39m[31m[1m^[2
2m[39m[31m[1m^[22m[39m[31m[1m^[22m[39m[31m[1m^[22m
[39m[31m[1m^[22m[39m[31m[1m^[22m[39m[31m[1m^[22m[39
m[31m[1m^[22m[39m[31m[1m^[22m[39m[31m[1m^[22m[39m[
31m[1m^[22m[39m[31m[1m^[22m[39m[31m[1m^[22m[39m[31m
[1m^[22m[39m[31m[1m^[22m[39m[31m[1m^[22m[39m[31m[1
m^[22m[39m[31m[1m^[22m[39m[31m[1m^[22m[39m[31m[1m^
[22m[39m[31m[1m^[22m[39m[31m[1m^[22m[39m[31m[1m^[22
m[39m
 [90m  8 |[39m [36mimport[39m [33mImage[39m 
[36mfrom[39m [32m"next/image"[39m[33m;[39m
 [90m  9 |[39m [36mimport[39m [33mSidebar[39m 
[36mfrom[39m 
[32m"@/components/layout/sidebar"[39m[33m;[39m
 [90m 10 |[39m[0m



https://nextjs.org/docs/messages/module-not-found


./src/app/team-management/page.tsx:6:1
Module not found: Can't resolve './components/profile'
[0m [90m 4 |[39m [36mimport[39m { useRouter } 
[36mfrom[39m [32m"next/navigation"[39m[33m;[39m
 [90m 5 |[39m [36mimport[39m { [33mSearch[39m[33m,[39m 
[33mBell[39m[33m,[39m [33mChevronDown[39m[33m,[39m 
[33mMoveLeft[39m[33m,[39m [33mMenu[39m } [36mfrom[39m 
[32m"lucide-react"[39m[33m;[39m
[31m[1m>[22m[39m[90m 6 |[39m [36mimport[39m 
[33mEmployeeProfileHeader[39m [36mfrom[39m 
[32m"./components/profile"[39m[33m;[39m
 [90m   |[39m [31m[1m^[22m[39m[31m[1m^[22m[39m[31m[
1m^[22m[39m[31m[1m^[22m[39m[31m[1m^[22m[39m[31m[1m^
[22m[39m[31m[1m^[22m[39m[31m[1m^[22m[39m[31m[1m^[2
2m[39m[31m[1m^[22m[39m[31m[1m^[22m[39m[31m[1m^[22m
[39m[31m[1m^[22m[39m[31m[1m^[22m[39m[31m[1m^[22m[39
m[31m[1m^[22m[39m[31m[1m^[22m[39m[31m[1m^[22m[39m[
31m[1m^[22m[39m[31m[1m^[22m[39m[31m[1m^[22m[39m[31m
[1m^[22m[39m[31m[1m^[22m[39m[31m[1m^[22m[39m[31m[1
m^[22m[39m[31m[1m^[22m[39m[31m[1m^[22m[39m[31m[1m^
[22m[39m[31m[1m^[22m[39m[31m[1m^[22m[39m[31m[1m^[22
m[39m[31m[1m^[22m[39m[31m[1m^[22m[39m[31m[1m^[22m[
39m[31m[1m^[22m[39m[31m[1m^[22m[39m[31m[1m^[22m[39m
[31m[1m^[22m[39m[31m[1m^[22m[39m[31m[1m^[22m[39m[3
1m[1m^[22m[39m[31m[1m^[22m[39m[31m[1m^[22m[39m[31m
[1m^[22m[39m[31m[1m^[22m[39m[31m[1m^[22m[39m[31m[1m
^[22m[39m[31m[1m^[22m[39m[31m[1m^[22m[39m[31m[1m^[
22m[39m[31m[1m^[22m[39m[31m[1m^[22m[39m[31m[1m^[22m
[39m[31m[1m^[22m[39m[31m[1m^[22m[39m[31m[1m^[22m[3
9m[31m[1m^[22m[39m
 [90m 7 |[39m [36mimport[39m [33mContractCard[39m 
[36mfrom[39m [32m"./components/contractCard"[39m[33m;[39m
 [90m 8 |[39m [36mimport[39m [33mImage[39m 
[36mfrom[39m [32m"next/image"[39m[33m;[39m
 [90m 9 |[39m [36mimport[39m [33mSidebar[39m 
[36mfrom[39m 
[32m"@/components/layout/sidebar"[39m[33m;[39m[0m



https://nextjs.org/docs/messages/module-not-found


./src/app/team-management/page.tsx:6:1
Module not found: Can't resolve './components/profile'
[0m [90m 4 |[39m [36mimport[39m { useRouter } 
[36mfrom[39m [32m"next/navigation"[39m[33m;[39m
 [90m 5 |[39m [36mimport[39m { [33mSearch[39m[33m,[39m 
[33mBell[39m[33m,[39m [33mChevronDown[39m[33m,[39m 
[33mMoveLeft[39m[33m,[39m [33mMenu[39m } [36mfrom[39m 
[32m"lucide-react"[39m[33m;[39m
[31m[1m>[22m[39m[90m 6 |[39m [36mimport[39m 
[33mEmployeeProfileHeader[39m [36mfrom[39m 
[32m"./components/profile"[39m[33m;[39m
 [90m   |[39m [31m[1m^[22m[39m[31m[1m^[22m[39m[31m[
1m^[22m[39m[31m[1m^[22m[39m[31m[1m^[22m[39m[31m[1m^
[22m[39m[31m[1m^[22m[39m[31m[1m^[22m[39m[31m[1m^[2
2m[39m[31m[1m^[22m[39m[31m[1m^[22m[39m[31m[1m^[22m
[39m[31m[1m^[22m[39m[31m[1m^[22m[39m[31m[1m^[22m[39
m[31m[1m^[22m[39m[31m[1m^[22m[39m[31m[1m^[22m[39m[
31m[1m^[22m[39m[31m[1m^[22m[39m[31m[1m^[22m[39m[31m
[1m^[22m[39m[31m[1m^[22m[39m[31m[1m^[22m[39m[31m[1
m^[22m[39m[31m[1m^[22m[39m[31m[1m^[22m[39m[31m[1m^
[22m[39m[31m[1m^[22m[39m[31m[1m^[22m[39m[31m[1m^[22
m[39m[31m[1m^[22m[39m[31m[1m^[22m[39m[31m[1m^[22m[
39m[31m[1m^[22m[39m[31m[1m^[22m[39m[31m[1m^[22m[39m
[31m[1m^[22m[39m[31m[1m^[22m[39m[31m[1m^[22m[39m[3
1m[1m^[22m[39m[31m[1m^[22m[39m[31m[1m^[22m[39m[31m
[1m^[22m[39m[31m[1m^[22m[39m[31m[1m^[22m[39m[31m[1m
^[22m[39m[31m[1m^[22m[39m[31m[1m^[22m[39m[31m[1m^[
22m[39m[31m[1m^[22m[39m[31m[1m^[22m[39m[31m[1m^[22m
[39m[31m[1m^[22m[39m[31m[1m^[22m[39m[31m[1m^[22m[3
9m[31m[1m^[22m[39m
 [90m 7 |[39m [36mimport[39m [33mContractCard[39m 
[36mfrom[39m [32m"./components/contractCard"[39m[33m;[39m
 [90m 8 |[39m [36mimport[39m [33mImage[39m 
[36mfrom[39m [32m"next/image"[39m[33m;[39m
 [90m 9 |[39m [36mimport[39m [33mSidebar[39m 
[36mfrom[39m 
[32m"@/components/layout/sidebar"[39m[33m;[39m[0m



https://nextjs.org/docs/messages/module-not-found


./src/app/team-management/page.tsx:6:1
Module not found: Can't resolve './components/profile'
[0m [90m 4 |[39m [36mimport[39m { useRouter } 
[36mfrom[39m [32m"next/navigation"[39m[33m;[39m
 [90m 5 |[39m [36mimport[39m { [33mSearch[39m[33m,[39m 
[33mBell[39m[33m,[39m [33mChevronDown[39m[33m,[39m 
[33mMoveLeft[39m[33m,[39m [33mMenu[39m } [36mfrom[39m 
[32m"lucide-react"[39m[33m;[39m
[31m[1m>[22m[39m[90m 6 |[39m [36mimport[39m 
[33mEmployeeProfileHeader[39m [36mfrom[39m 
[32m"./components/profile"[39m[33m;[39m
 [90m   |[39m [31m[1m^[22m[39m[31m[1m^[22m[39m[31m[
1m^[22m[39m[31m[1m^[22m[39m[31m[1m^[22m[39m[31m[1m^
[22m[39m[31m[1m^[22m[39m[31m[1m^[22m[39m[31m[1m^[2
2m[39m[31m[1m^[22m[39m[31m[1m^[22m[39m[31m[1m^[22m
[39m[31m[1m^[22m[39m[31m[1m^[22m[39m[31m[1m^[22m[39
m[31m[1m^[22m[39m[31m[1m^[22m[39m[31m[1m^[22m[39m[
31m[1m^[22m[39m[31m[1m^[22m[39m[31m[1m^[22m[39m[31m
[1m^[22m[39m[31m[1m^[22m[39m[31m[1m^[22m[39m[31m[1
m^[22m[39m[31m[1m^[22m[39m[31m[1m^[22m[39m[31m[1m^
[22m[39m[31m[1m^[22m[39m[31m[1m^[22m[39m[31m[1m^[22
m[39m[31m[1m^[22m[39m[31m[1m^[22m[39m[31m[1m^[22m[
39m[31m[1m^[22m[39m[31m[1m^[22m[39m[31m[1m^[22m[39m
[31m[1m^[22m[39m[31m[1m^[22m[39m[31m[1m^[22m[39m[3
1m[1m^[22m[39m[31m[1m^[22m[39m[31m[1m^[22m[39m[31m
[1m^[22m[39m[31m[1m^[22m[39m[31m[1m^[22m[39m[31m[1m
^[22m[39m[31m[1m^[22m[39m[31m[1m^[22m[39m[31m[1m^[
22m[39m[31m[1m^[22m[39m[31m[1m^[22m[39m[31m[1m^[22m
[39m[31m[1m^[22m[39m[31m[1m^[22m[39m[31m[1m^[22m[3
9m[31m[1m^[22m[39m
 [90m 7 |[39m [36mimport[39m [33mContractCard[39m 
[36mfrom[39m [32m"./components/contractCard"[39m[33m;[39m
 [90m 8 |[39m [36mimport[39m [33mImage[39m 
[36mfrom[39m [32m"next/image"[39m[33m;[39m
 [90m 9 |[39m [36mimport[39m [33mSidebar[39m 
[36mfrom[39m 
[32m"@/components/layout/sidebar"[39m[33m;[39m[0m



https://nextjs.org/docs/messages/module-not-found


./src/app/team-management/page.tsx:6:1
Module not found: Can't resolve './components/profile'
[0m [90m 4 |[39m [36mimport[39m { useRouter } 
[36mfrom[39m [32m"next/navigation"[39m[33m;[39m
 [90m 5 |[39m [36mimport[39m { [33mSearch[39m[33m,[39m 
[33mBell[39m[33m,[39m [33mChevronDown[39m[33m,[39m 
[33mMoveLeft[39m[33m,[39m [33mMenu[39m } [36mfrom[39m 
[32m"lucide-react"[39m[33m;[39m
[31m[1m>[22m[39m[90m 6 |[39m [36mimport[39m 
[33mEmployeeProfileHeader[39m [36mfrom[39m 
[32m"./components/profile"[39m[33m;[39m
 [90m   |[39m [31m[1m^[22m[39m[31m[1m^[22m[39m[31m[
1m^[22m[39m[31m[1m^[22m[39m[31m[1m^[22m[39m[31m[1m^
[22m[39m[31m[1m^[22m[39m[31m[1m^[22m[39m[31m[1m^[2
2m[39m[31m[1m^[22m[39m[31m[1m^[22m[39m[31m[1m^[22m
[39m[31m[1m^[22m[39m[31m[1m^[22m[39m[31m[1m^[22m[39
m[31m[1m^[22m[39m[31m[1m^[22m[39m[31m[1m^[22m[39m[
31m[1m^[22m[39m[31m[1m^[22m[39m[31m[1m^[22m[39m[31m
[1m^[22m[39m[31m[1m^[22m[39m[31m[1m^[22m[39m[31m[1
m^[22m[39m[31m[1m^[22m[39m[31m[1m^[22m[39m[31m[1m^
[22m[39m[31m[1m^[22m[39m[31m[1m^[22m[39m[31m[1m^[22
m[39m[31m[1m^[22m[39m[31m[1m^[22m[39m[31m[1m^[22m[
39m[31m[1m^[22m[39m[31m[1m^[22m[39m[31m[1m^[22m[39m
[31m[1m^[22m[39m[31m[1m^[22m[39m[31m[1m^[22m[39m[3
1m[1m^[22m[39m[31m[1m^[22m[39m[31m[1m^[22m[39m[31m
[1m^[22m[39m[31m[1m^[22m[39m[31m[1m^[22m[39m[31m[1m
^[22m[39m[31m[1m^[22m[39m[31m[1m^[22m[39m[31m[1m^[
22m[39m[31m[1m^[22m[39m[31m[1m^[22m[39m[31m[1m^[22m
[39m[31m[1m^[22m[39m[31m[1m^[22m[39m[31m[1m^[22m[3
9m[31m[1m^[22m[39m
 [90m 7 |[39m [36mimport[39m [33mContractCard[39m 
[36mfrom[39m [32m"./components/contractCard"[39m[33m;[39m
 [90m 8 |[39m [36mimport[39m [33mImage[39m 
[36mfrom[39m [32m"next/image"[39m[33m;[39m
 [90m 9 |[39m [36mimport[39m [33mSidebar[39m 
[36mfrom[39m 
[32m"@/components/layout/sidebar"[39m[33m;[39m[0m



https://nextjs.org/docs/messages/module-not-found


./src/components/features/team-management/employees.tsx:10:1
Module not found: Can't resolve 
'@/app/app/team-management/components/EmployeeList'
[0m [90m  8 |[39m [36mimport[39m { [33mFilterModal[39m 
} [36mfrom[39m [32m"@/app/app/team-management/components/Fil
terModal"[39m[33m;[39m
 [90m  9 |[39m [36mimport[39m { [33mStatsBar[39m } 
[36mfrom[39m [32m"@/app/app/team-management/components/Stats
Bar"[39m[33m;[39m
[31m[1m>[22m[39m[90m 10 |[39m [36mimport[39m { 
[33mEmployeeList[39m } [36mfrom[39m [32m"@/app/app/team-ma
nagement/components/EmployeeList"[39m[33m;[39m
 [90m    |[39m [31m[1m^[22m[39m[31m[1m^[22m[39m[31m
[1m^[22m[39m[31m[1m^[22m[39m[31m[1m^[22m[39m[31m[1m
^[22m[39m[31m[1m^[22m[39m[31m[1m^[22m[39m[31m[1m^[
22m[39m[31m[1m^[22m[39m[31m[1m^[22m[39m[31m[1m^[22m
[39m[31m[1m^[22m[39m[31m[1m^[22m[39m[31m[1m^[22m[3
9m[31m[1m^[22m[39m[31m[1m^[22m[39m[31m[1m^[22m[39m
[31m[1m^[22m[39m[31m[1m^[22m[39m[31m[1m^[22m[39m[31
m[1m^[22m[39m[31m[1m^[22m[39m[31m[1m^[22m[39m[31m[
1m^[22m[39m[31m[1m^[22m[39m[31m[1m^[22m[39m[31m[1m^
[22m[39m[31m[1m^[22m[39m[31m[1m^[22m[39m[31m[1m^[2
2m[39m[31m[1m^[22m[39m[31m[1m^[22m[39m[31m[1m^[22m
[39m[31m[1m^[22m[39m[31m[1m^[22m[39m[31m[1m^[22m[39
m[31m[1m^[22m[39m[31m[1m^[22m[39m[31m[1m^[22m[39m[
31m[1m^[22m[39m[31m[1m^[22m[39m[31m[1m^[22m[39m[31m
[1m^[22m[39m[31m[1m^[22m[39m[31m[1m^[22m[39m[31m[1
m^[22m[39m[31m[1m^[22m[39m[31m[1m^[22m[39m[31m[1m^
[22m[39m[31m[1m^[22m[39m[31m[1m^[22m[39m[31m[1m^[22
m[39m[31m[1m^[22m[39m[31m[1m^[22m[39m[31m[1m^[22m[
39m[31m[1m^[22m[39m[31m[1m^[22m[39m[31m[1m^[22m[39m
[31m[1m^[22m[39m[31m[1m^[22m[39m[31m[1m^[22m[39m[3
1m[1m^[22m[39m[31m[1m^[22m[39m[31m[1m^[22m[39m[31m
[1m^[22m[39m[31m[1m^[22m[39m[31m[1m^[22m[39m[31m[1m
^[22m[39m[31m[1m^[22m[39m[31m[1m^[22m[39m[31m[1m^[
22m[39m[31m[1m^[22m[39m[31m[1m^[22m[39m[31m[1m^[22m
[39m[31m[1m^[22m[39m[31m[1m^[22m[39m[31m[1m^[22m[3
9m[31m[1m^[22m[39m[31m[1m^[22m[39m[31m[1m^[22m[39m
 [90m 11 |[39m [36mimport[39m { useSort } [36mfrom[39m 
[32m"@/hooks/use-sort"[39m[33m;[39m
 [90m 12 |[39m [36mimport[39m { [33mEmployee[39m } 
[36mfrom[39m 
[32m"@/types/teamManagement.types"[39m[33m;[39m
 [90m 13 |[39m[0m

Import map: aliased to relative 
'./src/app/app/team-management/components/EmployeeList' inside 
of [project]/


https://nextjs.org/docs/messages/module-not-found


./src/components/features/team-management/employees.tsx:10:1
Module not found: Can't resolve 
'@/app/app/team-management/components/EmployeeList'
[0m [90m  8 |[39m [36mimport[39m { [33mFilterModal[39m 
} [36mfrom[39m [32m"@/app/app/team-management/components/Fil
terModal"[39m[33m;[39m
 [90m  9 |[39m [36mimport[39m { [33mStatsBar[39m } 
[36mfrom[39m [32m"@/app/app/team-management/components/Stats
Bar"[39m[33m;[39m
[31m[1m>[22m[39m[90m 10 |[39m [36mimport[39m { 
[33mEmployeeList[39m } [36mfrom[39m [32m"@/app/app/team-ma
nagement/components/EmployeeList"[39m[33m;[39m
 [90m    |[39m [31m[1m^[22m[39m[31m[1m^[22m[39m[31m
[1m^[22m[39m[31m[1m^[22m[39m[31m[1m^[22m[39m[31m[1m
^[22m[39m[31m[1m^[22m[39m[31m[1m^[22m[39m[31m[1m^[
22m[39m[31m[1m^[22m[39m[31m[1m^[22m[39m[31m[1m^[22m
[39m[31m[1m^[22m[39m[31m[1m^[22m[39m[31m[1m^[22m[3
9m[31m[1m^[22m[39m[31m[1m^[22m[39m[31m[1m^[22m[39m
[31m[1m^[22m[39m[31m[1m^[22m[39m[31m[1m^[22m[39m[31
m[1m^[22m[39m[31m[1m^[22m[39m[31m[1m^[22m[39m[31m[
1m^[22m[39m[31m[1m^[22m[39m[31m[1m^[22m[39m[31m[1m^
[22m[39m[31m[1m^[22m[39m[31m[1m^[22m[39m[31m[1m^[2
2m[39m[31m[1m^[22m[39m[31m[1m^[22m[39m[31m[1m^[22m
[39m[31m[1m^[22m[39m[31m[1m^[22m[39m[31m[1m^[22m[39
m[31m[1m^[22m[39m[31m[1m^[22m[39m[31m[1m^[22m[39m[
31m[1m^[22m[39m[31m[1m^[22m[39m[31m[1m^[22m[39m[31m
[1m^[22m[39m[31m[1m^[22m[39m[31m[1m^[22m[39m[31m[1
m^[22m[39m[31m[1m^[22m[39m[31m[1m^[22m[39m[31m[1m^
[22m[39m[31m[1m^[22m[39m[31m[1m^[22m[39m[31m[1m^[22
m[39m[31m[1m^[22m[39m[31m[1m^[22m[39m[31m[1m^[22m[
39m[31m[1m^[22m[39m[31m[1m^[22m[39m[31m[1m^[22m[39m
[31m[1m^[22m[39m[31m[1m^[22m[39m[31m[1m^[22m[39m[3
1m[1m^[22m[39m[31m[1m^[22m[39m[31m[1m^[22m[39m[31m
[1m^[22m[39m[31m[1m^[22m[39m[31m[1m^[22m[39m[31m[1m
^[22m[39m[31m[1m^[22m[39m[31m[1m^[22m[39m[31m[1m^[
22m[39m[31m[1m^[22m[39m[31m[1m^[22m[39m[31m[1m^[22m
[39m[31m[1m^[22m[39m[31m[1m^[22m[39m[31m[1m^[22m[3
9m[31m[1m^[22m[39m[31m[1m^[22m[39m[31m[1m^[22m[39m
 [90m 11 |[39m [36mimport[39m { useSort } [36mfrom[39m 
[32m"@/hooks/use-sort"[39m[33m;[39m
 [90m 12 |[39m [36mimport[39m { [33mEmployee[39m } 
[36mfrom[39m 
[32m"@/types/teamManagement.types"[39m[33m;[39m
 [90m 13 |[39m[0m

Import map: aliased to relative 
'./src/app/app/team-management/components/EmployeeList' inside 
of [project]/


https://nextjs.org/docs/messages/module-not-found


./src/components/features/team-management/employees.tsx:10:1
Module not found: Can't resolve 
'@/app/app/team-management/components/EmployeeList'
[0m [90m  8 |[39m [36mimport[39m { [33mFilterModal[39m 
} [36mfrom[39m [32m"@/app/app/team-management/components/Fil
terModal"[39m[33m;[39m
 [90m  9 |[39m [36mimport[39m { [33mStatsBar[39m } 
[36mfrom[39m [32m"@/app/app/team-management/components/Stats
Bar"[39m[33m;[39m
[31m[1m>[22m[39m[90m 10 |[39m [36mimport[39m { 
[33mEmployeeList[39m } [36mfrom[39m [32m"@/app/app/team-ma
nagement/components/EmployeeList"[39m[33m;[39m
 [90m    |[39m [31m[1m^[22m[39m[31m[1m^[22m[39m[31m
[1m^[22m[39m[31m[1m^[22m[39m[31m[1m^[22m[39m[31m[1m
^[22m[39m[31m[1m^[22m[39m[31m[1m^[22m[39m[31m[1m^[
22m[39m[31m[1m^[22m[39m[31m[1m^[22m[39m[31m[1m^[22m
[39m[31m[1m^[22m[39m[31m[1m^[22m[39m[31m[1m^[22m[3
9m[31m[1m^[22m[39m[31m[1m^[22m[39m[31m[1m^[22m[39m
[31m[1m^[22m[39m[31m[1m^[22m[39m[31m[1m^[22m[39m[31
m[1m^[22m[39m[31m[1m^[22m[39m[31m[1m^[22m[39m[31m[
1m^[22m[39m[31m[1m^[22m[39m[31m[1m^[22m[39m[31m[1m^
[22m[39m[31m[1m^[22m[39m[31m[1m^[22m[39m[31m[1m^[2
2m[39m[31m[1m^[22m[39m[31m[1m^[22m[39m[31m[1m^[22m
[39m[31m[1m^[22m[39m[31m[1m^[22m[39m[31m[1m^[22m[39
m[31m[1m^[22m[39m[31m[1m^[22m[39m[31m[1m^[22m[39m[
31m[1m^[22m[39m[31m[1m^[22m[39m[31m[1m^[22m[39m[31m
[1m^[22m[39m[31m[1m^[22m[39m[31m[1m^[22m[39m[31m[1
m^[22m[39m[31m[1m^[22m[39m[31m[1m^[22m[39m[31m[1m^
[22m[39m[31m[1m^[22m[39m[31m[1m^[22m[39m[31m[1m^[22
m[39m[31m[1m^[22m[39m[31m[1m^[22m[39m[31m[1m^[22m[
39m[31m[1m^[22m[39m[31m[1m^[22m[39m[31m[1m^[22m[39m
[31m[1m^[22m[39m[31m[1m^[22m[39m[31m[1m^[22m[39m[3
1m[1m^[22m[39m[31m[1m^[22m[39m[31m[1m^[22m[39m[31m
[1m^[22m[39m[31m[1m^[22m[39m[31m[1m^[22m[39m[31m[1m
^[22m[39m[31m[1m^[22m[39m[31m[1m^[22m[39m[31m[1m^[
22m[39m[31m[1m^[22m[39m[31m[1m^[22m[39m[31m[1m^[22m
[39m[31m[1m^[22m[39m[31m[1m^[22m[39m[31m[1m^[22m[3
9m[31m[1m^[22m[39m[31m[1m^[22m[39m[31m[1m^[22m[39m
 [90m 11 |[39m [36mimport[39m { useSort } [36mfrom[39m 
[32m"@/hooks/use-sort"[39m[33m;[39m
 [90m 12 |[39m [36mimport[39m { [33mEmployee[39m } 
[36mfrom[39m 
[32m"@/types/teamManagement.types"[39m[33m;[39m
 [90m 13 |[39m[0m

Import map: aliased to relative 
'./src/app/app/team-management/components/EmployeeList' inside 
of [project]/


https://nextjs.org/docs/messages/module-not-found


./src/components/features/team-management/employees.tsx:10:1
Module not found: Can't resolve 
'@/app/app/team-management/components/EmployeeList'
[0m [90m  8 |[39m [36mimport[39m { [33mFilterModal[39m 
} [36mfrom[39m [32m"@/app/app/team-management/components/Fil
terModal"[39m[33m;[39m
 [90m  9 |[39m [36mimport[39m { [33mStatsBar[39m } 
[36mfrom[39m [32m"@/app/app/team-management/components/Stats
Bar"[39m[33m;[39m
[31m[1m>[22m[39m[90m 10 |[39m [36mimport[39m { 
[33mEmployeeList[39m } [36mfrom[39m [32m"@/app/app/team-ma
nagement/components/EmployeeList"[39m[33m;[39m
 [90m    |[39m [31m[1m^[22m[39m[31m[1m^[22m[39m[31m
[1m^[22m[39m[31m[1m^[22m[39m[31m[1m^[22m[39m[31m[1m
^[22m[39m[31m[1m^[22m[39m[31m[1m^[22m[39m[31m[1m^[
22m[39m[31m[1m^[22m[39m[31m[1m^[22m[39m[31m[1m^[22m
[39m[31m[1m^[22m[39m[31m[1m^[22m[39m[31m[1m^[22m[3
9m[31m[1m^[22m[39m[31m[1m^[22m[39m[31m[1m^[22m[39m
[31m[1m^[22m[39m[31m[1m^[22m[39m[31m[1m^[22m[39m[31
m[1m^[22m[39m[31m[1m^[22m[39m[31m[1m^[22m[39m[31m[
1m^[22m[39m[31m[1m^[22m[39m[31m[1m^[22m[39m[31m[1m^
[22m[39m[31m[1m^[22m[39m[31m[1m^[22m[39m[31m[1m^[2
2m[39m[31m[1m^[22m[39m[31m[1m^[22m[39m[31m[1m^[22m
[39m[31m[1m^[22m[39m[31m[1m^[22m[39m[31m[1m^[22m[39
m[31m[1m^[22m[39m[31m[1m^[22m[39m[31m[1m^[22m[39m[
31m[1m^[22m[39m[31m[1m^[22m[39m[31m[1m^[22m[39m[31m
[1m^[22m[39m[31m[1m^[22m[39m[31m[1m^[22m[39m[31m[1
m^[22m[39m[31m[1m^[22m[39m[31m[1m^[22m[39m[31m[1m^
[22m[39m[31m[1m^[22m[39m[31m[1m^[22m[39m[31m[1m^[22
m[39m[31m[1m^[22m[39m[31m[1m^[22m[39m[31m[1m^[22m[
39m[31m[1m^[22m[39m[31m[1m^[22m[39m[31m[1m^[22m[39m
[31m[1m^[22m[39m[31m[1m^[22m[39m[31m[1m^[22m[39m[3
1m[1m^[22m[39m[31m[1m^[22m[39m[31m[1m^[22m[39m[31m
[1m^[22m[39m[31m[1m^[22m[39m[31m[1m^[22m[39m[31m[1m
^[22m[39m[31m[1m^[22m[39m[31m[1m^[22m[39m[31m[1m^[
22m[39m[31m[1m^[22m[39m[31m[1m^[22m[39m[31m[1m^[22m
[39m[31m[1m^[22m[39m[31m[1m^[22m[39m[31m[1m^[22m[3
9m[31m[1m^[22m[39m[31m[1m^[22m[39m[31m[1m^[22m[39m
 [90m 11 |[39m [36mimport[39m { useSort } [36mfrom[39m 
[32m"@/hooks/use-sort"[39m[33m;[39m
 [90m 12 |[39m [36mimport[39m { [33mEmployee[39m } 
[36mfrom[39m 
[32m"@/types/teamManagement.types"[39m[33m;[39m
 [90m 13 |[39m[0m

Import map: aliased to relative 
'./src/app/app/team-management/components/EmployeeList' inside 
of [project]/


https://nextjs.org/docs/messages/module-not-found


./src/components/features/team-management/employees.tsx:8:1
Module not found: Can't resolve 
'@/app/app/team-management/components/FilterModal'
[0m [90m  6 |[39m [36mimport[39m { 
[33mTeamEmptyState[39m } [36mfrom[39m [32m"@/app/app/team-
management/components/TeamEmptyState"[39m[33m;[39m
 [90m  7 |[39m [36mimport[39m { [33mPagination[39m } 
[36mfrom[39m [32m"@/app/app/team-management/components/Pagin
ation"[39m[33m;[39m
[31m[1m>[22m[39m[90m  8 |[39m [36mimport[39m { 
[33mFilterModal[39m } [36mfrom[39m [32m"@/app/app/team-man
agement/components/FilterModal"[39m[33m;[39m
 [90m    |[39m [31m[1m^[22m[39m[31m[1m^[22m[39m[31m
[1m^[22m[39m[31m[1m^[22m[39m[31m[1m^[22m[39m[31m[1m
^[22m[39m[31m[1m^[22m[39m[31m[1m^[22m[39m[31m[1m^[
22m[39m[31m[1m^[22m[39m[31m[1m^[22m[39m[31m[1m^[22m
[39m[31m[1m^[22m[39m[31m[1m^[22m[39m[31m[1m^[22m[3
9m[31m[1m^[22m[39m[31m[1m^[22m[39m[31m[1m^[22m[39m
[31m[1m^[22m[39m[31m[1m^[22m[39m[31m[1m^[22m[39m[31
m[1m^[22m[39m[31m[1m^[22m[39m[31m[1m^[22m[39m[31m[
1m^[22m[39m[31m[1m^[22m[39m[31m[1m^[22m[39m[31m[1m^
[22m[39m[31m[1m^[22m[39m[31m[1m^[22m[39m[31m[1m^[2
2m[39m[31m[1m^[22m[39m[31m[1m^[22m[39m[31m[1m^[22m
[39m[31m[1m^[22m[39m[31m[1m^[22m[39m[31m[1m^[22m[39
m[31m[1m^[22m[39m[31m[1m^[22m[39m[31m[1m^[22m[39m[
31m[1m^[22m[39m[31m[1m^[22m[39m[31m[1m^[22m[39m[31m
[1m^[22m[39m[31m[1m^[22m[39m[31m[1m^[22m[39m[31m[1
m^[22m[39m[31m[1m^[22m[39m[31m[1m^[22m[39m[31m[1m^
[22m[39m[31m[1m^[22m[39m[31m[1m^[22m[39m[31m[1m^[22
m[39m[31m[1m^[22m[39m[31m[1m^[22m[39m[31m[1m^[22m[
39m[31m[1m^[22m[39m[31m[1m^[22m[39m[31m[1m^[22m[39m
[31m[1m^[22m[39m[31m[1m^[22m[39m[31m[1m^[22m[39m[3
1m[1m^[22m[39m[31m[1m^[22m[39m[31m[1m^[22m[39m[31m
[1m^[22m[39m[31m[1m^[22m[39m[31m[1m^[22m[39m[31m[1m
^[22m[39m[31m[1m^[22m[39m[31m[1m^[22m[39m[31m[1m^[
22m[39m[31m[1m^[22m[39m[31m[1m^[22m[39m[31m[1m^[22m
[39m[31m[1m^[22m[39m[31m[1m^[22m[39m[31m[1m^[22m[3
9m[31m[1m^[22m[39m
 [90m  9 |[39m [36mimport[39m { [33mStatsBar[39m } 
[36mfrom[39m [32m"@/app/app/team-management/components/Stats
Bar"[39m[33m;[39m
 [90m 10 |[39m [36mimport[39m { [33mEmployeeList[39m } 
[36mfrom[39m [32m"@/app/app/team-management/components/Emplo
yeeList"[39m[33m;[39m
 [90m 11 |[39m [36mimport[39m { useSort } [36mfrom[39m 
[32m"@/hooks/use-sort"[39m[33m;[39m[0m

Import map: aliased to relative 
'./src/app/app/team-management/components/FilterModal' inside 
of [project]/


https://nextjs.org/docs/messages/module-not-found


./src/components/features/team-management/employees.tsx:8:1
Module not found: Can't resolve 
'@/app/app/team-management/components/FilterModal'
[0m [90m  6 |[39m [36mimport[39m { 
[33mTeamEmptyState[39m } [36mfrom[39m [32m"@/app/app/team-
management/components/TeamEmptyState"[39m[33m;[39m
 [90m  7 |[39m [36mimport[39m { [33mPagination[39m } 
[36mfrom[39m [32m"@/app/app/team-management/components/Pagin
ation"[39m[33m;[39m
[31m[1m>[22m[39m[90m  8 |[39m [36mimport[39m { 
[33mFilterModal[39m } [36mfrom[39m [32m"@/app/app/team-man
agement/components/FilterModal"[39m[33m;[39m
 [90m    |[39m [31m[1m^[22m[39m[31m[1m^[22m[39m[31m
[1m^[22m[39m[31m[1m^[22m[39m[31m[1m^[22m[39m[31m[1m
^[22m[39m[31m[1m^[22m[39m[31m[1m^[22m[39m[31m[1m^[
22m[39m[31m[1m^[22m[39m[31m[1m^[22m[39m[31m[1m^[22m
[39m[31m[1m^[22m[39m[31m[1m^[22m[39m[31m[1m^[22m[3
9m[31m[1m^[22m[39m[31m[1m^[22m[39m[31m[1m^[22m[39m
[31m[1m^[22m[39m[31m[1m^[22m[39m[31m[1m^[22m[39m[31
m[1m^[22m[39m[31m[1m^[22m[39m[31m[1m^[22m[39m[31m[
1m^[22m[39m[31m[1m^[22m[39m[31m[1m^[22m[39m[31m[1m^
[22m[39m[31m[1m^[22m[39m[31m[1m^[22m[39m[31m[1m^[2
2m[39m[31m[1m^[22m[39m[31m[1m^[22m[39m[31m[1m^[22m
[39m[31m[1m^[22m[39m[31m[1m^[22m[39m[31m[1m^[22m[39
m[31m[1m^[22m[39m[31m[1m^[22m[39m[31m[1m^[22m[39m[
31m[1m^[22m[39m[31m[1m^[22m[39m[31m[1m^[22m[39m[31m
[1m^[22m[39m[31m[1m^[22m[39m[31m[1m^[22m[39m[31m[1
m^[22m[39m[31m[1m^[22m[39m[31m[1m^[22m[39m[31m[1m^
[22m[39m[31m[1m^[22m[39m[31m[1m^[22m[39m[31m[1m^[22
m[39m[31m[1m^[22m[39m[31m[1m^[22m[39m[31m[1m^[22m[
39m[31m[1m^[22m[39m[31m[1m^[22m[39m[31m[1m^[22m[39m
[31m[1m^[22m[39m[31m[1m^[22m[39m[31m[1m^[22m[39m[3
1m[1m^[22m[39m[31m[1m^[22m[39m[31m[1m^[22m[39m[31m
[1m^[22m[39m[31m[1m^[22m[39m[31m[1m^[22m[39m[31m[1m
^[22m[39m[31m[1m^[22m[39m[31m[1m^[22m[39m[31m[1m^[
22m[39m[31m[1m^[22m[39m[31m[1m^[22m[39m[31m[1m^[22m
[39m[31m[1m^[22m[39m[31m[1m^[22m[39m[31m[1m^[22m[3
9m[31m[1m^[22m[39m
 [90m  9 |[39m [36mimport[39m { [33mStatsBar[39m } 
[36mfrom[39m [32m"@/app/app/team-management/components/Stats
Bar"[39m[33m;[39m
 [90m 10 |[39m [36mimport[39m { [33mEmployeeList[39m } 
[36mfrom[39m [32m"@/app/app/team-management/components/Emplo
yeeList"[39m[33m;[39m
 [90m 11 |[39m [36mimport[39m { useSort } [36mfrom[39m 
[32m"@/hooks/use-sort"[39m[33m;[39m[0m

Import map: aliased to relative 
'./src/app/app/team-management/components/FilterModal' inside 
of [project]/


https://nextjs.org/docs/messages/module-not-found


./src/components/features/team-management/employees.tsx:8:1
Module not found: Can't resolve 
'@/app/app/team-management/components/FilterModal'
[0m [90m  6 |[39m [36mimport[39m { 
[33mTeamEmptyState[39m } [36mfrom[39m [32m"@/app/app/team-
management/components/TeamEmptyState"[39m[33m;[39m
 [90m  7 |[39m [36mimport[39m { [33mPagination[39m } 
[36mfrom[39m [32m"@/app/app/team-management/components/Pagin
ation"[39m[33m;[39m
[31m[1m>[22m[39m[90m  8 |[39m [36mimport[39m { 
[33mFilterModal[39m } [36mfrom[39m [32m"@/app/app/team-man
agement/components/FilterModal"[39m[33m;[39m
 [90m    |[39m [31m[1m^[22m[39m[31m[1m^[22m[39m[31m
[1m^[22m[39m[31m[1m^[22m[39m[31m[1m^[22m[39m[31m[1m
^[22m[39m[31m[1m^[22m[39m[31m[1m^[22m[39m[31m[1m^[
22m[39m[31m[1m^[22m[39m[31m[1m^[22m[39m[31m[1m^[22m
[39m[31m[1m^[22m[39m[31m[1m^[22m[39m[31m[1m^[22m[3
9m[31m[1m^[22m[39m[31m[1m^[22m[39m[31m[1m^[22m[39m
[31m[1m^[22m[39m[31m[1m^[22m[39m[31m[1m^[22m[39m[31
m[1m^[22m[39m[31m[1m^[22m[39m[31m[1m^[22m[39m[31m[
1m^[22m[39m[31m[1m^[22m[39m[31m[1m^[22m[39m[31m[1m^
[22m[39m[31m[1m^[22m[39m[31m[1m^[22m[39m[31m[1m^[2
2m[39m[31m[1m^[22m[39m[31m[1m^[22m[39m[31m[1m^[22m
[39m[31m[1m^[22m[39m[31m[1m^[22m[39m[31m[1m^[22m[39
m[31m[1m^[22m[39m[31m[1m^[22m[39m[31m[1m^[22m[39m[
31m[1m^[22m[39m[31m[1m^[22m[39m[31m[1m^[22m[39m[31m
[1m^[22m[39m[31m[1m^[22m[39m[31m[1m^[22m[39m[31m[1
m^[22m[39m[31m[1m^[22m[39m[31m[1m^[22m[39m[31m[1m^
[22m[39m[31m[1m^[22m[39m[31m[1m^[22m[39m[31m[1m^[22
m[39m[31m[1m^[22m[39m[31m[1m^[22m[39m[31m[1m^[22m[
39m[31m[1m^[22m[39m[31m[1m^[22m[39m[31m[1m^[22m[39m
[31m[1m^[22m[39m[31m[1m^[22m[39m[31m[1m^[22m[39m[3
1m[1m^[22m[39m[31m[1m^[22m[39m[31m[1m^[22m[39m[31m
[1m^[22m[39m[31m[1m^[22m[39m[31m[1m^[22m[39m[31m[1m
^[22m[39m[31m[1m^[22m[39m[31m[1m^[22m[39m[31m[1m^[
22m[39m[31m[1m^[22m[39m[31m[1m^[22m[39m[31m[1m^[22m
[39m[31m[1m^[22m[39m[31m[1m^[22m[39m[31m[1m^[22m[3
9m[31m[1m^[22m[39m
 [90m  9 |[39m [36mimport[39m { [33mStatsBar[39m } 
[36mfrom[39m [32m"@/app/app/team-management/components/Stats
Bar"[39m[33m;[39m
 [90m 10 |[39m [36mimport[39m { [33mEmployeeList[39m } 
[36mfrom[39m [32m"@/app/app/team-management/components/Emplo
yeeList"[39m[33m;[39m
 [90m 11 |[39m [36mimport[39m { useSort } [36mfrom[39m 
[32m"@/hooks/use-sort"[39m[33m;[39m[0m

Import map: aliased to relative 
'./src/app/app/team-management/components/FilterModal' inside 
of [project]/


https://nextjs.org/docs/messages/module-not-found


./src/components/features/team-management/employees.tsx:8:1
Module not found: Can't resolve 
'@/app/app/team-management/components/FilterModal'
[0m [90m  6 |[39m [36mimport[39m { 
[33mTeamEmptyState[39m } [36mfrom[39m [32m"@/app/app/team-
management/components/TeamEmptyState"[39m[33m;[39m
 [90m  7 |[39m [36mimport[39m { [33mPagination[39m } 
[36mfrom[39m [32m"@/app/app/team-management/components/Pagin
ation"[39m[33m;[39m
[31m[1m>[22m[39m[90m  8 |[39m [36mimport[39m { 
[33mFilterModal[39m } [36mfrom[39m [32m"@/app/app/team-man
agement/components/FilterModal"[39m[33m;[39m
 [90m    |[39m [31m[1m^[22m[39m[31m[1m^[22m[39m[31m
[1m^[22m[39m[31m[1m^[22m[39m[31m[1m^[22m[39m[31m[1m
^[22m[39m[31m[1m^[22m[39m[31m[1m^[22m[39m[31m[1m^[
22m[39m[31m[1m^[22m[39m[31m[1m^[22m[39m[31m[1m^[22m
[39m[31m[1m^[22m[39m[31m[1m^[22m[39m[31m[1m^[22m[3
9m[31m[1m^[22m[39m[31m[1m^[22m[39m[31m[1m^[22m[39m
[31m[1m^[22m[39m[31m[1m^[22m[39m[31m[1m^[22m[39m[31
m[1m^[22m[39m[31m[1m^[22m[39m[31m[1m^[22m[39m[31m[
1m^[22m[39m[31m[1m^[22m[39m[31m[1m^[22m[39m[31m[1m^
[22m[39m[31m[1m^[22m[39m[31m[1m^[22m[39m[31m[1m^[2
2m[39m[31m[1m^[22m[39m[31m[1m^[22m[39m[31m[1m^[22m
[39m[31m[1m^[22m[39m[31m[1m^[22m[39m[31m[1m^[22m[39
m[31m[1m^[22m[39m[31m[1m^[22m[39m[31m[1m^[22m[39m[
31m[1m^[22m[39m[31m[1m^[22m[39m[31m[1m^[22m[39m[31m
[1m^[22m[39m[31m[1m^[22m[39m[31m[1m^[22m[39m[31m[1
m^[22m[39m[31m[1m^[22m[39m[31m[1m^[22m[39m[31m[1m^
[22m[39m[31m[1m^[22m[39m[31m[1m^[22m[39m[31m[1m^[22
m[39m[31m[1m^[22m[39m[31m[1m^[22m[39m[31m[1m^[22m[
39m[31m[1m^[22m[39m[31m[1m^[22m[39m[31m[1m^[22m[39m
[31m[1m^[22m[39m[31m[1m^[22m[39m[31m[1m^[22m[39m[3
1m[1m^[22m[39m[31m[1m^[22m[39m[31m[1m^[22m[39m[31m
[1m^[22m[39m[31m[1m^[22m[39m[31m[1m^[22m[39m[31m[1m
^[22m[39m[31m[1m^[22m[39m[31m[1m^[22m[39m[31m[1m^[
22m[39m[31m[1m^[22m[39m[31m[1m^[22m[39m[31m[1m^[22m
[39m[31m[1m^[22m[39m[31m[1m^[22m[39m[31m[1m^[22m[3
9m[31m[1m^[22m[39m
 [90m  9 |[39m [36mimport[39m { [33mStatsBar[39m } 
[36mfrom[39m [32m"@/app/app/team-management/components/Stats
Bar"[39m[33m;[39m
 [90m 10 |[39m [36mimport[39m { [33mEmployeeList[39m } 
[36mfrom[39m [32m"@/app/app/team-management/components/Emplo
yeeList"[39m[33m;[39m
 [90m 11 |[39m [36mimport[39m { useSort } [36mfrom[39m 
[32m"@/hooks/use-sort"[39m[33m;[39m[0m

Import map: aliased to relative 
'./src/app/app/team-management/components/FilterModal' inside 
of [project]/


https://nextjs.org/docs/messages/module-not-found


./src/components/features/team-management/expense.tsx:16:1
Module not found: Can't resolve 
'@/app/app/team-management/components/FilterModal'
[0m [90m 14 |[39m [36mimport[39m { 
[33mSearchFilterBar[39m } [36mfrom[39m [32m"@/app/app/team
-management/components/SearchFilterBar"[39m[33m;[39m
 [90m 15 |[39m [36mimport[39m { [33mPagination[39m } 
[36mfrom[39m [32m"@/app/app/team-management/components/Pagin
ation"[39m[33m;[39m
[31m[1m>[22m[39m[90m 16 |[39m [36mimport[39m { 
[33mFilterModal[39m } [36mfrom[39m [32m"@/app/app/team-man
agement/components/FilterModal"[39m[33m;[39m
 [90m    |[39m [31m[1m^[22m[39m[31m[1m^[22m[39m[31m
[1m^[22m[39m[31m[1m^[22m[39m[31m[1m^[22m[39m[31m[1m
^[22m[39m[31m[1m^[22m[39m[31m[1m^[22m[39m[31m[1m^[
22m[39m[31m[1m^[22m[39m[31m[1m^[22m[39m[31m[1m^[22m
[39m[31m[1m^[22m[39m[31m[1m^[22m[39m[31m[1m^[22m[3
9m[31m[1m^[22m[39m[31m[1m^[22m[39m[31m[1m^[22m[39m
[31m[1m^[22m[39m[31m[1m^[22m[39m[31m[1m^[22m[39m[31
m[1m^[22m[39m[31m[1m^[22m[39m[31m[1m^[22m[39m[31m[
1m^[22m[39m[31m[1m^[22m[39m[31m[1m^[22m[39m[31m[1m^
[22m[39m[31m[1m^[22m[39m[31m[1m^[22m[39m[31m[1m^[2
2m[39m[31m[1m^[22m[39m[31m[1m^[22m[39m[31m[1m^[22m
[39m[31m[1m^[22m[39m[31m[1m^[22m[39m[31m[1m^[22m[39
m[31m[1m^[22m[39m[31m[1m^[22m[39m[31m[1m^[22m[39m[
31m[1m^[22m[39m[31m[1m^[22m[39m[31m[1m^[22m[39m[31m
[1m^[22m[39m[31m[1m^[22m[39m[31m[1m^[22m[39m[31m[1
m^[22m[39m[31m[1m^[22m[39m[31m[1m^[22m[39m[31m[1m^
[22m[39m[31m[1m^[22m[39m[31m[1m^[22m[39m[31m[1m^[22
m[39m[31m[1m^[22m[39m[31m[1m^[22m[39m[31m[1m^[22m[
39m[31m[1m^[22m[39m[31m[1m^[22m[39m[31m[1m^[22m[39m
[31m[1m^[22m[39m[31m[1m^[22m[39m[31m[1m^[22m[39m[3
1m[1m^[22m[39m[31m[1m^[22m[39m[31m[1m^[22m[39m[31m
[1m^[22m[39m[31m[1m^[22m[39m[31m[1m^[22m[39m[31m[1m
^[22m[39m[31m[1m^[22m[39m[31m[1m^[22m[39m[31m[1m^[
22m[39m[31m[1m^[22m[39m[31m[1m^[22m[39m[31m[1m^[22m
[39m[31m[1m^[22m[39m[31m[1m^[22m[39m[31m[1m^[22m[3
9m[31m[1m^[22m[39m
 [90m 17 |[39m [36mimport[39m { useSort } [36mfrom[39m 
[32m"@/hooks/use-sort"[39m[33m;[39m
 [90m 18 |[39m [36mimport[39m [33mImage[39m 
[36mfrom[39m [32m"next/image"[39m[33m;[39m
 [90m 19 |[39m[0m

Import map: aliased to relative 
'./src/app/app/team-management/components/FilterModal' inside 
of [project]/


https://nextjs.org/docs/messages/module-not-found


./src/components/features/team-management/expense.tsx:16:1
Module not found: Can't resolve 
'@/app/app/team-management/components/FilterModal'
[0m [90m 14 |[39m [36mimport[39m { 
[33mSearchFilterBar[39m } [36mfrom[39m [32m"@/app/app/team
-management/components/SearchFilterBar"[39m[33m;[39m
 [90m 15 |[39m [36mimport[39m { [33mPagination[39m } 
[36mfrom[39m [32m"@/app/app/team-management/components/Pagin
ation"[39m[33m;[39m
[31m[1m>[22m[39m[90m 16 |[39m [36mimport[39m { 
[33mFilterModal[39m } [36mfrom[39m [32m"@/app/app/team-man
agement/components/FilterModal"[39m[33m;[39m
 [90m    |[39m [31m[1m^[22m[39m[31m[1m^[22m[39m[31m
[1m^[22m[39m[31m[1m^[22m[39m[31m[1m^[22m[39m[31m[1m
^[22m[39m[31m[1m^[22m[39m[31m[1m^[22m[39m[31m[1m^[
22m[39m[31m[1m^[22m[39m[31m[1m^[22m[39m[31m[1m^[22m
[39m[31m[1m^[22m[39m[31m[1m^[22m[39m[31m[1m^[22m[3
9m[31m[1m^[22m[39m[31m[1m^[22m[39m[31m[1m^[22m[39m
[31m[1m^[22m[39m[31m[1m^[22m[39m[31m[1m^[22m[39m[31
m[1m^[22m[39m[31m[1m^[22m[39m[31m[1m^[22m[39m[31m[
1m^[22m[39m[31m[1m^[22m[39m[31m[1m^[22m[39m[31m[1m^
[22m[39m[31m[1m^[22m[39m[31m[1m^[22m[39m[31m[1m^[2
2m[39m[31m[1m^[22m[39m[31m[1m^[22m[39m[31m[1m^[22m
[39m[31m[1m^[22m[39m[31m[1m^[22m[39m[31m[1m^[22m[39
m[31m[1m^[22m[39m[31m[1m^[22m[39m[31m[1m^[22m[39m[
31m[1m^[22m[39m[31m[1m^[22m[39m[31m[1m^[22m[39m[31m
[1m^[22m[39m[31m[1m^[22m[39m[31m[1m^[22m[39m[31m[1
m^[22m[39m[31m[1m^[22m[39m[31m[1m^[22m[39m[31m[1m^
[22m[39m[31m[1m^[22m[39m[31m[1m^[22m[39m[31m[1m^[22
m[39m[31m[1m^[22m[39m[31m[1m^[22m[39m[31m[1m^[22m[
39m[31m[1m^[22m[39m[31m[1m^[22m[39m[31m[1m^[22m[39m
[31m[1m^[22m[39m[31m[1m^[22m[39m[31m[1m^[22m[39m[3
1m[1m^[22m[39m[31m[1m^[22m[39m[31m[1m^[22m[39m[31m
[1m^[22m[39m[31m[1m^[22m[39m[31m[1m^[22m[39m[31m[1m
^[22m[39m[31m[1m^[22m[39m[31m[1m^[22m[39m[31m[1m^[
22m[39m[31m[1m^[22m[39m[31m[1m^[22m[39m[31m[1m^[22m
[39m[31m[1m^[22m[39m[31m[1m^[22m[39m[31m[1m^[22m[3
9m[31m[1m^[22m[39m
 [90m 17 |[39m [36mimport[39m { useSort } [36mfrom[39m 
[32m"@/hooks/use-sort"[39m[33m;[39m
 [90m 18 |[39m [36mimport[39m [33mImage[39m 
[36mfrom[39m [32m"next/image"[39m[33m;[39m
 [90m 19 |[39m[0m

Import map: aliased to relative 
'./src/app/app/team-management/components/FilterModal' inside 
of [project]/


https://nextjs.org/docs/messages/module-not-found


./src/components/features/team-management/expense.tsx:16:1
Module not found: Can't resolve 
'@/app/app/team-management/components/FilterModal'
[0m [90m 14 |[39m [36mimport[39m { 
[33mSearchFilterBar[39m } [36mfrom[39m [32m"@/app/app/team
-management/components/SearchFilterBar"[39m[33m;[39m
 [90m 15 |[39m [36mimport[39m { [33mPagination[39m } 
[36mfrom[39m [32m"@/app/app/team-management/components/Pagin
ation"[39m[33m;[39m
[31m[1m>[22m[39m[90m 16 |[39m [36mimport[39m { 
[33mFilterModal[39m } [36mfrom[39m [32m"@/app/app/team-man
agement/components/FilterModal"[39m[33m;[39m
 [90m    |[39m [31m[1m^[22m[39m[31m[1m^[22m[39m[31m
[1m^[22m[39m[31m[1m^[22m[39m[31m[1m^[22m[39m[31m[1m
^[22m[39m[31m[1m^[22m[39m[31m[1m^[22m[39m[31m[1m^[
22m[39m[31m[1m^[22m[39m[31m[1m^[22m[39m[31m[1m^[22m
[39m[31m[1m^[22m[39m[31m[1m^[22m[39m[31m[1m^[22m[3
9m[31m[1m^[22m[39m[31m[1m^[22m[39m[31m[1m^[22m[39m
[31m[1m^[22m[39m[31m[1m^[22m[39m[31m[1m^[22m[39m[31
m[1m^[22m[39m[31m[1m^[22m[39m[31m[1m^[22m[39m[31m[
1m^[22m[39m[31m[1m^[22m[39m[31m[1m^[22m[39m[31m[1m^
[22m[39m[31m[1m^[22m[39m[31m[1m^[22m[39m[31m[1m^[2
2m[39m[31m[1m^[22m[39m[31m[1m^[22m[39m[31m[1m^[22m
[39m[31m[1m^[22m[39m[31m[1m^[22m[39m[31m[1m^[22m[39
m[31m[1m^[22m[39m[31m[1m^[22m[39m[31m[1m^[22m[39m[
31m[1m^[22m[39m[31m[1m^[22m[39m[31m[1m^[22m[39m[31m
[1m^[22m[39m[31m[1m^[22m[39m[31m[1m^[22m[39m[31m[1
m^[22m[39m[31m[1m^[22m[39m[31m[1m^[22m[39m[31m[1m^
[22m[39m[31m[1m^[22m[39m[31m[1m^[22m[39m[31m[1m^[22
m[39m[31m[1m^[22m[39m[31m[1m^[22m[39m[31m[1m^[22m[
39m[31m[1m^[22m[39m[31m[1m^[22m[39m[31m[1m^[22m[39m
[31m[1m^[22m[39m[31m[1m^[22m[39m[31m[1m^[22m[39m[3
1m[1m^[22m[39m[31m[1m^[22m[39m[31m[1m^[22m[39m[31m
[1m^[22m[39m[31m[1m^[22m[39m[31m[1m^[22m[39m[31m[1m
^[22m[39m[31m[1m^[22m[39m[31m[1m^[22m[39m[31m[1m^[
22m[39m[31m[1m^[22m[39m[31m[1m^[22m[39m[31m[1m^[22m
[39m[31m[1m^[22m[39m[31m[1m^[22m[39m[31m[1m^[22m[3
9m[31m[1m^[22m[39m
 [90m 17 |[39m [36mimport[39m { useSort } [36mfrom[39m 
[32m"@/hooks/use-sort"[39m[33m;[39m
 [90m 18 |[39m [36mimport[39m [33mImage[39m 
[36mfrom[39m [32m"next/image"[39m[33m;[39m
 [90m 19 |[39m[0m

Import map: aliased to relative 
'./src/app/app/team-management/components/FilterModal' inside 
of [project]/


https://nextjs.org/docs/messages/module-not-found


./src/components/features/team-management/expense.tsx:16:1
Module not found: Can't resolve 
'@/app/app/team-management/components/FilterModal'
[0m [90m 14 |[39m [36mimport[39m { 
[33mSearchFilterBar[39m } [36mfrom[39m [32m"@/app/app/team
-management/components/SearchFilterBar"[39m[33m;[39m
 [90m 15 |[39m [36mimport[39m { [33mPagination[39m } 
[36mfrom[39m [32m"@/app/app/team-management/components/Pagin
ation"[39m[33m;[39m
[31m[1m>[22m[39m[90m 16 |[39m [36mimport[39m { 
[33mFilterModal[39m } [36mfrom[39m [32m"@/app/app/team-man
agement/components/FilterModal"[39m[33m;[39m
 [90m    |[39m [31m[1m^[22m[39m[31m[1m^[22m[39m[31m
[1m^[22m[39m[31m[1m^[22m[39m[31m[1m^[22m[39m[31m[1m
^[22m[39m[31m[1m^[22m[39m[31m[1m^[22m[39m[31m[1m^[
22m[39m[31m[1m^[22m[39m[31m[1m^[22m[39m[31m[1m^[22m
[39m[31m[1m^[22m[39m[31m[1m^[22m[39m[31m[1m^[22m[3
9m[31m[1m^[22m[39m[31m[1m^[22m[39m[31m[1m^[22m[39m
[31m[1m^[22m[39m[31m[1m^[22m[39m[31m[1m^[22m[39m[31
m[1m^[22m[39m[31m[1m^[22m[39m[31m[1m^[22m[39m[31m[
1m^[22m[39m[31m[1m^[22m[39m[31m[1m^[22m[39m[31m[1m^
[22m[39m[31m[1m^[22m[39m[31m[1m^[22m[39m[31m[1m^[2
2m[39m[31m[1m^[22m[39m[31m[1m^[22m[39m[31m[1m^[22m
[39m[31m[1m^[22m[39m[31m[1m^[22m[39m[31m[1m^[22m[39
m[31m[1m^[22m[39m[31m[1m^[22m[39m[31m[1m^[22m[39m[
31m[1m^[22m[39m[31m[1m^[22m[39m[31m[1m^[22m[39m[31m
[1m^[22m[39m[31m[1m^[22m[39m[31m[1m^[22m[39m[31m[1
m^[22m[39m[31m[1m^[22m[39m[31m[1m^[22m[39m[31m[1m^
[22m[39m[31m[1m^[22m[39m[31m[1m^[22m[39m[31m[1m^[22
m[39m[31m[1m^[22m[39m[31m[1m^[22m[39m[31m[1m^[22m[
39m[31m[1m^[22m[39m[31m[1m^[22m[39m[31m[1m^[22m[39m
[31m[1m^[22m[39m[31m[1m^[22m[39m[31m[1m^[22m[39m[3
1m[1m^[22m[39m[31m[1m^[22m[39m[31m[1m^[22m[39m[31m
[1m^[22m[39m[31m[1m^[22m[39m[31m[1m^[22m[39m[31m[1m
^[22m[39m[31m[1m^[22m[39m[31m[1m^[22m[39m[31m[1m^[
22m[39m[31m[1m^[22m[39m[31m[1m^[22m[39m[31m[1m^[22m
[39m[31m[1m^[22m[39m[31m[1m^[22m[39m[31m[1m^[22m[3
9m[31m[1m^[22m[39m
 [90m 17 |[39m [36mimport[39m { useSort } [36mfrom[39m 
[32m"@/hooks/use-sort"[39m[33m;[39m
 [90m 18 |[39m [36mimport[39m [33mImage[39m 
[36mfrom[39m [32m"next/image"[39m[33m;[39m
 [90m 19 |[39m[0m

Import map: aliased to relative 
'./src/app/app/team-management/components/FilterModal' inside 
of [project]/


https://nextjs.org/docs/messages/module-not-found


./src/components/features/team-management/milestone.tsx:16:1
Module not found: Can't resolve 
'@/app/app/team-management/components/FilterModal'
[0m [90m 14 |[39m [36mimport[39m { 
[33mSearchFilterBar[39m } [36mfrom[39m [32m"@/app/app/team
-management/components/SearchFilterBar"[39m[33m;[39m
 [90m 15 |[39m [36mimport[39m { [33mPagination[39m } 
[36mfrom[39m [32m"@/app/app/team-management/components/Pagin
ation"[39m[33m;[39m
[31m[1m>[22m[39m[90m 16 |[39m [36mimport[39m { 
[33mFilterModal[39m } [36mfrom[39m [32m"@/app/app/team-man
agement/components/FilterModal"[39m[33m;[39m
 [90m    |[39m [31m[1m^[22m[39m[31m[1m^[22m[39m[31m
[1m^[22m[39m[31m[1m^[22m[39m[31m[1m^[22m[39m[31m[1m
^[22m[39m[31m[1m^[22m[39m[31m[1m^[22m[39m[31m[1m^[
22m[39m[31m[1m^[22m[39m[31m[1m^[22m[39m[31m[1m^[22m
[39m[31m[1m^[22m[39m[31m[1m^[22m[39m[31m[1m^[22m[3
9m[31m[1m^[22m[39m[31m[1m^[22m[39m[31m[1m^[22m[39m
[31m[1m^[22m[39m[31m[1m^[22m[39m[31m[1m^[22m[39m[31
m[1m^[22m[39m[31m[1m^[22m[39m[31m[1m^[22m[39m[31m[
1m^[22m[39m[31m[1m^[22m[39m[31m[1m^[22m[39m[31m[1m^
[22m[39m[31m[1m^[22m[39m[31m[1m^[22m[39m[31m[1m^[2
2m[39m[31m[1m^[22m[39m[31m[1m^[22m[39m[31m[1m^[22m
[39m[31m[1m^[22m[39m[31m[1m^[22m[39m[31m[1m^[22m[39
m[31m[1m^[22m[39m[31m[1m^[22m[39m[31m[1m^[22m[39m[
31m[1m^[22m[39m[31m[1m^[22m[39m[31m[1m^[22m[39m[31m
[1m^[22m[39m[31m[1m^[22m[39m[31m[1m^[22m[39m[31m[1
m^[22m[39m[31m[1m^[22m[39m[31m[1m^[22m[39m[31m[1m^
[22m[39m[31m[1m^[22m[39m[31m[1m^[22m[39m[31m[1m^[22
m[39m[31m[1m^[22m[39m[31m[1m^[22m[39m[31m[1m^[22m[
39m[31m[1m^[22m[39m[31m[1m^[22m[39m[31m[1m^[22m[39m
[31m[1m^[22m[39m[31m[1m^[22m[39m[31m[1m^[22m[39m[3
1m[1m^[22m[39m[31m[1m^[22m[39m[31m[1m^[22m[39m[31m
[1m^[22m[39m[31m[1m^[22m[39m[31m[1m^[22m[39m[31m[1m
^[22m[39m[31m[1m^[22m[39m[31m[1m^[22m[39m[31m[1m^[
22m[39m[31m[1m^[22m[39m[31m[1m^[22m[39m[31m[1m^[22m
[39m[31m[1m^[22m[39m[31m[1m^[22m[39m[31m[1m^[22m[3
9m[31m[1m^[22m[39m
 [90m 17 |[39m [36mimport[39m { useSort } [36mfrom[39m 
[32m"@/hooks/use-sort"[39m[33m;[39m
 [90m 18 |[39m [36mimport[39m [33mImage[39m 
[36mfrom[39m [32m"next/image"[39m[33m;[39m
 [90m 19 |[39m[0m

Import map: aliased to relative 
'./src/app/app/team-management/components/FilterModal' inside 
of [project]/


https://nextjs.org/docs/messages/module-not-found


./src/components/features/team-management/milestone.tsx:16:1
Module not found: Can't resolve 
'@/app/app/team-management/components/FilterModal'
[0m [90m 14 |[39m [36mimport[39m { 
[33mSearchFilterBar[39m } [36mfrom[39m [32m"@/app/app/team
-management/components/SearchFilterBar"[39m[33m;[39m
 [90m 15 |[39m [36mimport[39m { [33mPagination[39m } 
[36mfrom[39m [32m"@/app/app/team-management/components/Pagin
ation"[39m[33m;[39m
[31m[1m>[22m[39m[90m 16 |[39m [36mimport[39m { 
[33mFilterModal[39m } [36mfrom[39m [32m"@/app/app/team-man
agement/components/FilterModal"[39m[33m;[39m
 [90m    |[39m [31m[1m^[22m[39m[31m[1m^[22m[39m[31m
[1m^[22m[39m[31m[1m^[22m[39m[31m[1m^[22m[39m[31m[1m
^[22m[39m[31m[1m^[22m[39m[31m[1m^[22m[39m[31m[1m^[
22m[39m[31m[1m^[22m[39m[31m[1m^[22m[39m[31m[1m^[22m
[39m[31m[1m^[22m[39m[31m[1m^[22m[39m[31m[1m^[22m[3
9m[31m[1m^[22m[39m[31m[1m^[22m[39m[31m[1m^[22m[39m
[31m[1m^[22m[39m[31m[1m^[22m[39m[31m[1m^[22m[39m[31
m[1m^[22m[39m[31m[1m^[22m[39m[31m[1m^[22m[39m[31m[
1m^[22m[39m[31m[1m^[22m[39m[31m[1m^[22m[39m[31m[1m^
[22m[39m[31m[1m^[22m[39m[31m[1m^[22m[39m[31m[1m^[2
2m[39m[31m[1m^[22m[39m[31m[1m^[22m[39m[31m[1m^[22m
[39m[31m[1m^[22m[39m[31m[1m^[22m[39m[31m[1m^[22m[39
m[31m[1m^[22m[39m[31m[1m^[22m[39m[31m[1m^[22m[39m[
31m[1m^[22m[39m[31m[1m^[22m[39m[31m[1m^[22m[39m[31m
[1m^[22m[39m[31m[1m^[22m[39m[31m[1m^[22m[39m[31m[1
m^[22m[39m[31m[1m^[22m[39m[31m[1m^[22m[39m[31m[1m^
[22m[39m[31m[1m^[22m[39m[31m[1m^[22m[39m[31m[1m^[22
m[39m[31m[1m^[22m[39m[31m[1m^[22m[39m[31m[1m^[22m[
39m[31m[1m^[22m[39m[31m[1m^[22m[39m[31m[1m^[22m[39m
[31m[1m^[22m[39m[31m[1m^[22m[39m[31m[1m^[22m[39m[3
1m[1m^[22m[39m[31m[1m^[22m[39m[31m[1m^[22m[39m[31m
[1m^[22m[39m[31m[1m^[22m[39m[31m[1m^[22m[39m[31m[1m
^[22m[39m[31m[1m^[22m[39m[31m[1m^[22m[39m[31m[1m^[
22m[39m[31m[1m^[22m[39m[31m[1m^[22m[39m[31m[1m^[22m
[39m[31m[1m^[22m[39m[31m[1m^[22m[39m[31m[1m^[22m[3
9m[31m[1m^[22m[39m
 [90m 17 |[39m [36mimport[39m { useSort } [36mfrom[39m 
[32m"@/hooks/use-sort"[39m[33m;[39m
 [90m 18 |[39m [36mimport[39m [33mImage[39m 
[36mfrom[39m [32m"next/image"[39m[33m;[39m
 [90m 19 |[39m[0m

Import map: aliased to relative 
'./src/app/app/team-management/components/FilterModal' inside 
of [project]/


https://nextjs.org/docs/messages/module-not-found


./src/components/features/team-management/milestone.tsx:16:1
Module not found: Can't resolve 
'@/app/app/team-management/components/FilterModal'
[0m [90m 14 |[39m [36mimport[39m { 
[33mSearchFilterBar[39m } [36mfrom[39m [32m"@/app/app/team
-management/components/SearchFilterBar"[39m[33m;[39m
 [90m 15 |[39m [36mimport[39m { [33mPagination[39m } 
[36mfrom[39m [32m"@/app/app/team-management/components/Pagin
ation"[39m[33m;[39m
[31m[1m>[22m[39m[90m 16 |[39m [36mimport[39m { 
[33mFilterModal[39m } [36mfrom[39m [32m"@/app/app/team-man
agement/components/FilterModal"[39m[33m;[39m
 [90m    |[39m [31m[1m^[22m[39m[31m[1m^[22m[39m[31m
[1m^[22m[39m[31m[1m^[22m[39m[31m[1m^[22m[39m[31m[1m
^[22m[39m[31m[1m^[22m[39m[31m[1m^[22m[39m[31m[1m^[
22m[39m[31m[1m^[22m[39m[31m[1m^[22m[39m[31m[1m^[22m
[39m[31m[1m^[22m[39m[31m[1m^[22m[39m[31m[1m^[22m[3
9m[31m[1m^[22m[39m[31m[1m^[22m[39m[31m[1m^[22m[39m
[31m[1m^[22m[39m[31m[1m^[22m[39m[31m[1m^[22m[39m[31
m[1m^[22m[39m[31m[1m^[22m[39m[31m[1m^[22m[39m[31m[
1m^[22m[39m[31m[1m^[22m[39m[31m[1m^[22m[39m[31m[1m^
[22m[39m[31m[1m^[22m[39m[31m[1m^[22m[39m[31m[1m^[2
2m[39m[31m[1m^[22m[39m[31m[1m^[22m[39m[31m[1m^[22m
[39m[31m[1m^[22m[39m[31m[1m^[22m[39m[31m[1m^[22m[39
m[31m[1m^[22m[39m[31m[1m^[22m[39m[31m[1m^[22m[39m[
31m[1m^[22m[39m[31m[1m^[22m[39m[31m[1m^[22m[39m[31m
[1m^[22m[39m[31m[1m^[22m[39m[31m[1m^[22m[39m[31m[1
m^[22m[39m[31m[1m^[22m[39m[31m[1m^[22m[39m[31m[1m^
[22m[39m[31m[1m^[22m[39m[31m[1m^[22m[39m[31m[1m^[22
m[39m[31m[1m^[22m[39m[31m[1m^[22m[39m[31m[1m^[22m[
39m[31m[1m^[22m[39m[31m[1m^[22m[39m[31m[1m^[22m[39m
[31m[1m^[22m[39m[31m[1m^[22m[39m[31m[1m^[22m[39m[3
1m[1m^[22m[39m[31m[1m^[22m[39m[31m[1m^[22m[39m[31m
[1m^[22m[39m[31m[1m^[22m[39m[31m[1m^[22m[39m[31m[1m
^[22m[39m[31m[1m^[22m[39m[31m[1m^[22m[39m[31m[1m^[
22m[39m[31m[1m^[22m[39m[31m[1m^[22m[39m[31m[1m^[22m
[39m[31m[1m^[22m[39m[31m[1m^[22m[39m[31m[1m^[22m[3
9m[31m[1m^[22m[39m
 [90m 17 |[39m [36mimport[39m { useSort } [36mfrom[39m 
[32m"@/hooks/use-sort"[39m[33m;[39m
 [90m 18 |[39m [36mimport[39m [33mImage[39m 
[36mfrom[39m [32m"next/image"[39m[33m;[39m
 [90m 19 |[39m[0m

Import map: aliased to relative 
'./src/app/app/team-management/components/FilterModal' inside 
of [project]/


https://nextjs.org/docs/messages/module-not-found


./src/components/features/team-management/milestone.tsx:16:1
Module not found: Can't resolve 
'@/app/app/team-management/components/FilterModal'
[0m [90m 14 |[39m [36mimport[39m { 
[33mSearchFilterBar[39m } [36mfrom[39m [32m"@/app/app/team
-management/components/SearchFilterBar"[39m[33m;[39m
 [90m 15 |[39m [36mimport[39m { [33mPagination[39m } 
[36mfrom[39m [32m"@/app/app/team-management/components/Pagin
ation"[39m[33m;[39m
[31m[1m>[22m[39m[90m 16 |[39m [36mimport[39m { 
[33mFilterModal[39m } [36mfrom[39m [32m"@/app/app/team-man
agement/components/FilterModal"[39m[33m;[39m
 [90m    |[39m [31m[1m^[22m[39m[31m[1m^[22m[39m[31m
[1m^[22m[39m[31m[1m^[22m[39m[31m[1m^[22m[39m[31m[1m
^[22m[39m[31m[1m^[22m[39m[31m[1m^[22m[39m[31m[1m^[
22m[39m[31m[1m^[22m[39m[31m[1m^[22m[39m[31m[1m^[22m
[39m[31m[1m^[22m[39m[31m[1m^[22m[39m[31m[1m^[22m[3
9m[31m[1m^[22m[39m[31m[1m^[22m[39m[31m[1m^[22m[39m
[31m[1m^[22m[39m[31m[1m^[22m[39m[31m[1m^[22m[39m[31
m[1m^[22m[39m[31m[1m^[22m[39m[31m[1m^[22m[39m[31m[
1m^[22m[39m[31m[1m^[22m[39m[31m[1m^[22m[39m[31m[1m^
[22m[39m[31m[1m^[22m[39m[31m[1m^[22m[39m[31m[1m^[2
2m[39m[31m[1m^[22m[39m[31m[1m^[22m[39m[31m[1m^[22m
[39m[31m[1m^[22m[39m[31m[1m^[22m[39m[31m[1m^[22m[39
m[31m[1m^[22m[39m[31m[1m^[22m[39m[31m[1m^[22m[39m[
31m[1m^[22m[39m[31m[1m^[22m[39m[31m[1m^[22m[39m[31m
[1m^[22m[39m[31m[1m^[22m[39m[31m[1m^[22m[39m[31m[1
m^[22m[39m[31m[1m^[22m[39m[31m[1m^[22m[39m[31m[1m^
[22m[39m[31m[1m^[22m[39m[31m[1m^[22m[39m[31m[1m^[22
m[39m[31m[1m^[22m[39m[31m[1m^[22m[39m[31m[1m^[22m[
39m[31m[1m^[22m[39m[31m[1m^[22m[39m[31m[1m^[22m[39m
[31m[1m^[22m[39m[31m[1m^[22m[39m[31m[1m^[22m[39m[3
1m[1m^[22m[39m[31m[1m^[22m[39m[31m[1m^[22m[39m[31m
[1m^[22m[39m[31m[1m^[22m[39m[31m[1m^[22m[39m[31m[1m
^[22m[39m[31m[1m^[22m[39m[31m[1m^[22m[39m[31m[1m^[
22m[39m[31m[1m^[22m[39m[31m[1m^[22m[39m[31m[1m^[22m
[39m[31m[1m^[22m[39m[31m[1m^[22m[39m[31m[1m^[22m[3
9m[31m[1m^[22m[39m
 [90m 17 |[39m [36mimport[39m { useSort } [36mfrom[39m 
[32m"@/hooks/use-sort"[39m[33m;[39m
 [90m 18 |[39m [36mimport[39m [33mImage[39m 
[36mfrom[39m [32m"next/image"[39m[33m;[39m
 [90m 19 |[39m[0m

Import map: aliased to relative 
'./src/app/app/team-management/components/FilterModal' inside 
of [project]/


https://nextjs.org/docs/messages/module-not-found


./src/components/features/team-management/time-tracking.tsx:16:
1
Module not found: Can't resolve 
'@/app/app/team-management/components/FilterModal'
[0m [90m 14 |[39m [36mimport[39m { 
[33mSearchFilterBar[39m } [36mfrom[39m [32m"@/app/app/team
-management/components/SearchFilterBar"[39m[33m;[39m
 [90m 15 |[39m [36mimport[39m { [33mPagination[39m } 
[36mfrom[39m [32m"@/app/app/team-management/components/Pagin
ation"[39m[33m;[39m
[31m[1m>[22m[39m[90m 16 |[39m [36mimport[39m { 
[33mFilterModal[39m } [36mfrom[39m [32m"@/app/app/team-man
agement/components/FilterModal"[39m[33m;[39m
 [90m    |[39m [31m[1m^[22m[39m[31m[1m^[22m[39m[31m
[1m^[22m[39m[31m[1m^[22m[39m[31m[1m^[22m[39m[31m[1m
^[22m[39m[31m[1m^[22m[39m[31m[1m^[22m[39m[31m[1m^[
22m[39m[31m[1m^[22m[39m[31m[1m^[22m[39m[31m[1m^[22m
[39m[31m[1m^[22m[39m[31m[1m^[22m[39m[31m[1m^[22m[3
9m[31m[1m^[22m[39m[31m[1m^[22m[39m[31m[1m^[22m[39m
[31m[1m^[22m[39m[31m[1m^[22m[39m[31m[1m^[22m[39m[31
m[1m^[22m[39m[31m[1m^[22m[39m[31m[1m^[22m[39m[31m[
1m^[22m[39m[31m[1m^[22m[39m[31m[1m^[22m[39m[31m[1m^
[22m[39m[31m[1m^[22m[39m[31m[1m^[22m[39m[31m[1m^[2
2m[39m[31m[1m^[22m[39m[31m[1m^[22m[39m[31m[1m^[22m
[39m[31m[1m^[22m[39m[31m[1m^[22m[39m[31m[1m^[22m[39
m[31m[1m^[22m[39m[31m[1m^[22m[39m[31m[1m^[22m[39m[
31m[1m^[22m[39m[31m[1m^[22m[39m[31m[1m^[22m[39m[31m
[1m^[22m[39m[31m[1m^[22m[39m[31m[1m^[22m[39m[31m[1
m^[22m[39m[31m[1m^[22m[39m[31m[1m^[22m[39m[31m[1m^
[22m[39m[31m[1m^[22m[39m[31m[1m^[22m[39m[31m[1m^[22
m[39m[31m[1m^[22m[39m[31m[1m^[22m[39m[31m[1m^[22m[
39m[31m[1m^[22m[39m[31m[1m^[22m[39m[31m[1m^[22m[39m
[31m[1m^[22m[39m[31m[1m^[22m[39m[31m[1m^[22m[39m[3
1m[1m^[22m[39m[31m[1m^[22m[39m[31m[1m^[22m[39m[31m
[1m^[22m[39m[31m[1m^[22m[39m[31m[1m^[22m[39m[31m[1m
^[22m[39m[31m[1m^[22m[39m[31m[1m^[22m[39m[31m[1m^[
22m[39m[31m[1m^[22m[39m[31m[1m^[22m[39m[31m[1m^[22m
[39m[31m[1m^[22m[39m[31m[1m^[22m[39m[31m[1m^[22m[3
9m[31m[1m^[22m[39m
 [90m 17 |[39m [36mimport[39m { useSort } [36mfrom[39m 
[32m"@/hooks/use-sort"[39m[33m;[39m
 [90m 18 |[39m [36mimport[39m [33mImage[39m 
[36mfrom[39m [32m"next/image"[39m[33m;[39m
 [90m 19 |[39m[0m

Import map: aliased to relative 
'./src/app/app/team-management/components/FilterModal' inside 
of [project]/


https://nextjs.org/docs/messages/module-not-found


./src/components/features/team-management/time-tracking.tsx:16:
1
Module not found: Can't resolve 
'@/app/app/team-management/components/FilterModal'
[0m [90m 14 |[39m [36mimport[39m { 
[33mSearchFilterBar[39m } [36mfrom[39m [32m"@/app/app/team
-management/components/SearchFilterBar"[39m[33m;[39m
 [90m 15 |[39m [36mimport[39m { [33mPagination[39m } 
[36mfrom[39m [32m"@/app/app/team-management/components/Pagin
ation"[39m[33m;[39m
[31m[1m>[22m[39m[90m 16 |[39m [36mimport[39m { 
[33mFilterModal[39m } [36mfrom[39m [32m"@/app/app/team-man
agement/components/FilterModal"[39m[33m;[39m
 [90m    |[39m [31m[1m^[22m[39m[31m[1m^[22m[39m[31m
[1m^[22m[39m[31m[1m^[22m[39m[31m[1m^[22m[39m[31m[1m
^[22m[39m[31m[1m^[22m[39m[31m[1m^[22m[39m[31m[1m^[
22m[39m[31m[1m^[22m[39m[31m[1m^[22m[39m[31m[1m^[22m
[39m[31m[1m^[22m[39m[31m[1m^[22m[39m[31m[1m^[22m[3
9m[31m[1m^[22m[39m[31m[1m^[22m[39m[31m[1m^[22m[39m
[31m[1m^[22m[39m[31m[1m^[22m[39m[31m[1m^[22m[39m[31
m[1m^[22m[39m[31m[1m^[22m[39m[31m[1m^[22m[39m[31m[
1m^[22m[39m[31m[1m^[22m[39m[31m[1m^[22m[39m[31m[1m^
[22m[39m[31m[1m^[22m[39m[31m[1m^[22m[39m[31m[1m^[2
2m[39m[31m[1m^[22m[39m[31m[1m^[22m[39m[31m[1m^[22m
[39m[31m[1m^[22m[39m[31m[1m^[22m[39m[31m[1m^[22m[39
m[31m[1m^[22m[39m[31m[1m^[22m[39m[31m[1m^[22m[39m[
31m[1m^[22m[39m[31m[1m^[22m[39m[31m[1m^[22m[39m[31m
[1m^[22m[39m[31m[1m^[22m[39m[31m[1m^[22m[39m[31m[1
m^[22m[39m[31m[1m^[22m[39m[31m[1m^[22m[39m[31m[1m^
[22m[39m[31m[1m^[22m[39m[31m[1m^[22m[39m[31m[1m^[22
m[39m[31m[1m^[22m[39m[31m[1m^[22m[39m[31m[1m^[22m[
39m[31m[1m^[22m[39m[31m[1m^[22m[39m[31m[1m^[22m[39m
[31m[1m^[22m[39m[31m[1m^[22m[39m[31m[1m^[22m[39m[3
1m[1m^[22m[39m[31m[1m^[22m[39m[31m[1m^[22m[39m[31m
[1m^[22m[39m[31m[1m^[22m[39m[31m[1m^[22m[39m[31m[1m
^[22m[39m[31m[1m^[22m[39m[31m[1m^[22m[39m[31m[1m^[
22m[39m[31m[1m^[22m[39m[31m[1m^[22m[39m[31m[1m^[22m
[39m[31m[1m^[22m[39m[31m[1m^[22m[39m[31m[1m^[22m[3
9m[31m[1m^[22m[39m
 [90m 17 |[39m [36mimport[39m { useSort } [36mfrom[39m 
[32m"@/hooks/use-sort"[39m[33m;[39m
 [90m 18 |[39m [36mimport[39m [33mImage[39m 
[36mfrom[39m [32m"next/image"[39m[33m;[39m
 [90m 19 |[39m[0m

Import map: aliased to relative 
'./src/app/app/team-management/components/FilterModal' inside 
of [project]/


https://nextjs.org/docs/messages/module-not-found


./src/components/features/team-management/time-tracking.tsx:16:
1
Module not found: Can't resolve 
'@/app/app/team-management/components/FilterModal'
[0m [90m 14 |[39m [36mimport[39m { 
[33mSearchFilterBar[39m } [36mfrom[39m [32m"@/app/app/team
-management/components/SearchFilterBar"[39m[33m;[39m
 [90m 15 |[39m [36mimport[39m { [33mPagination[39m } 
[36mfrom[39m [32m"@/app/app/team-management/components/Pagin
ation"[39m[33m;[39m
[31m[1m>[22m[39m[90m 16 |[39m [36mimport[39m { 
[33mFilterModal[39m } [36mfrom[39m [32m"@/app/app/team-man
agement/components/FilterModal"[39m[33m;[39m
 [90m    |[39m [31m[1m^[22m[39m[31m[1m^[22m[39m[31m
[1m^[22m[39m[31m[1m^[22m[39m[31m[1m^[22m[39m[31m[1m
^[22m[39m[31m[1m^[22m[39m[31m[1m^[22m[39m[31m[1m^[
22m[39m[31m[1m^[22m[39m[31m[1m^[22m[39m[31m[1m^[22m
[39m[31m[1m^[22m[39m[31m[1m^[22m[39m[31m[1m^[22m[3
9m[31m[1m^[22m[39m[31m[1m^[22m[39m[31m[1m^[22m[39m
[31m[1m^[22m[39m[31m[1m^[22m[39m[31m[1m^[22m[39m[31
m[1m^[22m[39m[31m[1m^[22m[39m[31m[1m^[22m[39m[31m[
1m^[22m[39m[31m[1m^[22m[39m[31m[1m^[22m[39m[31m[1m^
[22m[39m[31m[1m^[22m[39m[31m[1m^[22m[39m[31m[1m^[2
2m[39m[31m[1m^[22m[39m[31m[1m^[22m[39m[31m[1m^[22m
[39m[31m[1m^[22m[39m[31m[1m^[22m[39m[31m[1m^[22m[39
m[31m[1m^[22m[39m[31m[1m^[22m[39m[31m[1m^[22m[39m[
31m[1m^[22m[39m[31m[1m^[22m[39m[31m[1m^[22m[39m[31m
[1m^[22m[39m[31m[1m^[22m[39m[31m[1m^[22m[39m[31m[1
m^[22m[39m[31m[1m^[22m[39m[31m[1m^[22m[39m[31m[1m^
[22m[39m[31m[1m^[22m[39m[31m[1m^[22m[39m[31m[1m^[22
m[39m[31m[1m^[22m[39m[31m[1m^[22m[39m[31m[1m^[22m[
39m[31m[1m^[22m[39m[31m[1m^[22m[39m[31m[1m^[22m[39m
[31m[1m^[22m[39m[31m[1m^[22m[39m[31m[1m^[22m[39m[3
1m[1m^[22m[39m[31m[1m^[22m[39m[31m[1m^[22m[39m[31m
[1m^[22m[39m[31m[1m^[22m[39m[31m[1m^[22m[39m[31m[1m
^[22m[39m[31m[1m^[22m[39m[31m[1m^[22m[39m[31m[1m^[
22m[39m[31m[1m^[22m[39m[31m[1m^[22m[39m[31m[1m^[22m
[39m[31m[1m^[22m[39m[31m[1m^[22m[39m[31m[1m^[22m[3
9m[31m[1m^[22m[39m
 [90m 17 |[39m [36mimport[39m { useSort } [36mfrom[39m 
[32m"@/hooks/use-sort"[39m[33m;[39m
 [90m 18 |[39m [36mimport[39m [33mImage[39m 
[36mfrom[39m [32m"next/image"[39m[33m;[39m
 [90m 19 |[39m[0m

Import map: aliased to relative 
'./src/app/app/team-management/components/FilterModal' inside 
of [project]/


https://nextjs.org/docs/messages/module-not-found


./src/components/features/team-management/time-tracking.tsx:16:
1
Module not found: Can't resolve 
'@/app/app/team-management/components/FilterModal'
[0m [90m 14 |[39m [36mimport[39m { 
[33mSearchFilterBar[39m } [36mfrom[39m [32m"@/app/app/team
-management/components/SearchFilterBar"[39m[33m;[39m
 [90m 15 |[39m [36mimport[39m { [33mPagination[39m } 
[36mfrom[39m [32m"@/app/app/team-management/components/Pagin
ation"[39m[33m;[39m
[31m[1m>[22m[39m[90m 16 |[39m [36mimport[39m { 
[33mFilterModal[39m } [36mfrom[39m [32m"@/app/app/team-man
agement/components/FilterModal"[39m[33m;[39m
 [90m    |[39m [31m[1m^[22m[39m[31m[1m^[22m[39m[31m
[1m^[22m[39m[31m[1m^[22m[39m[31m[1m^[22m[39m[31m[1m
^[22m[39m[31m[1m^[22m[39m[31m[1m^[22m[39m[31m[1m^[
22m[39m[31m[1m^[22m[39m[31m[1m^[22m[39m[31m[1m^[22m
[39m[31m[1m^[22m[39m[31m[1m^[22m[39m[31m[1m^[22m[3
9m[31m[1m^[22m[39m[31m[1m^[22m[39m[31m[1m^[22m[39m
[31m[1m^[22m[39m[31m[1m^[22m[39m[31m[1m^[22m[39m[31
m[1m^[22m[39m[31m[1m^[22m[39m[31m[1m^[22m[39m[31m[
1m^[22m[39m[31m[1m^[22m[39m[31m[1m^[22m[39m[31m[1m^
[22m[39m[31m[1m^[22m[39m[31m[1m^[22m[39m[31m[1m^[2
2m[39m[31m[1m^[22m[39m[31m[1m^[22m[39m[31m[1m^[22m
[39m[31m[1m^[22m[39m[31m[1m^[22m[39m[31m[1m^[22m[39
m[31m[1m^[22m[39m[31m[1m^[22m[39m[31m[1m^[22m[39m[
31m[1m^[22m[39m[31m[1m^[22m[39m[31m[1m^[22m[39m[31m
[1m^[22m[39m[31m[1m^[22m[39m[31m[1m^[22m[39m[31m[1
m^[22m[39m[31m[1m^[22m[39m[31m[1m^[22m[39m[31m[1m^
[22m[39m[31m[1m^[22m[39m[31m[1m^[22m[39m[31m[1m^[22
m[39m[31m[1m^[22m[39m[31m[1m^[22m[39m[31m[1m^[22m[
39m[31m[1m^[22m[39m[31m[1m^[22m[39m[31m[1m^[22m[39m
[31m[1m^[22m[39m[31m[1m^[22m[39m[31m[1m^[22m[39m[3
1m[1m^[22m[39m[31m[1m^[22m[39m[31m[1m^[22m[39m[31m
[1m^[22m[39m[31m[1m^[22m[39m[31m[1m^[22m[39m[31m[1m
^[22m[39m[31m[1m^[22m[39m[31m[1m^[22m[39m[31m[1m^[
22m[39m[31m[1m^[22m[39m[31m[1m^[22m[39m[31m[1m^[22m
[39m[31m[1m^[22m[39m[31m[1m^[22m[39m[31m[1m^[22m[3
9m[31m[1m^[22m[39m
 [90m 17 |[39m [36mimport[39m { useSort } [36mfrom[39m 
[32m"@/hooks/use-sort"[39m[33m;[39m
 [90m 18 |[39m [36mimport[39m [33mImage[39m 
[36mfrom[39m [32m"next/image"[39m[33m;[39m
 [90m 19 |[39m[0m

Import map: aliased to relative 
'./src/app/app/team-management/components/FilterModal' inside 
of [project]/


https://nextjs.org/docs/messages/module-not-found


./src/components/features/team-management/timeoff.tsx:15:1
Module not found: Can't resolve 
'@/app/app/team-management/components/FilterModal'
[0m [90m 13 |[39m [36mimport[39m { 
[33mSearchFilterBar[39m } [36mfrom[39m [32m"@/app/app/team
-management/components/SearchFilterBar"[39m[33m;[39m
 [90m 14 |[39m [36mimport[39m { [33mPagination[39m } 
[36mfrom[39m [32m"@/app/app/team-management/components/Pagin
ation"[39m[33m;[39m
[31m[1m>[22m[39m[90m 15 |[39m [36mimport[39m { 
[33mFilterModal[39m } [36mfrom[39m [32m"@/app/app/team-man
agement/components/FilterModal"[39m[33m;[39m
 [90m    |[39m [31m[1m^[22m[39m[31m[1m^[22m[39m[31m
[1m^[22m[39m[31m[1m^[22m[39m[31m[1m^[22m[39m[31m[1m
^[22m[39m[31m[1m^[22m[39m[31m[1m^[22m[39m[31m[1m^[
22m[39m[31m[1m^[22m[39m[31m[1m^[22m[39m[31m[1m^[22m
[39m[31m[1m^[22m[39m[31m[1m^[22m[39m[31m[1m^[22m[3
9m[31m[1m^[22m[39m[31m[1m^[22m[39m[31m[1m^[22m[39m
[31m[1m^[22m[39m[31m[1m^[22m[39m[31m[1m^[22m[39m[31
m[1m^[22m[39m[31m[1m^[22m[39m[31m[1m^[22m[39m[31m[
1m^[22m[39m[31m[1m^[22m[39m[31m[1m^[22m[39m[31m[1m^
[22m[39m[31m[1m^[22m[39m[31m[1m^[22m[39m[31m[1m^[2
2m[39m[31m[1m^[22m[39m[31m[1m^[22m[39m[31m[1m^[22m
[39m[31m[1m^[22m[39m[31m[1m^[22m[39m[31m[1m^[22m[39
m[31m[1m^[22m[39m[31m[1m^[22m[39m[31m[1m^[22m[39m[
31m[1m^[22m[39m[31m[1m^[22m[39m[31m[1m^[22m[39m[31m
[1m^[22m[39m[31m[1m^[22m[39m[31m[1m^[22m[39m[31m[1
m^[22m[39m[31m[1m^[22m[39m[31m[1m^[22m[39m[31m[1m^
[22m[39m[31m[1m^[22m[39m[31m[1m^[22m[39m[31m[1m^[22
m[39m[31m[1m^[22m[39m[31m[1m^[22m[39m[31m[1m^[22m[
39m[31m[1m^[22m[39m[31m[1m^[22m[39m[31m[1m^[22m[39m
[31m[1m^[22m[39m[31m[1m^[22m[39m[31m[1m^[22m[39m[3
1m[1m^[22m[39m[31m[1m^[22m[39m[31m[1m^[22m[39m[31m
[1m^[22m[39m[31m[1m^[22m[39m[31m[1m^[22m[39m[31m[1m
^[22m[39m[31m[1m^[22m[39m[31m[1m^[22m[39m[31m[1m^[
22m[39m[31m[1m^[22m[39m[31m[1m^[22m[39m[31m[1m^[22m
[39m[31m[1m^[22m[39m[31m[1m^[22m[39m[31m[1m^[22m[3
9m[31m[1m^[22m[39m
 [90m 16 |[39m [36mimport[39m { useSort } [36mfrom[39m 
[32m"@/hooks/use-sort"[39m[33m;[39m
 [90m 17 |[39m [36mimport[39m [33mImage[39m 
[36mfrom[39m [32m"next/image"[39m[33m;[39m
 [90m 18 |[39m[0m

Import map: aliased to relative 
'./src/app/app/team-management/components/FilterModal' inside 
of [project]/


https://nextjs.org/docs/messages/module-not-found


./src/components/features/team-management/timeoff.tsx:15:1
Module not found: Can't resolve 
'@/app/app/team-management/components/FilterModal'
[0m [90m 13 |[39m [36mimport[39m { 
[33mSearchFilterBar[39m } [36mfrom[39m [32m"@/app/app/team
-management/components/SearchFilterBar"[39m[33m;[39m
 [90m 14 |[39m [36mimport[39m { [33mPagination[39m } 
[36mfrom[39m [32m"@/app/app/team-management/components/Pagin
ation"[39m[33m;[39m
[31m[1m>[22m[39m[90m 15 |[39m [36mimport[39m { 
[33mFilterModal[39m } [36mfrom[39m [32m"@/app/app/team-man
agement/components/FilterModal"[39m[33m;[39m
 [90m    |[39m [31m[1m^[22m[39m[31m[1m^[22m[39m[31m
[1m^[22m[39m[31m[1m^[22m[39m[31m[1m^[22m[39m[31m[1m
^[22m[39m[31m[1m^[22m[39m[31m[1m^[22m[39m[31m[1m^[
22m[39m[31m[1m^[22m[39m[31m[1m^[22m[39m[31m[1m^[22m
[39m[31m[1m^[22m[39m[31m[1m^[22m[39m[31m[1m^[22m[3
9m[31m[1m^[22m[39m[31m[1m^[22m[39m[31m[1m^[22m[39m
[31m[1m^[22m[39m[31m[1m^[22m[39m[31m[1m^[22m[39m[31
m[1m^[22m[39m[31m[1m^[22m[39m[31m[1m^[22m[39m[31m[
1m^[22m[39m[31m[1m^[22m[39m[31m[1m^[22m[39m[31m[1m^
[22m[39m[31m[1m^[22m[39m[31m[1m^[22m[39m[31m[1m^[2
2m[39m[31m[1m^[22m[39m[31m[1m^[22m[39m[31m[1m^[22m
[39m[31m[1m^[22m[39m[31m[1m^[22m[39m[31m[1m^[22m[39
m[31m[1m^[22m[39m[31m[1m^[22m[39m[31m[1m^[22m[39m[
31m[1m^[22m[39m[31m[1m^[22m[39m[31m[1m^[22m[39m[31m
[1m^[22m[39m[31m[1m^[22m[39m[31m[1m^[22m[39m[31m[1
m^[22m[39m[31m[1m^[22m[39m[31m[1m^[22m[39m[31m[1m^
[22m[39m[31m[1m^[22m[39m[31m[1m^[22m[39m[31m[1m^[22
m[39m[31m[1m^[22m[39m[31m[1m^[22m[39m[31m[1m^[22m[
39m[31m[1m^[22m[39m[31m[1m^[22m[39m[31m[1m^[22m[39m
[31m[1m^[22m[39m[31m[1m^[22m[39m[31m[1m^[22m[39m[3
1m[1m^[22m[39m[31m[1m^[22m[39m[31m[1m^[22m[39m[31m
[1m^[22m[39m[31m[1m^[22m[39m[31m[1m^[22m[39m[31m[1m
^[22m[39m[31m[1m^[22m[39m[31m[1m^[22m[39m[31m[1m^[
22m[39m[31m[1m^[22m[39m[31m[1m^[22m[39m[31m[1m^[22m
[39m[31m[1m^[22m[39m[31m[1m^[22m[39m[31m[1m^[22m[3
9m[31m[1m^[22m[39m
 [90m 16 |[39m [36mimport[39m { useSort } [36mfrom[39m 
[32m"@/hooks/use-sort"[39m[33m;[39m
 [90m 17 |[39m [36mimport[39m [33mImage[39m 
[36mfrom[39m [32m"next/image"[39m[33m;[39m
 [90m 18 |[39m[0m

Import map: aliased to relative 
'./src/app/app/team-management/components/FilterModal' inside 
of [project]/


https://nextjs.org/docs/messages/module-not-found


./src/components/features/team-management/timeoff.tsx:15:1
Module not found: Can't resolve 
'@/app/app/team-management/components/FilterModal'
[0m [90m 13 |[39m [36mimport[39m { 
[33mSearchFilterBar[39m } [36mfrom[39m [32m"@/app/app/team
-management/components/SearchFilterBar"[39m[33m;[39m
 [90m 14 |[39m [36mimport[39m { [33mPagination[39m } 
[36mfrom[39m [32m"@/app/app/team-management/components/Pagin
ation"[39m[33m;[39m
[31m[1m>[22m[39m[90m 15 |[39m [36mimport[39m { 
[33mFilterModal[39m } [36mfrom[39m [32m"@/app/app/team-man
agement/components/FilterModal"[39m[33m;[39m
 [90m    |[39m [31m[1m^[22m[39m[31m[1m^[22m[39m[31m
[1m^[22m[39m[31m[1m^[22m[39m[31m[1m^[22m[39m[31m[1m
^[22m[39m[31m[1m^[22m[39m[31m[1m^[22m[39m[31m[1m^[
22m[39m[31m[1m^[22m[39m[31m[1m^[22m[39m[31m[1m^[22m
[39m[31m[1m^[22m[39m[31m[1m^[22m[39m[31m[1m^[22m[3
9m[31m[1m^[22m[39m[31m[1m^[22m[39m[31m[1m^[22m[39m
[31m[1m^[22m[39m[31m[1m^[22m[39m[31m[1m^[22m[39m[31
m[1m^[22m[39m[31m[1m^[22m[39m[31m[1m^[22m[39m[31m[
1m^[22m[39m[31m[1m^[22m[39m[31m[1m^[22m[39m[31m[1m^
[22m[39m[31m[1m^[22m[39m[31m[1m^[22m[39m[31m[1m^[2
2m[39m[31m[1m^[22m[39m[31m[1m^[22m[39m[31m[1m^[22m
[39m[31m[1m^[22m[39m[31m[1m^[22m[39m[31m[1m^[22m[39
m[31m[1m^[22m[39m[31m[1m^[22m[39m[31m[1m^[22m[39m[
31m[1m^[22m[39m[31m[1m^[22m[39m[31m[1m^[22m[39m[31m
[1m^[22m[39m[31m[1m^[22m[39m[31m[1m^[22m[39m[31m[1
m^[22m[39m[31m[1m^[22m[39m[31m[1m^[22m[39m[31m[1m^
[22m[39m[31m[1m^[22m[39m[31m[1m^[22m[39m[31m[1m^[22
m[39m[31m[1m^[22m[39m[31m[1m^[22m[39m[31m[1m^[22m[
39m[31m[1m^[22m[39m[31m[1m^[22m[39m[31m[1m^[22m[39m
[31m[1m^[22m[39m[31m[1m^[22m[39m[31m[1m^[22m[39m[3
1m[1m^[22m[39m[31m[1m^[22m[39m[31m[1m^[22m[39m[31m
[1m^[22m[39m[31m[1m^[22m[39m[31m[1m^[22m[39m[31m[1m
^[22m[39m[31m[1m^[22m[39m[31m[1m^[22m[39m[31m[1m^[
22m[39m[31m[1m^[22m[39m[31m[1m^[22m[39m[31m[1m^[22m
[39m[31m[1m^[22m[39m[31m[1m^[22m[39m[31m[1m^[22m[3
9m[31m[1m^[22m[39m
 [90m 16 |[39m [36mimport[39m { useSort } [36mfrom[39m 
[32m"@/hooks/use-sort"[39m[33m;[39m
 [90m 17 |[39m [36mimport[39m [33mImage[39m 
[36mfrom[39m [32m"next/image"[39m[33m;[39m
 [90m 18 |[39m[0m

Import map: aliased to relative 
'./src/app/app/team-management/components/FilterModal' inside 
of [project]/


https://nextjs.org/docs/messages/module-not-found


./src/components/features/team-management/timeoff.tsx:15:1
Module not found: Can't resolve 
'@/app/app/team-management/components/FilterModal'
[0m [90m 13 |[39m [36mimport[39m { 
[33mSearchFilterBar[39m } [36mfrom[39m [32m"@/app/app/team
-management/components/SearchFilterBar"[39m[33m;[39m
 [90m 14 |[39m [36mimport[39m { [33mPagination[39m } 
[36mfrom[39m [32m"@/app/app/team-management/components/Pagin
ation"[39m[33m;[39m
[31m[1m>[22m[39m[90m 15 |[39m [36mimport[39m { 
[33mFilterModal[39m } [36mfrom[39m [32m"@/app/app/team-man
agement/components/FilterModal"[39m[33m;[39m
 [90m    |[39m [31m[1m^[22m[39m[31m[1m^[22m[39m[31m
[1m^[22m[39m[31m[1m^[22m[39m[31m[1m^[22m[39m[31m[1m
^[22m[39m[31m[1m^[22m[39m[31m[1m^[22m[39m[31m[1m^[
22m[39m[31m[1m^[22m[39m[31m[1m^[22m[39m[31m[1m^[22m
[39m[31m[1m^[22m[39m[31m[1m^[22m[39m[31m[1m^[22m[3
9m[31m[1m^[22m[39m[31m[1m^[22m[39m[31m[1m^[22m[39m
[31m[1m^[22m[39m[31m[1m^[22m[39m[31m[1m^[22m[39m[31
m[1m^[22m[39m[31m[1m^[22m[39m[31m[1m^[22m[39m[31m[
1m^[22m[39m[31m[1m^[22m[39m[31m[1m^[22m[39m[31m[1m^
[22m[39m[31m[1m^[22m[39m[31m[1m^[22m[39m[31m[1m^[2
2m[39m[31m[1m^[22m[39m[31m[1m^[22m[39m[31m[1m^[22m
[39m[31m[1m^[22m[39m[31m[1m^[22m[39m[31m[1m^[22m[39
m[31m[1m^[22m[39m[31m[1m^[22m[39m[31m[1m^[22m[39m[
31m[1m^[22m[39m[31m[1m^[22m[39m[31m[1m^[22m[39m[31m
[1m^[22m[39m[31m[1m^[22m[39m[31m[1m^[22m[39m[31m[1
m^[22m[39m[31m[1m^[22m[39m[31m[1m^[22m[39m[31m[1m^
[22m[39m[31m[1m^[22m[39m[31m[1m^[22m[39m[31m[1m^[22
m[39m[31m[1m^[22m[39m[31m[1m^[22m[39m[31m[1m^[22m[
39m[31m[1m^[22m[39m[31m[1m^[22m[39m[31m[1m^[22m[39m
[31m[1m^[22m[39m[31m[1m^[22m[39m[31m[1m^[22m[39m[3
1m[1m^[22m[39m[31m[1m^[22m[39m[31m[1m^[22m[39m[31m
[1m^[22m[39m[31m[1m^[22m[39m[31m[1m^[22m[39m[31m[1m
^[22m[39m[31m[1m^[22m[39m[31m[1m^[22m[39m[31m[1m^[
22m[39m[31m[1m^[22m[39m[31m[1m^[22m[39m[31m[1m^[22m
[39m[31m[1m^[22m[39m[31m[1m^[22m[39m[31m[1m^[22m[3
9m[31m[1m^[22m[39m
 [90m 16 |[39m [36mimport[39m { useSort } [36mfrom[39m 
[32m"@/hooks/use-sort"[39m[33m;[39m
 [90m 17 |[39m [36mimport[39m [33mImage[39m 
[36mfrom[39m [32m"next/image"[39m[33m;[39m
 [90m 18 |[39m[0m

Import map: aliased to relative 
'./src/app/app/team-management/components/FilterModal' inside 
of [project]/


https://nextjs.org/docs/messages/module-not-found


./src/components/features/team-management/employees.tsx:7:1
Module not found: Can't resolve 
'@/app/app/team-management/components/Pagination'
[0m [90m  5 |[39m [36mimport[39m { 
[33mSearchFilterBar[39m } [36mfrom[39m [32m"@/app/app/team
-management/components/SearchFilterBar"[39m[33m;[39m
 [90m  6 |[39m [36mimport[39m { [33mTeamEmptyState[39m } 
[36mfrom[39m [32m"@/app/app/team-management/components/TeamE
mptyState"[39m[33m;[39m
[31m[1m>[22m[39m[90m  7 |[39m [36mimport[39m { 
[33mPagination[39m } [36mfrom[39m [32m"@/app/app/team-mana
gement/components/Pagination"[39m[33m;[39m
 [90m    |[39m [31m[1m^[22m[39m[31m[1m^[22m[39m[31m
[1m^[22m[39m[31m[1m^[22m[39m[31m[1m^[22m[39m[31m[1m
^[22m[39m[31m[1m^[22m[39m[31m[1m^[22m[39m[31m[1m^[
22m[39m[31m[1m^[22m[39m[31m[1m^[22m[39m[31m[1m^[22m
[39m[31m[1m^[22m[39m[31m[1m^[22m[39m[31m[1m^[22m[3
9m[31m[1m^[22m[39m[31m[1m^[22m[39m[31m[1m^[22m[39m
[31m[1m^[22m[39m[31m[1m^[22m[39m[31m[1m^[22m[39m[31
m[1m^[22m[39m[31m[1m^[22m[39m[31m[1m^[22m[39m[31m[
1m^[22m[39m[31m[1m^[22m[39m[31m[1m^[22m[39m[31m[1m^
[22m[39m[31m[1m^[22m[39m[31m[1m^[22m[39m[31m[1m^[2
2m[39m[31m[1m^[22m[39m[31m[1m^[22m[39m[31m[1m^[22m
[39m[31m[1m^[22m[39m[31m[1m^[22m[39m[31m[1m^[22m[39
m[31m[1m^[22m[39m[31m[1m^[22m[39m[31m[1m^[22m[39m[
31m[1m^[22m[39m[31m[1m^[22m[39m[31m[1m^[22m[39m[31m
[1m^[22m[39m[31m[1m^[22m[39m[31m[1m^[22m[39m[31m[1
m^[22m[39m[31m[1m^[22m[39m[31m[1m^[22m[39m[31m[1m^
[22m[39m[31m[1m^[22m[39m[31m[1m^[22m[39m[31m[1m^[22
m[39m[31m[1m^[22m[39m[31m[1m^[22m[39m[31m[1m^[22m[
39m[31m[1m^[22m[39m[31m[1m^[22m[39m[31m[1m^[22m[39m
[31m[1m^[22m[39m[31m[1m^[22m[39m[31m[1m^[22m[39m[3
1m[1m^[22m[39m[31m[1m^[22m[39m[31m[1m^[22m[39m[31m
[1m^[22m[39m[31m[1m^[22m[39m[31m[1m^[22m[39m[31m[1m
^[22m[39m[31m[1m^[22m[39m[31m[1m^[22m[39m[31m[1m^[
22m[39m[31m[1m^[22m[39m[31m[1m^[22m[39m[31m[1m^[22m
[39m[31m[1m^[22m[39m[31m[1m^[22m[39m
 [90m  8 |[39m [36mimport[39m { [33mFilterModal[39m } 
[36mfrom[39m [32m"@/app/app/team-management/components/Filte
rModal"[39m[33m;[39m
 [90m  9 |[39m [36mimport[39m { [33mStatsBar[39m } 
[36mfrom[39m [32m"@/app/app/team-management/components/Stats
Bar"[39m[33m;[39m
 [90m 10 |[39m [36mimport[39m { [33mEmployeeList[39m } 
[36mfrom[39m [32m"@/app/app/team-management/components/Emplo
yeeList"[39m[33m;[39m[0m

Import map: aliased to relative 
'./src/app/app/team-management/components/Pagination' inside 
of [project]/


https://nextjs.org/docs/messages/module-not-found


./src/components/features/team-management/employees.tsx:7:1
Module not found: Can't resolve 
'@/app/app/team-management/components/Pagination'
[0m [90m  5 |[39m [36mimport[39m { 
[33mSearchFilterBar[39m } [36mfrom[39m [32m"@/app/app/team
-management/components/SearchFilterBar"[39m[33m;[39m
 [90m  6 |[39m [36mimport[39m { [33mTeamEmptyState[39m } 
[36mfrom[39m [32m"@/app/app/team-management/components/TeamE
mptyState"[39m[33m;[39m
[31m[1m>[22m[39m[90m  7 |[39m [36mimport[39m { 
[33mPagination[39m } [36mfrom[39m [32m"@/app/app/team-mana
gement/components/Pagination"[39m[33m;[39m
 [90m    |[39m [31m[1m^[22m[39m[31m[1m^[22m[39m[31m
[1m^[22m[39m[31m[1m^[22m[39m[31m[1m^[22m[39m[31m[1m
^[22m[39m[31m[1m^[22m[39m[31m[1m^[22m[39m[31m[1m^[
22m[39m[31m[1m^[22m[39m[31m[1m^[22m[39m[31m[1m^[22m
[39m[31m[1m^[22m[39m[31m[1m^[22m[39m[31m[1m^[22m[3
9m[31m[1m^[22m[39m[31m[1m^[22m[39m[31m[1m^[22m[39m
[31m[1m^[22m[39m[31m[1m^[22m[39m[31m[1m^[22m[39m[31
m[1m^[22m[39m[31m[1m^[22m[39m[31m[1m^[22m[39m[31m[
1m^[22m[39m[31m[1m^[22m[39m[31m[1m^[22m[39m[31m[1m^
[22m[39m[31m[1m^[22m[39m[31m[1m^[22m[39m[31m[1m^[2
2m[39m[31m[1m^[22m[39m[31m[1m^[22m[39m[31m[1m^[22m
[39m[31m[1m^[22m[39m[31m[1m^[22m[39m[31m[1m^[22m[39
m[31m[1m^[22m[39m[31m[1m^[22m[39m[31m[1m^[22m[39m[
31m[1m^[22m[39m[31m[1m^[22m[39m[31m[1m^[22m[39m[31m
[1m^[22m[39m[31m[1m^[22m[39m[31m[1m^[22m[39m[31m[1
m^[22m[39m[31m[1m^[22m[39m[31m[1m^[22m[39m[31m[1m^
[22m[39m[31m[1m^[22m[39m[31m[1m^[22m[39m[31m[1m^[22
m[39m[31m[1m^[22m[39m[31m[1m^[22m[39m[31m[1m^[22m[
39m[31m[1m^[22m[39m[31m[1m^[22m[39m[31m[1m^[22m[39m
[31m[1m^[22m[39m[31m[1m^[22m[39m[31m[1m^[22m[39m[3
1m[1m^[22m[39m[31m[1m^[22m[39m[31m[1m^[22m[39m[31m
[1m^[22m[39m[31m[1m^[22m[39m[31m[1m^[22m[39m[31m[1m
^[22m[39m[31m[1m^[22m[39m[31m[1m^[22m[39m[31m[1m^[
22m[39m[31m[1m^[22m[39m[31m[1m^[22m[39m[31m[1m^[22m
[39m[31m[1m^[22m[39m[31m[1m^[22m[39m
 [90m  8 |[39m [36mimport[39m { [33mFilterModal[39m } 
[36mfrom[39m [32m"@/app/app/team-management/components/Filte
rModal"[39m[33m;[39m
 [90m  9 |[39m [36mimport[39m { [33mStatsBar[39m } 
[36mfrom[39m [32m"@/app/app/team-management/components/Stats
Bar"[39m[33m;[39m
 [90m 10 |[39m [36mimport[39m { [33mEmployeeList[39m } 
[36mfrom[39m [32m"@/app/app/team-management/components/Emplo
yeeList"[39m[33m;[39m[0m

Import map: aliased to relative 
'./src/app/app/team-management/components/Pagination' inside 
of [project]/


https://nextjs.org/docs/messages/module-not-found


./src/components/features/team-management/employees.tsx:7:1
Module not found: Can't resolve 
'@/app/app/team-management/components/Pagination'
[0m [90m  5 |[39m [36mimport[39m { 
[33mSearchFilterBar[39m } [36mfrom[39m [32m"@/app/app/team
-management/components/SearchFilterBar"[39m[33m;[39m
 [90m  6 |[39m [36mimport[39m { [33mTeamEmptyState[39m } 
[36mfrom[39m [32m"@/app/app/team-management/components/TeamE
mptyState"[39m[33m;[39m
[31m[1m>[22m[39m[90m  7 |[39m [36mimport[39m { 
[33mPagination[39m } [36mfrom[39m [32m"@/app/app/team-mana
gement/components/Pagination"[39m[33m;[39m
 [90m    |[39m [31m[1m^[22m[39m[31m[1m^[22m[39m[31m
[1m^[22m[39m[31m[1m^[22m[39m[31m[1m^[22m[39m[31m[1m
^[22m[39m[31m[1m^[22m[39m[31m[1m^[22m[39m[31m[1m^[
22m[39m[31m[1m^[22m[39m[31m[1m^[22m[39m[31m[1m^[22m
[39m[31m[1m^[22m[39m[31m[1m^[22m[39m[31m[1m^[22m[3
9m[31m[1m^[22m[39m[31m[1m^[22m[39m[31m[1m^[22m[39m
[31m[1m^[22m[39m[31m[1m^[22m[39m[31m[1m^[22m[39m[31
m[1m^[22m[39m[31m[1m^[22m[39m[31m[1m^[22m[39m[31m[
1m^[22m[39m[31m[1m^[22m[39m[31m[1m^[22m[39m[31m[1m^
[22m[39m[31m[1m^[22m[39m[31m[1m^[22m[39m[31m[1m^[2
2m[39m[31m[1m^[22m[39m[31m[1m^[22m[39m[31m[1m^[22m
[39m[31m[1m^[22m[39m[31m[1m^[22m[39m[31m[1m^[22m[39
m[31m[1m^[22m[39m[31m[1m^[22m[39m[31m[1m^[22m[39m[
31m[1m^[22m[39m[31m[1m^[22m[39m[31m[1m^[22m[39m[31m
[1m^[22m[39m[31m[1m^[22m[39m[31m[1m^[22m[39m[31m[1
m^[22m[39m[31m[1m^[22m[39m[31m[1m^[22m[39m[31m[1m^
[22m[39m[31m[1m^[22m[39m[31m[1m^[22m[39m[31m[1m^[22
m[39m[31m[1m^[22m[39m[31m[1m^[22m[39m[31m[1m^[22m[
39m[31m[1m^[22m[39m[31m[1m^[22m[39m[31m[1m^[22m[39m
[31m[1m^[22m[39m[31m[1m^[22m[39m[31m[1m^[22m[39m[3
1m[1m^[22m[39m[31m[1m^[22m[39m[31m[1m^[22m[39m[31m
[1m^[22m[39m[31m[1m^[22m[39m[31m[1m^[22m[39m[31m[1m
^[22m[39m[31m[1m^[22m[39m[31m[1m^[22m[39m[31m[1m^[
22m[39m[31m[1m^[22m[39m[31m[1m^[22m[39m[31m[1m^[22m
[39m[31m[1m^[22m[39m[31m[1m^[22m[39m
 [90m  8 |[39m [36mimport[39m { [33mFilterModal[39m } 
[36mfrom[39m [32m"@/app/app/team-management/components/Filte
rModal"[39m[33m;[39m
 [90m  9 |[39m [36mimport[39m { [33mStatsBar[39m } 
[36mfrom[39m [32m"@/app/app/team-management/components/Stats
Bar"[39m[33m;[39m
 [90m 10 |[39m [36mimport[39m { [33mEmployeeList[39m } 
[36mfrom[39m [32m"@/app/app/team-management/components/Emplo
yeeList"[39m[33m;[39m[0m

Import map: aliased to relative 
'./src/app/app/team-management/components/Pagination' inside 
of [project]/


https://nextjs.org/docs/messages/module-not-found


./src/components/features/team-management/employees.tsx:7:1
Module not found: Can't resolve 
'@/app/app/team-management/components/Pagination'
[0m [90m  5 |[39m [36mimport[39m { 
[33mSearchFilterBar[39m } [36mfrom[39m [32m"@/app/app/team
-management/components/SearchFilterBar"[39m[33m;[39m
 [90m  6 |[39m [36mimport[39m { [33mTeamEmptyState[39m } 
[36mfrom[39m [32m"@/app/app/team-management/components/TeamE
mptyState"[39m[33m;[39m
[31m[1m>[22m[39m[90m  7 |[39m [36mimport[39m { 
[33mPagination[39m } [36mfrom[39m [32m"@/app/app/team-mana
gement/components/Pagination"[39m[33m;[39m
 [90m    |[39m [31m[1m^[22m[39m[31m[1m^[22m[39m[31m
[1m^[22m[39m[31m[1m^[22m[39m[31m[1m^[22m[39m[31m[1m
^[22m[39m[31m[1m^[22m[39m[31m[1m^[22m[39m[31m[1m^[
22m[39m[31m[1m^[22m[39m[31m[1m^[22m[39m[31m[1m^[22m
[39m[31m[1m^[22m[39m[31m[1m^[22m[39m[31m[1m^[22m[3
9m[31m[1m^[22m[39m[31m[1m^[22m[39m[31m[1m^[22m[39m
[31m[1m^[22m[39m[31m[1m^[22m[39m[31m[1m^[22m[39m[31
m[1m^[22m[39m[31m[1m^[22m[39m[31m[1m^[22m[39m[31m[
1m^[22m[39m[31m[1m^[22m[39m[31m[1m^[22m[39m[31m[1m^
[22m[39m[31m[1m^[22m[39m[31m[1m^[22m[39m[31m[1m^[2
2m[39m[31m[1m^[22m[39m[31m[1m^[22m[39m[31m[1m^[22m
[39m[31m[1m^[22m[39m[31m[1m^[22m[39m[31m[1m^[22m[39
m[31m[1m^[22m[39m[31m[1m^[22m[39m[31m[1m^[22m[39m[
31m[1m^[22m[39m[31m[1m^[22m[39m[31m[1m^[22m[39m[31m
[1m^[22m[39m[31m[1m^[22m[39m[31m[1m^[22m[39m[31m[1
m^[22m[39m[31m[1m^[22m[39m[31m[1m^[22m[39m[31m[1m^
[22m[39m[31m[1m^[22m[39m[31m[1m^[22m[39m[31m[1m^[22
m[39m[31m[1m^[22m[39m[31m[1m^[22m[39m[31m[1m^[22m[
39m[31m[1m^[22m[39m[31m[1m^[22m[39m[31m[1m^[22m[39m
[31m[1m^[22m[39m[31m[1m^[22m[39m[31m[1m^[22m[39m[3
1m[1m^[22m[39m[31m[1m^[22m[39m[31m[1m^[22m[39m[31m
[1m^[22m[39m[31m[1m^[22m[39m[31m[1m^[22m[39m[31m[1m
^[22m[39m[31m[1m^[22m[39m[31m[1m^[22m[39m[31m[1m^[
22m[39m[31m[1m^[22m[39m[31m[1m^[22m[39m[31m[1m^[22m
[39m[31m[1m^[22m[39m[31m[1m^[22m[39m
 [90m  8 |[39m [36mimport[39m { [33mFilterModal[39m } 
[36mfrom[39m [32m"@/app/app/team-management/components/Filte
rModal"[39m[33m;[39m
 [90m  9 |[39m [36mimport[39m { [33mStatsBar[39m } 
[36mfrom[39m [32m"@/app/app/team-management/components/Stats
Bar"[39m[33m;[39m
 [90m 10 |[39m [36mimport[39m { [33mEmployeeList[39m } 
[36mfrom[39m [32m"@/app/app/team-management/components/Emplo
yeeList"[39m[33m;[39m[0m

Import map: aliased to relative 
'./src/app/app/team-management/components/Pagination' inside 
of [project]/


https://nextjs.org/docs/messages/module-not-found


./src/components/features/team-management/expense.tsx:15:1
Module not found: Can't resolve 
'@/app/app/team-management/components/Pagination'
[0m [90m 13 |[39m [36mimport[39m { [33mDetailsView[39m 
} [36mfrom[39m [32m"./details-view"[39m[33m;[39m
 [90m 14 |[39m [36mimport[39m { [33mSearchFilterBar[39m 
} [36mfrom[39m [32m"@/app/app/team-management/components/Sea
rchFilterBar"[39m[33m;[39m
[31m[1m>[22m[39m[90m 15 |[39m [36mimport[39m { 
[33mPagination[39m } [36mfrom[39m [32m"@/app/app/team-mana
gement/components/Pagination"[39m[33m;[39m
 [90m    |[39m [31m[1m^[22m[39m[31m[1m^[22m[39m[31m
[1m^[22m[39m[31m[1m^[22m[39m[31m[1m^[22m[39m[31m[1m
^[22m[39m[31m[1m^[22m[39m[31m[1m^[22m[39m[31m[1m^[
22m[39m[31m[1m^[22m[39m[31m[1m^[22m[39m[31m[1m^[22m
[39m[31m[1m^[22m[39m[31m[1m^[22m[39m[31m[1m^[22m[3
9m[31m[1m^[22m[39m[31m[1m^[22m[39m[31m[1m^[22m[39m
[31m[1m^[22m[39m[31m[1m^[22m[39m[31m[1m^[22m[39m[31
m[1m^[22m[39m[31m[1m^[22m[39m[31m[1m^[22m[39m[31m[
1m^[22m[39m[31m[1m^[22m[39m[31m[1m^[22m[39m[31m[1m^
[22m[39m[31m[1m^[22m[39m[31m[1m^[22m[39m[31m[1m^[2
2m[39m[31m[1m^[22m[39m[31m[1m^[22m[39m[31m[1m^[22m
[39m[31m[1m^[22m[39m[31m[1m^[22m[39m[31m[1m^[22m[39
m[31m[1m^[22m[39m[31m[1m^[22m[39m[31m[1m^[22m[39m[
31m[1m^[22m[39m[31m[1m^[22m[39m[31m[1m^[22m[39m[31m
[1m^[22m[39m[31m[1m^[22m[39m[31m[1m^[22m[39m[31m[1
m^[22m[39m[31m[1m^[22m[39m[31m[1m^[22m[39m[31m[1m^
[22m[39m[31m[1m^[22m[39m[31m[1m^[22m[39m[31m[1m^[22
m[39m[31m[1m^[22m[39m[31m[1m^[22m[39m[31m[1m^[22m[
39m[31m[1m^[22m[39m[31m[1m^[22m[39m[31m[1m^[22m[39m
[31m[1m^[22m[39m[31m[1m^[22m[39m[31m[1m^[22m[39m[3
1m[1m^[22m[39m[31m[1m^[22m[39m[31m[1m^[22m[39m[31m
[1m^[22m[39m[31m[1m^[22m[39m[31m[1m^[22m[39m[31m[1m
^[22m[39m[31m[1m^[22m[39m[31m[1m^[22m[39m[31m[1m^[
22m[39m[31m[1m^[22m[39m[31m[1m^[22m[39m[31m[1m^[22m
[39m[31m[1m^[22m[39m[31m[1m^[22m[39m
 [90m 16 |[39m [36mimport[39m { [33mFilterModal[39m } 
[36mfrom[39m [32m"@/app/app/team-management/components/Filte
rModal"[39m[33m;[39m
 [90m 17 |[39m [36mimport[39m { useSort } [36mfrom[39m 
[32m"@/hooks/use-sort"[39m[33m;[39m
 [90m 18 |[39m [36mimport[39m [33mImage[39m 
[36mfrom[39m [32m"next/image"[39m[33m;[39m[0m

Import map: aliased to relative 
'./src/app/app/team-management/components/Pagination' inside 
of [project]/


https://nextjs.org/docs/messages/module-not-found


./src/components/features/team-management/expense.tsx:15:1
Module not found: Can't resolve 
'@/app/app/team-management/components/Pagination'
[0m [90m 13 |[39m [36mimport[39m { [33mDetailsView[39m 
} [36mfrom[39m [32m"./details-view"[39m[33m;[39m
 [90m 14 |[39m [36mimport[39m { [33mSearchFilterBar[39m 
} [36mfrom[39m [32m"@/app/app/team-management/components/Sea
rchFilterBar"[39m[33m;[39m
[31m[1m>[22m[39m[90m 15 |[39m [36mimport[39m { 
[33mPagination[39m } [36mfrom[39m [32m"@/app/app/team-mana
gement/components/Pagination"[39m[33m;[39m
 [90m    |[39m [31m[1m^[22m[39m[31m[1m^[22m[39m[31m
[1m^[22m[39m[31m[1m^[22m[39m[31m[1m^[22m[39m[31m[1m
^[22m[39m[31m[1m^[22m[39m[31m[1m^[22m[39m[31m[1m^[
22m[39m[31m[1m^[22m[39m[31m[1m^[22m[39m[31m[1m^[22m
[39m[31m[1m^[22m[39m[31m[1m^[22m[39m[31m[1m^[22m[3
9m[31m[1m^[22m[39m[31m[1m^[22m[39m[31m[1m^[22m[39m
[31m[1m^[22m[39m[31m[1m^[22m[39m[31m[1m^[22m[39m[31
m[1m^[22m[39m[31m[1m^[22m[39m[31m[1m^[22m[39m[31m[
1m^[22m[39m[31m[1m^[22m[39m[31m[1m^[22m[39m[31m[1m^
[22m[39m[31m[1m^[22m[39m[31m[1m^[22m[39m[31m[1m^[2
2m[39m[31m[1m^[22m[39m[31m[1m^[22m[39m[31m[1m^[22m
[39m[31m[1m^[22m[39m[31m[1m^[22m[39m[31m[1m^[22m[39
m[31m[1m^[22m[39m[31m[1m^[22m[39m[31m[1m^[22m[39m[
31m[1m^[22m[39m[31m[1m^[22m[39m[31m[1m^[22m[39m[31m
[1m^[22m[39m[31m[1m^[22m[39m[31m[1m^[22m[39m[31m[1
m^[22m[39m[31m[1m^[22m[39m[31m[1m^[22m[39m[31m[1m^
[22m[39m[31m[1m^[22m[39m[31m[1m^[22m[39m[31m[1m^[22
m[39m[31m[1m^[22m[39m[31m[1m^[22m[39m[31m[1m^[22m[
39m[31m[1m^[22m[39m[31m[1m^[22m[39m[31m[1m^[22m[39m
[31m[1m^[22m[39m[31m[1m^[22m[39m[31m[1m^[22m[39m[3
1m[1m^[22m[39m[31m[1m^[22m[39m[31m[1m^[22m[39m[31m
[1m^[22m[39m[31m[1m^[22m[39m[31m[1m^[22m[39m[31m[1m
^[22m[39m[31m[1m^[22m[39m[31m[1m^[22m[39m[31m[1m^[
22m[39m[31m[1m^[22m[39m[31m[1m^[22m[39m[31m[1m^[22m
[39m[31m[1m^[22m[39m[31m[1m^[22m[39m
 [90m 16 |[39m [36mimport[39m { [33mFilterModal[39m } 
[36mfrom[39m [32m"@/app/app/team-management/components/Filte
rModal"[39m[33m;[39m
 [90m 17 |[39m [36mimport[39m { useSort } [36mfrom[39m 
[32m"@/hooks/use-sort"[39m[33m;[39m
 [90m 18 |[39m [36mimport[39m [33mImage[39m 
[36mfrom[39m [32m"next/image"[39m[33m;[39m[0m

Import map: aliased to relative 
'./src/app/app/team-management/components/Pagination' inside 
of [project]/


https://nextjs.org/docs/messages/module-not-found


./src/components/features/team-management/expense.tsx:15:1
Module not found: Can't resolve 
'@/app/app/team-management/components/Pagination'
[0m [90m 13 |[39m [36mimport[39m { [33mDetailsView[39m 
} [36mfrom[39m [32m"./details-view"[39m[33m;[39m
 [90m 14 |[39m [36mimport[39m { [33mSearchFilterBar[39m 
} [36mfrom[39m [32m"@/app/app/team-management/components/Sea
rchFilterBar"[39m[33m;[39m
[31m[1m>[22m[39m[90m 15 |[39m [36mimport[39m { 
[33mPagination[39m } [36mfrom[39m [32m"@/app/app/team-mana
gement/components/Pagination"[39m[33m;[39m
 [90m    |[39m [31m[1m^[22m[39m[31m[1m^[22m[39m[31m
[1m^[22m[39m[31m[1m^[22m[39m[31m[1m^[22m[39m[31m[1m
^[22m[39m[31m[1m^[22m[39m[31m[1m^[22m[39m[31m[1m^[
22m[39m[31m[1m^[22m[39m[31m[1m^[22m[39m[31m[1m^[22m
[39m[31m[1m^[22m[39m[31m[1m^[22m[39m[31m[1m^[22m[3
9m[31m[1m^[22m[39m[31m[1m^[22m[39m[31m[1m^[22m[39m
[31m[1m^[22m[39m[31m[1m^[22m[39m[31m[1m^[22m[39m[31
m[1m^[22m[39m[31m[1m^[22m[39m[31m[1m^[22m[39m[31m[
1m^[22m[39m[31m[1m^[22m[39m[31m[1m^[22m[39m[31m[1m^
[22m[39m[31m[1m^[22m[39m[31m[1m^[22m[39m[31m[1m^[2
2m[39m[31m[1m^[22m[39m[31m[1m^[22m[39m[31m[1m^[22m
[39m[31m[1m^[22m[39m[31m[1m^[22m[39m[31m[1m^[22m[39
m[31m[1m^[22m[39m[31m[1m^[22m[39m[31m[1m^[22m[39m[
31m[1m^[22m[39m[31m[1m^[22m[39m[31m[1m^[22m[39m[31m
[1m^[22m[39m[31m[1m^[22m[39m[31m[1m^[22m[39m[31m[1
m^[22m[39m[31m[1m^[22m[39m[31m[1m^[22m[39m[31m[1m^
[22m[39m[31m[1m^[22m[39m[31m[1m^[22m[39m[31m[1m^[22
m[39m[31m[1m^[22m[39m[31m[1m^[22m[39m[31m[1m^[22m[
39m[31m[1m^[22m[39m[31m[1m^[22m[39m[31m[1m^[22m[39m
[31m[1m^[22m[39m[31m[1m^[22m[39m[31m[1m^[22m[39m[3
1m[1m^[22m[39m[31m[1m^[22m[39m[31m[1m^[22m[39m[31m
[1m^[22m[39m[31m[1m^[22m[39m[31m[1m^[22m[39m[31m[1m
^[22m[39m[31m[1m^[22m[39m[31m[1m^[22m[39m[31m[1m^[
22m[39m[31m[1m^[22m[39m[31m[1m^[22m[39m[31m[1m^[22m
[39m[31m[1m^[22m[39m[31m[1m^[22m[39m
 [90m 16 |[39m [36mimport[39m { [33mFilterModal[39m } 
[36mfrom[39m [32m"@/app/app/team-management/components/Filte
rModal"[39m[33m;[39m
 [90m 17 |[39m [36mimport[39m { useSort } [36mfrom[39m 
[32m"@/hooks/use-sort"[39m[33m;[39m
 [90m 18 |[39m [36mimport[39m [33mImage[39m 
[36mfrom[39m [32m"next/image"[39m[33m;[39m[0m

Import map: aliased to relative 
'./src/app/app/team-management/components/Pagination' inside 
of [project]/


https://nextjs.org/docs/messages/module-not-found


./src/components/features/team-management/expense.tsx:15:1
Module not found: Can't resolve 
'@/app/app/team-management/components/Pagination'
[0m [90m 13 |[39m [36mimport[39m { [33mDetailsView[39m 
} [36mfrom[39m [32m"./details-view"[39m[33m;[39m
 [90m 14 |[39m [36mimport[39m { [33mSearchFilterBar[39m 
} [36mfrom[39m [32m"@/app/app/team-management/components/Sea
rchFilterBar"[39m[33m;[39m
[31m[1m>[22m[39m[90m 15 |[39m [36mimport[39m { 
[33mPagination[39m } [36mfrom[39m [32m"@/app/app/team-mana
gement/components/Pagination"[39m[33m;[39m
 [90m    |[39m [31m[1m^[22m[39m[31m[1m^[22m[39m[31m
[1m^[22m[39m[31m[1m^[22m[39m[31m[1m^[22m[39m[31m[1m
^[22m[39m[31m[1m^[22m[39m[31m[1m^[22m[39m[31m[1m^[
22m[39m[31m[1m^[22m[39m[31m[1m^[22m[39m[31m[1m^[22m
[39m[31m[1m^[22m[39m[31m[1m^[22m[39m[31m[1m^[22m[3
9m[31m[1m^[22m[39m[31m[1m^[22m[39m[31m[1m^[22m[39m
[31m[1m^[22m[39m[31m[1m^[22m[39m[31m[1m^[22m[39m[31
m[1m^[22m[39m[31m[1m^[22m[39m[31m[1m^[22m[39m[31m[
1m^[22m[39m[31m[1m^[22m[39m[31m[1m^[22m[39m[31m[1m^
[22m[39m[31m[1m^[22m[39m[31m[1m^[22m[39m[31m[1m^[2
2m[39m[31m[1m^[22m[39m[31m[1m^[22m[39m[31m[1m^[22m
[39m[31m[1m^[22m[39m[31m[1m^[22m[39m[31m[1m^[22m[39
m[31m[1m^[22m[39m[31m[1m^[22m[39m[31m[1m^[22m[39m[
31m[1m^[22m[39m[31m[1m^[22m[39m[31m[1m^[22m[39m[31m
[1m^[22m[39m[31m[1m^[22m[39m[31m[1m^[22m[39m[31m[1
m^[22m[39m[31m[1m^[22m[39m[31m[1m^[22m[39m[31m[1m^
[22m[39m[31m[1m^[22m[39m[31m[1m^[22m[39m[31m[1m^[22
m[39m[31m[1m^[22m[39m[31m[1m^[22m[39m[31m[1m^[22m[
39m[31m[1m^[22m[39m[31m[1m^[22m[39m[31m[1m^[22m[39m
[31m[1m^[22m[39m[31m[1m^[22m[39m[31m[1m^[22m[39m[3
1m[1m^[22m[39m[31m[1m^[22m[39m[31m[1m^[22m[39m[31m
[1m^[22m[39m[31m[1m^[22m[39m[31m[1m^[22m[39m[31m[1m
^[22m[39m[31m[1m^[22m[39m[31m[1m^[22m[39m[31m[1m^[
22m[39m[31m[1m^[22m[39m[31m[1m^[22m[39m[31m[1m^[22m
[39m[31m[1m^[22m[39m[31m[1m^[22m[39m
 [90m 16 |[39m [36mimport[39m { [33mFilterModal[39m } 
[36mfrom[39m [32m"@/app/app/team-management/components/Filte
rModal"[39m[33m;[39m
 [90m 17 |[39m [36mimport[39m { useSort } [36mfrom[39m 
[32m"@/hooks/use-sort"[39m[33m;[39m
 [90m 18 |[39m [36mimport[39m [33mImage[39m 
[36mfrom[39m [32m"next/image"[39m[33m;[39m[0m

Import map: aliased to relative 
'./src/app/app/team-management/components/Pagination' inside 
of [project]/


https://nextjs.org/docs/messages/module-not-found


./src/components/features/team-management/milestone.tsx:15:1
Module not found: Can't resolve 
'@/app/app/team-management/components/Pagination'
[0m [90m 13 |[39m [36mimport[39m { [33mDetailsView[39m 
} [36mfrom[39m [32m"./details-view"[39m[33m;[39m
 [90m 14 |[39m [36mimport[39m { [33mSearchFilterBar[39m 
} [36mfrom[39m [32m"@/app/app/team-management/components/Sea
rchFilterBar"[39m[33m;[39m
[31m[1m>[22m[39m[90m 15 |[39m [36mimport[39m { 
[33mPagination[39m } [36mfrom[39m [32m"@/app/app/team-mana
gement/components/Pagination"[39m[33m;[39m
 [90m    |[39m [31m[1m^[22m[39m[31m[1m^[22m[39m[31m
[1m^[22m[39m[31m[1m^[22m[39m[31m[1m^[22m[39m[31m[1m
^[22m[39m[31m[1m^[22m[39m[31m[1m^[22m[39m[31m[1m^[
22m[39m[31m[1m^[22m[39m[31m[1m^[22m[39m[31m[1m^[22m
[39m[31m[1m^[22m[39m[31m[1m^[22m[39m[31m[1m^[22m[3
9m[31m[1m^[22m[39m[31m[1m^[22m[39m[31m[1m^[22m[39m
[31m[1m^[22m[39m[31m[1m^[22m[39m[31m[1m^[22m[39m[31
m[1m^[22m[39m[31m[1m^[22m[39m[31m[1m^[22m[39m[31m[
1m^[22m[39m[31m[1m^[22m[39m[31m[1m^[22m[39m[31m[1m^
[22m[39m[31m[1m^[22m[39m[31m[1m^[22m[39m[31m[1m^[2
2m[39m[31m[1m^[22m[39m[31m[1m^[22m[39m[31m[1m^[22m
[39m[31m[1m^[22m[39m[31m[1m^[22m[39m[31m[1m^[22m[39
m[31m[1m^[22m[39m[31m[1m^[22m[39m[31m[1m^[22m[39m[
31m[1m^[22m[39m[31m[1m^[22m[39m[31m[1m^[22m[39m[31m
[1m^[22m[39m[31m[1m^[22m[39m[31m[1m^[22m[39m[31m[1
m^[22m[39m[31m[1m^[22m[39m[31m[1m^[22m[39m[31m[1m^
[22m[39m[31m[1m^[22m[39m[31m[1m^[22m[39m[31m[1m^[22
m[39m[31m[1m^[22m[39m[31m[1m^[22m[39m[31m[1m^[22m[
39m[31m[1m^[22m[39m[31m[1m^[22m[39m[31m[1m^[22m[39m
[31m[1m^[22m[39m[31m[1m^[22m[39m[31m[1m^[22m[39m[3
1m[1m^[22m[39m[31m[1m^[22m[39m[31m[1m^[22m[39m[31m
[1m^[22m[39m[31m[1m^[22m[39m[31m[1m^[22m[39m[31m[1m
^[22m[39m[31m[1m^[22m[39m[31m[1m^[22m[39m[31m[1m^[
22m[39m[31m[1m^[22m[39m[31m[1m^[22m[39m[31m[1m^[22m
[39m[31m[1m^[22m[39m[31m[1m^[22m[39m
 [90m 16 |[39m [36mimport[39m { [33mFilterModal[39m } 
[36mfrom[39m [32m"@/app/app/team-management/components/Filte
rModal"[39m[33m;[39m
 [90m 17 |[39m [36mimport[39m { useSort } [36mfrom[39m 
[32m"@/hooks/use-sort"[39m[33m;[39m
 [90m 18 |[39m [36mimport[39m [33mImage[39m 
[36mfrom[39m [32m"next/image"[39m[33m;[39m[0m

Import map: aliased to relative 
'./src/app/app/team-management/components/Pagination' inside 
of [project]/


https://nextjs.org/docs/messages/module-not-found


./src/components/features/team-management/milestone.tsx:15:1
Module not found: Can't resolve 
'@/app/app/team-management/components/Pagination'
[0m [90m 13 |[39m [36mimport[39m { [33mDetailsView[39m 
} [36mfrom[39m [32m"./details-view"[39m[33m;[39m
 [90m 14 |[39m [36mimport[39m { [33mSearchFilterBar[39m 
} [36mfrom[39m [32m"@/app/app/team-management/components/Sea
rchFilterBar"[39m[33m;[39m
[31m[1m>[22m[39m[90m 15 |[39m [36mimport[39m { 
[33mPagination[39m } [36mfrom[39m [32m"@/app/app/team-mana
gement/components/Pagination"[39m[33m;[39m
 [90m    |[39m [31m[1m^[22m[39m[31m[1m^[22m[39m[31m
[1m^[22m[39m[31m[1m^[22m[39m[31m[1m^[22m[39m[31m[1m
^[22m[39m[31m[1m^[22m[39m[31m[1m^[22m[39m[31m[1m^[
22m[39m[31m[1m^[22m[39m[31m[1m^[22m[39m[31m[1m^[22m
[39m[31m[1m^[22m[39m[31m[1m^[22m[39m[31m[1m^[22m[3
9m[31m[1m^[22m[39m[31m[1m^[22m[39m[31m[1m^[22m[39m
[31m[1m^[22m[39m[31m[1m^[22m[39m[31m[1m^[22m[39m[31
m[1m^[22m[39m[31m[1m^[22m[39m[31m[1m^[22m[39m[31m[
1m^[22m[39m[31m[1m^[22m[39m[31m[1m^[22m[39m[31m[1m^
[22m[39m[31m[1m^[22m[39m[31m[1m^[22m[39m[31m[1m^[2
2m[39m[31m[1m^[22m[39m[31m[1m^[22m[39m[31m[1m^[22m
[39m[31m[1m^[22m[39m[31m[1m^[22m[39m[31m[1m^[22m[39
m[31m[1m^[22m[39m[31m[1m^[22m[39m[31m[1m^[22m[39m[
31m[1m^[22m[39m[31m[1m^[22m[39m[31m[1m^[22m[39m[31m
[1m^[22m[39m[31m[1m^[22m[39m[31m[1m^[22m[39m[31m[1
m^[22m[39m[31m[1m^[22m[39m[31m[1m^[22m[39m[31m[1m^
[22m[39m[31m[1m^[22m[39m[31m[1m^[22m[39m[31m[1m^[22
m[39m[31m[1m^[22m[39m[31m[1m^[22m[39m[31m[1m^[22m[
39m[31m[1m^[22m[39m[31m[1m^[22m[39m[31m[1m^[22m[39m
[31m[1m^[22m[39m[31m[1m^[22m[39m[31m[1m^[22m[39m[3
1m[1m^[22m[39m[31m[1m^[22m[39m[31m[1m^[22m[39m[31m
[1m^[22m[39m[31m[1m^[22m[39m[31m[1m^[22m[39m[31m[1m
^[22m[39m[31m[1m^[22m[39m[31m[1m^[22m[39m[31m[1m^[
22m[39m[31m[1m^[22m[39m[31m[1m^[22m[39m[31m[1m^[22m
[39m[31m[1m^[22m[39m[31m[1m^[22m[39m
 [90m 16 |[39m [36mimport[39m { [33mFilterModal[39m } 
[36mfrom[39m [32m"@/app/app/team-management/components/Filte
rModal"[39m[33m;[39m
 [90m 17 |[39m [36mimport[39m { useSort } [36mfrom[39m 
[32m"@/hooks/use-sort"[39m[33m;[39m
 [90m 18 |[39m [36mimport[39m [33mImage[39m 
[36mfrom[39m [32m"next/image"[39m[33m;[39m[0m

Import map: aliased to relative 
'./src/app/app/team-management/components/Pagination' inside 
of [project]/


https://nextjs.org/docs/messages/module-not-found


./src/components/features/team-management/milestone.tsx:15:1
Module not found: Can't resolve 
'@/app/app/team-management/components/Pagination'
[0m [90m 13 |[39m [36mimport[39m { [33mDetailsView[39m 
} [36mfrom[39m [32m"./details-view"[39m[33m;[39m
 [90m 14 |[39m [36mimport[39m { [33mSearchFilterBar[39m 
} [36mfrom[39m [32m"@/app/app/team-management/components/Sea
rchFilterBar"[39m[33m;[39m
[31m[1m>[22m[39m[90m 15 |[39m [36mimport[39m { 
[33mPagination[39m } [36mfrom[39m [32m"@/app/app/team-mana
gement/components/Pagination"[39m[33m;[39m
 [90m    |[39m [31m[1m^[22m[39m[31m[1m^[22m[39m[31m
[1m^[22m[39m[31m[1m^[22m[39m[31m[1m^[22m[39m[31m[1m
^[22m[39m[31m[1m^[22m[39m[31m[1m^[22m[39m[31m[1m^[
22m[39m[31m[1m^[22m[39m[31m[1m^[22m[39m[31m[1m^[22m
[39m[31m[1m^[22m[39m[31m[1m^[22m[39m[31m[1m^[22m[3
9m[31m[1m^[22m[39m[31m[1m^[22m[39m[31m[1m^[22m[39m
[31m[1m^[22m[39m[31m[1m^[22m[39m[31m[1m^[22m[39m[31
m[1m^[22m[39m[31m[1m^[22m[39m[31m[1m^[22m[39m[31m[
1m^[22m[39m[31m[1m^[22m[39m[31m[1m^[22m[39m[31m[1m^
[22m[39m[31m[1m^[22m[39m[31m[1m^[22m[39m[31m[1m^[2
2m[39m[31m[1m^[22m[39m[31m[1m^[22m[39m[31m[1m^[22m
[39m[31m[1m^[22m[39m[31m[1m^[22m[39m[31m[1m^[22m[39
m[31m[1m^[22m[39m[31m[1m^[22m[39m[31m[1m^[22m[39m[
31m[1m^[22m[39m[31m[1m^[22m[39m[31m[1m^[22m[39m[31m
[1m^[22m[39m[31m[1m^[22m[39m[31m[1m^[22m[39m[31m[1
m^[22m[39m[31m[1m^[22m[39m[31m[1m^[22m[39m[31m[1m^
[22m[39m[31m[1m^[22m[39m[31m[1m^[22m[39m[31m[1m^[22
m[39m[31m[1m^[22m[39m[31m[1m^[22m[39m[31m[1m^[22m[
39m[31m[1m^[22m[39m[31m[1m^[22m[39m[31m[1m^[22m[39m
[31m[1m^[22m[39m[31m[1m^[22m[39m[31m[1m^[22m[39m[3
1m[1m^[22m[39m[31m[1m^[22m[39m[31m[1m^[22m[39m[31m
[1m^[22m[39m[31m[1m^[22m[39m[31m[1m^[22m[39m[31m[1m
^[22m[39m[31m[1m^[22m[39m[31m[1m^[22m[39m[31m[1m^[
22m[39m[31m[1m^[22m[39m[31m[1m^[22m[39m[31m[1m^[22m
[39m[31m[1m^[22m[39m[31m[1m^[22m[39m
 [90m 16 |[39m [36mimport[39m { [33mFilterModal[39m } 
[36mfrom[39m [32m"@/app/app/team-management/components/Filte
rModal"[39m[33m;[39m
 [90m 17 |[39m [36mimport[39m { useSort } [36mfrom[39m 
[32m"@/hooks/use-sort"[39m[33m;[39m
 [90m 18 |[39m [36mimport[39m [33mImage[39m 
[36mfrom[39m [32m"next/image"[39m[33m;[39m[0m

Import map: aliased to relative 
'./src/app/app/team-management/components/Pagination' inside 
of [project]/


https://nextjs.org/docs/messages/module-not-found


./src/components/features/team-management/milestone.tsx:15:1
Module not found: Can't resolve 
'@/app/app/team-management/components/Pagination'
[0m [90m 13 |[39m [36mimport[39m { [33mDetailsView[39m 
} [36mfrom[39m [32m"./details-view"[39m[33m;[39m
 [90m 14 |[39m [36mimport[39m { [33mSearchFilterBar[39m 
} [36mfrom[39m [32m"@/app/app/team-management/components/Sea
rchFilterBar"[39m[33m;[39m
[31m[1m>[22m[39m[90m 15 |[39m [36mimport[39m { 
[33mPagination[39m } [36mfrom[39m [32m"@/app/app/team-mana
gement/components/Pagination"[39m[33m;[39m
 [90m    |[39m [31m[1m^[22m[39m[31m[1m^[22m[39m[31m
[1m^[22m[39m[31m[1m^[22m[39m[31m[1m^[22m[39m[31m[1m
^[22m[39m[31m[1m^[22m[39m[31m[1m^[22m[39m[31m[1m^[
22m[39m[31m[1m^[22m[39m[31m[1m^[22m[39m[31m[1m^[22m
[39m[31m[1m^[22m[39m[31m[1m^[22m[39m[31m[1m^[22m[3
9m[31m[1m^[22m[39m[31m[1m^[22m[39m[31m[1m^[22m[39m
[31m[1m^[22m[39m[31m[1m^[22m[39m[31m[1m^[22m[39m[31
m[1m^[22m[39m[31m[1m^[22m[39m[31m[1m^[22m[39m[31m[
1m^[22m[39m[31m[1m^[22m[39m[31m[1m^[22m[39m[31m[1m^
[22m[39m[31m[1m^[22m[39m[31m[1m^[22m[39m[31m[1m^[2
2m[39m[31m[1m^[22m[39m[31m[1m^[22m[39m[31m[1m^[22m
[39m[31m[1m^[22m[39m[31m[1m^[22m[39m[31m[1m^[22m[39
m[31m[1m^[22m[39m[31m[1m^[22m[39m[31m[1m^[22m[39m[
31m[1m^[22m[39m[31m[1m^[22m[39m[31m[1m^[22m[39m[31m
[1m^[22m[39m[31m[1m^[22m[39m[31m[1m^[22m[39m[31m[1
m^[22m[39m[31m[1m^[22m[39m[31m[1m^[22m[39m[31m[1m^
[22m[39m[31m[1m^[22m[39m[31m[1m^[22m[39m[31m[1m^[22
m[39m[31m[1m^[22m[39m[31m[1m^[22m[39m[31m[1m^[22m[
39m[31m[1m^[22m[39m[31m[1m^[22m[39m[31m[1m^[22m[39m
[31m[1m^[22m[39m[31m[1m^[22m[39m[31m[1m^[22m[39m[3
1m[1m^[22m[39m[31m[1m^[22m[39m[31m[1m^[22m[39m[31m
[1m^[22m[39m[31m[1m^[22m[39m[31m[1m^[22m[39m[31m[1m
^[22m[39m[31m[1m^[22m[39m[31m[1m^[22m[39m[31m[1m^[
22m[39m[31m[1m^[22m[39m[31m[1m^[22m[39m[31m[1m^[22m
[39m[31m[1m^[22m[39m[31m[1m^[22m[39m
 [90m 16 |[39m [36mimport[39m { [33mFilterModal[39m } 
[36mfrom[39m [32m"@/app/app/team-management/components/Filte
rModal"[39m[33m;[39m
 [90m 17 |[39m [36mimport[39m { useSort } [36mfrom[39m 
[32m"@/hooks/use-sort"[39m[33m;[39m
 [90m 18 |[39m [36mimport[39m [33mImage[39m 
[36mfrom[39m [32m"next/image"[39m[33m;[39m[0m

Import map: aliased to relative 
'./src/app/app/team-management/components/Pagination' inside 
of [project]/


https://nextjs.org/docs/messages/module-not-found


./src/components/features/team-management/time-tracking.tsx:15:
1
Module not found: Can't resolve 
'@/app/app/team-management/components/Pagination'
[0m [90m 13 |[39m [36mimport[39m { 
getStatusClass[33m,[39m getStatusIcon[33m,[39m 
getStatusText } [36mfrom[39m 
[32m"./status-lib"[39m[33m;[39m
 [90m 14 |[39m [36mimport[39m { [33mSearchFilterBar[39m 
} [36mfrom[39m [32m"@/app/app/team-management/components/Sea
rchFilterBar"[39m[33m;[39m
[31m[1m>[22m[39m[90m 15 |[39m [36mimport[39m { 
[33mPagination[39m } [36mfrom[39m [32m"@/app/app/team-mana
gement/components/Pagination"[39m[33m;[39m
 [90m    |[39m [31m[1m^[22m[39m[31m[1m^[22m[39m[31m
[1m^[22m[39m[31m[1m^[22m[39m[31m[1m^[22m[39m[31m[1m
^[22m[39m[31m[1m^[22m[39m[31m[1m^[22m[39m[31m[1m^[
22m[39m[31m[1m^[22m[39m[31m[1m^[22m[39m[31m[1m^[22m
[39m[31m[1m^[22m[39m[31m[1m^[22m[39m[31m[1m^[22m[3
9m[31m[1m^[22m[39m[31m[1m^[22m[39m[31m[1m^[22m[39m
[31m[1m^[22m[39m[31m[1m^[22m[39m[31m[1m^[22m[39m[31
m[1m^[22m[39m[31m[1m^[22m[39m[31m[1m^[22m[39m[31m[
1m^[22m[39m[31m[1m^[22m[39m[31m[1m^[22m[39m[31m[1m^
[22m[39m[31m[1m^[22m[39m[31m[1m^[22m[39m[31m[1m^[2
2m[39m[31m[1m^[22m[39m[31m[1m^[22m[39m[31m[1m^[22m
[39m[31m[1m^[22m[39m[31m[1m^[22m[39m[31m[1m^[22m[39
m[31m[1m^[22m[39m[31m[1m^[22m[39m[31m[1m^[22m[39m[
31m[1m^[22m[39m[31m[1m^[22m[39m[31m[1m^[22m[39m[31m
[1m^[22m[39m[31m[1m^[22m[39m[31m[1m^[22m[39m[31m[1
m^[22m[39m[31m[1m^[22m[39m[31m[1m^[22m[39m[31m[1m^
[22m[39m[31m[1m^[22m[39m[31m[1m^[22m[39m[31m[1m^[22
m[39m[31m[1m^[22m[39m[31m[1m^[22m[39m[31m[1m^[22m[
39m[31m[1m^[22m[39m[31m[1m^[22m[39m[31m[1m^[22m[39m
[31m[1m^[22m[39m[31m[1m^[22m[39m[31m[1m^[22m[39m[3
1m[1m^[22m[39m[31m[1m^[22m[39m[31m[1m^[22m[39m[31m
[1m^[22m[39m[31m[1m^[22m[39m[31m[1m^[22m[39m[31m[1m
^[22m[39m[31m[1m^[22m[39m[31m[1m^[22m[39m[31m[1m^[
22m[39m[31m[1m^[22m[39m[31m[1m^[22m[39m[31m[1m^[22m
[39m[31m[1m^[22m[39m[31m[1m^[22m[39m
 [90m 16 |[39m [36mimport[39m { [33mFilterModal[39m } 
[36mfrom[39m [32m"@/app/app/team-management/components/Filte
rModal"[39m[33m;[39m
 [90m 17 |[39m [36mimport[39m { useSort } [36mfrom[39m 
[32m"@/hooks/use-sort"[39m[33m;[39m
 [90m 18 |[39m [36mimport[39m [33mImage[39m 
[36mfrom[39m [32m"next/image"[39m[33m;[39m[0m

Import map: aliased to relative 
'./src/app/app/team-management/components/Pagination' inside 
of [project]/


https://nextjs.org/docs/messages/module-not-found


./src/components/features/team-management/time-tracking.tsx:15:
1
Module not found: Can't resolve 
'@/app/app/team-management/components/Pagination'
[0m [90m 13 |[39m [36mimport[39m { 
getStatusClass[33m,[39m getStatusIcon[33m,[39m 
getStatusText } [36mfrom[39m 
[32m"./status-lib"[39m[33m;[39m
 [90m 14 |[39m [36mimport[39m { [33mSearchFilterBar[39m 
} [36mfrom[39m [32m"@/app/app/team-management/components/Sea
rchFilterBar"[39m[33m;[39m
[31m[1m>[22m[39m[90m 15 |[39m [36mimport[39m { 
[33mPagination[39m } [36mfrom[39m [32m"@/app/app/team-mana
gement/components/Pagination"[39m[33m;[39m
 [90m    |[39m [31m[1m^[22m[39m[31m[1m^[22m[39m[31m
[1m^[22m[39m[31m[1m^[22m[39m[31m[1m^[22m[39m[31m[1m
^[22m[39m[31m[1m^[22m[39m[31m[1m^[22m[39m[31m[1m^[
22m[39m[31m[1m^[22m[39m[31m[1m^[22m[39m[31m[1m^[22m
[39m[31m[1m^[22m[39m[31m[1m^[22m[39m[31m[1m^[22m[3
9m[31m[1m^[22m[39m[31m[1m^[22m[39m[31m[1m^[22m[39m
[31m[1m^[22m[39m[31m[1m^[22m[39m[31m[1m^[22m[39m[31
m[1m^[22m[39m[31m[1m^[22m[39m[31m[1m^[22m[39m[31m[
1m^[22m[39m[31m[1m^[22m[39m[31m[1m^[22m[39m[31m[1m^
[22m[39m[31m[1m^[22m[39m[31m[1m^[22m[39m[31m[1m^[2
2m[39m[31m[1m^[22m[39m[31m[1m^[22m[39m[31m[1m^[22m
[39m[31m[1m^[22m[39m[31m[1m^[22m[39m[31m[1m^[22m[39
m[31m[1m^[22m[39m[31m[1m^[22m[39m[31m[1m^[22m[39m[
31m[1m^[22m[39m[31m[1m^[22m[39m[31m[1m^[22m[39m[31m
[1m^[22m[39m[31m[1m^[22m[39m[31m[1m^[22m[39m[31m[1
m^[22m[39m[31m[1m^[22m[39m[31m[1m^[22m[39m[31m[1m^
[22m[39m[31m[1m^[22m[39m[31m[1m^[22m[39m[31m[1m^[22
m[39m[31m[1m^[22m[39m[31m[1m^[22m[39m[31m[1m^[22m[
39m[31m[1m^[22m[39m[31m[1m^[22m[39m[31m[1m^[22m[39m
[31m[1m^[22m[39m[31m[1m^[22m[39m[31m[1m^[22m[39m[3
1m[1m^[22m[39m[31m[1m^[22m[39m[31m[1m^[22m[39m[31m
[1m^[22m[39m[31m[1m^[22m[39m[31m[1m^[22m[39m[31m[1m
^[22m[39m[31m[1m^[22m[39m[31m[1m^[22m[39m[31m[1m^[
22m[39m[31m[1m^[22m[39m[31m[1m^[22m[39m[31m[1m^[22m
[39m[31m[1m^[22m[39m[31m[1m^[22m[39m
 [90m 16 |[39m [36mimport[39m { [33mFilterModal[39m } 
[36mfrom[39m [32m"@/app/app/team-management/components/Filte
rModal"[39m[33m;[39m
 [90m 17 |[39m [36mimport[39m { useSort } [36mfrom[39m 
[32m"@/hooks/use-sort"[39m[33m;[39m
 [90m 18 |[39m [36mimport[39m [33mImage[39m 
[36mfrom[39m [32m"next/image"[39m[33m;[39m[0m

Import map: aliased to relative 
'./src/app/app/team-management/components/Pagination' inside 
of [project]/


https://nextjs.org/docs/messages/module-not-found


./src/components/features/team-management/time-tracking.tsx:15:
1
Module not found: Can't resolve 
'@/app/app/team-management/components/Pagination'
[0m [90m 13 |[39m [36mimport[39m { 
getStatusClass[33m,[39m getStatusIcon[33m,[39m 
getStatusText } [36mfrom[39m 
[32m"./status-lib"[39m[33m;[39m
 [90m 14 |[39m [36mimport[39m { [33mSearchFilterBar[39m 
} [36mfrom[39m [32m"@/app/app/team-management/components/Sea
rchFilterBar"[39m[33m;[39m
[31m[1m>[22m[39m[90m 15 |[39m [36mimport[39m { 
[33mPagination[39m } [36mfrom[39m [32m"@/app/app/team-mana
gement/components/Pagination"[39m[33m;[39m
 [90m    |[39m [31m[1m^[22m[39m[31m[1m^[22m[39m[31m
[1m^[22m[39m[31m[1m^[22m[39m[31m[1m^[22m[39m[31m[1m
^[22m[39m[31m[1m^[22m[39m[31m[1m^[22m[39m[31m[1m^[
22m[39m[31m[1m^[22m[39m[31m[1m^[22m[39m[31m[1m^[22m
[39m[31m[1m^[22m[39m[31m[1m^[22m[39m[31m[1m^[22m[3
9m[31m[1m^[22m[39m[31m[1m^[22m[39m[31m[1m^[22m[39m
[31m[1m^[22m[39m[31m[1m^[22m[39m[31m[1m^[22m[39m[31
m[1m^[22m[39m[31m[1m^[22m[39m[31m[1m^[22m[39m[31m[
1m^[22m[39m[31m[1m^[22m[39m[31m[1m^[22m[39m[31m[1m^
[22m[39m[31m[1m^[22m[39m[31m[1m^[22m[39m[31m[1m^[2
2m[39m[31m[1m^[22m[39m[31m[1m^[22m[39m[31m[1m^[22m
[39m[31m[1m^[22m[39m[31m[1m^[22m[39m[31m[1m^[22m[39
m[31m[1m^[22m[39m[31m[1m^[22m[39m[31m[1m^[22m[39m[
31m[1m^[22m[39m[31m[1m^[22m[39m[31m[1m^[22m[39m[31m
[1m^[22m[39m[31m[1m^[22m[39m[31m[1m^[22m[39m[31m[1
m^[22m[39m[31m[1m^[22m[39m[31m[1m^[22m[39m[31m[1m^
[22m[39m[31m[1m^[22m[39m[31m[1m^[22m[39m[31m[1m^[22
m[39m[31m[1m^[22m[39m[31m[1m^[22m[39m[31m[1m^[22m[
39m[31m[1m^[22m[39m[31m[1m^[22m[39m[31m[1m^[22m[39m
[31m[1m^[22m[39m[31m[1m^[22m[39m[31m[1m^[22m[39m[3
1m[1m^[22m[39m[31m[1m^[22m[39m[31m[1m^[22m[39m[31m
[1m^[22m[39m[31m[1m^[22m[39m[31m[1m^[22m[39m[31m[1m
^[22m[39m[31m[1m^[22m[39m[31m[1m^[22m[39m[31m[1m^[
22m[39m[31m[1m^[22m[39m[31m[1m^[22m[39m[31m[1m^[22m
[39m[31m[1m^[22m[39m[31m[1m^[22m[39m
 [90m 16 |[39m [36mimport[39m { [33mFilterModal[39m } 
[36mfrom[39m [32m"@/app/app/team-management/components/Filte
rModal"[39m[33m;[39m
 [90m 17 |[39m [36mimport[39m { useSort } [36mfrom[39m 
[32m"@/hooks/use-sort"[39m[33m;[39m
 [90m 18 |[39m [36mimport[39m [33mImage[39m 
[36mfrom[39m [32m"next/image"[39m[33m;[39m[0m

Import map: aliased to relative 
'./src/app/app/team-management/components/Pagination' inside 
of [project]/


https://nextjs.org/docs/messages/module-not-found


./src/components/features/team-management/time-tracking.tsx:15:
1
Module not found: Can't resolve 
'@/app/app/team-management/components/Pagination'
[0m [90m 13 |[39m [36mimport[39m { 
getStatusClass[33m,[39m getStatusIcon[33m,[39m 
getStatusText } [36mfrom[39m 
[32m"./status-lib"[39m[33m;[39m
 [90m 14 |[39m [36mimport[39m { [33mSearchFilterBar[39m 
} [36mfrom[39m [32m"@/app/app/team-management/components/Sea
rchFilterBar"[39m[33m;[39m
[31m[1m>[22m[39m[90m 15 |[39m [36mimport[39m { 
[33mPagination[39m } [36mfrom[39m [32m"@/app/app/team-mana
gement/components/Pagination"[39m[33m;[39m
 [90m    |[39m [31m[1m^[22m[39m[31m[1m^[22m[39m[31m
[1m^[22m[39m[31m[1m^[22m[39m[31m[1m^[22m[39m[31m[1m
^[22m[39m[31m[1m^[22m[39m[31m[1m^[22m[39m[31m[1m^[
22m[39m[31m[1m^[22m[39m[31m[1m^[22m[39m[31m[1m^[22m
[39m[31m[1m^[22m[39m[31m[1m^[22m[39m[31m[1m^[22m[3
9m[31m[1m^[22m[39m[31m[1m^[22m[39m[31m[1m^[22m[39m
[31m[1m^[22m[39m[31m[1m^[22m[39m[31m[1m^[22m[39m[31
m[1m^[22m[39m[31m[1m^[22m[39m[31m[1m^[22m[39m[31m[
1m^[22m[39m[31m[1m^[22m[39m[31m[1m^[22m[39m[31m[1m^
[22m[39m[31m[1m^[22m[39m[31m[1m^[22m[39m[31m[1m^[2
2m[39m[31m[1m^[22m[39m[31m[1m^[22m[39m[31m[1m^[22m
[39m[31m[1m^[22m[39m[31m[1m^[22m[39m[31m[1m^[22m[39
m[31m[1m^[22m[39m[31m[1m^[22m[39m[31m[1m^[22m[39m[
31m[1m^[22m[39m[31m[1m^[22m[39m[31m[1m^[22m[39m[31m
[1m^[22m[39m[31m[1m^[22m[39m[31m[1m^[22m[39m[31m[1
m^[22m[39m[31m[1m^[22m[39m[31m[1m^[22m[39m[31m[1m^
[22m[39m[31m[1m^[22m[39m[31m[1m^[22m[39m[31m[1m^[22
m[39m[31m[1m^[22m[39m[31m[1m^[22m[39m[31m[1m^[22m[
39m[31m[1m^[22m[39m[31m[1m^[22m[39m[31m[1m^[22m[39m
[31m[1m^[22m[39m[31m[1m^[22m[39m[31m[1m^[22m[39m[3
1m[1m^[22m[39m[31m[1m^[22m[39m[31m[1m^[22m[39m[31m
[1m^[22m[39m[31m[1m^[22m[39m[31m[1m^[22m[39m[31m[1m
^[22m[39m[31m[1m^[22m[39m[31m[1m^[22m[39m[31m[1m^[
22m[39m[31m[1m^[22m[39m[31m[1m^[22m[39m[31m[1m^[22m
[39m[31m[1m^[22m[39m[31m[1m^[22m[39m
 [90m 16 |[39m [36mimport[39m { [33mFilterModal[39m } 
[36mfrom[39m [32m"@/app/app/team-management/components/Filte
rModal"[39m[33m;[39m
 [90m 17 |[39m [36mimport[39m { useSort } [36mfrom[39m 
[32m"@/hooks/use-sort"[39m[33m;[39m
 [90m 18 |[39m [36mimport[39m [33mImage[39m 
[36mfrom[39m [32m"next/image"[39m[33m;[39m[0m

Import map: aliased to relative 
'./src/app/app/team-management/components/Pagination' inside 
of [project]/


https://nextjs.org/docs/messages/module-not-found


./src/components/features/team-management/timeoff.tsx:14:1
Module not found: Can't resolve 
'@/app/app/team-management/components/Pagination'
[0m [90m 12 |[39m [36mimport[39m { [33mDetailsView[39m 
} [36mfrom[39m [32m"./details-view"[39m[33m;[39m
 [90m 13 |[39m [36mimport[39m { [33mSearchFilterBar[39m 
} [36mfrom[39m [32m"@/app/app/team-management/components/Sea
rchFilterBar"[39m[33m;[39m
[31m[1m>[22m[39m[90m 14 |[39m [36mimport[39m { 
[33mPagination[39m } [36mfrom[39m [32m"@/app/app/team-mana
gement/components/Pagination"[39m[33m;[39m
 [90m    |[39m [31m[1m^[22m[39m[31m[1m^[22m[39m[31m
[1m^[22m[39m[31m[1m^[22m[39m[31m[1m^[22m[39m[31m[1m
^[22m[39m[31m[1m^[22m[39m[31m[1m^[22m[39m[31m[1m^[
22m[39m[31m[1m^[22m[39m[31m[1m^[22m[39m[31m[1m^[22m
[39m[31m[1m^[22m[39m[31m[1m^[22m[39m[31m[1m^[22m[3
9m[31m[1m^[22m[39m[31m[1m^[22m[39m[31m[1m^[22m[39m
[31m[1m^[22m[39m[31m[1m^[22m[39m[31m[1m^[22m[39m[31
m[1m^[22m[39m[31m[1m^[22m[39m[31m[1m^[22m[39m[31m[
1m^[22m[39m[31m[1m^[22m[39m[31m[1m^[22m[39m[31m[1m^
[22m[39m[31m[1m^[22m[39m[31m[1m^[22m[39m[31m[1m^[2
2m[39m[31m[1m^[22m[39m[31m[1m^[22m[39m[31m[1m^[22m
[39m[31m[1m^[22m[39m[31m[1m^[22m[39m[31m[1m^[22m[39
m[31m[1m^[22m[39m[31m[1m^[22m[39m[31m[1m^[22m[39m[
31m[1m^[22m[39m[31m[1m^[22m[39m[31m[1m^[22m[39m[31m
[1m^[22m[39m[31m[1m^[22m[39m[31m[1m^[22m[39m[31m[1
m^[22m[39m[31m[1m^[22m[39m[31m[1m^[22m[39m[31m[1m^
[22m[39m[31m[1m^[22m[39m[31m[1m^[22m[39m[31m[1m^[22
m[39m[31m[1m^[22m[39m[31m[1m^[22m[39m[31m[1m^[22m[
39m[31m[1m^[22m[39m[31m[1m^[22m[39m[31m[1m^[22m[39m
[31m[1m^[22m[39m[31m[1m^[22m[39m[31m[1m^[22m[39m[3
1m[1m^[22m[39m[31m[1m^[22m[39m[31m[1m^[22m[39m[31m
[1m^[22m[39m[31m[1m^[22m[39m[31m[1m^[22m[39m[31m[1m
^[22m[39m[31m[1m^[22m[39m[31m[1m^[22m[39m[31m[1m^[
22m[39m[31m[1m^[22m[39m[31m[1m^[22m[39m[31m[1m^[22m
[39m[31m[1m^[22m[39m[31m[1m^[22m[39m
 [90m 15 |[39m [36mimport[39m { [33mFilterModal[39m } 
[36mfrom[39m [32m"@/app/app/team-management/components/Filte
rModal"[39m[33m;[39m
 [90m 16 |[39m [36mimport[39m { useSort } [36mfrom[39m 
[32m"@/hooks/use-sort"[39m[33m;[39m
 [90m 17 |[39m [36mimport[39m [33mImage[39m 
[36mfrom[39m [32m"next/image"[39m[33m;[39m[0m

Import map: aliased to relative 
'./src/app/app/team-management/components/Pagination' inside 
of [project]/


https://nextjs.org/docs/messages/module-not-found


./src/components/features/team-management/timeoff.tsx:14:1
Module not found: Can't resolve 
'@/app/app/team-management/components/Pagination'
[0m [90m 12 |[39m [36mimport[39m { [33mDetailsView[39m 
} [36mfrom[39m [32m"./details-view"[39m[33m;[39m
 [90m 13 |[39m [36mimport[39m { [33mSearchFilterBar[39m 
} [36mfrom[39m [32m"@/app/app/team-management/components/Sea
rchFilterBar"[39m[33m;[39m
[31m[1m>[22m[39m[90m 14 |[39m [36mimport[39m { 
[33mPagination[39m } [36mfrom[39m [32m"@/app/app/team-mana
gement/components/Pagination"[39m[33m;[39m
 [90m    |[39m [31m[1m^[22m[39m[31m[1m^[22m[39m[31m
[1m^[22m[39m[31m[1m^[22m[39m[31m[1m^[22m[39m[31m[1m
^[22m[39m[31m[1m^[22m[39m[31m[1m^[22m[39m[31m[1m^[
22m[39m[31m[1m^[22m[39m[31m[1m^[22m[39m[31m[1m^[22m
[39m[31m[1m^[22m[39m[31m[1m^[22m[39m[31m[1m^[22m[3
9m[31m[1m^[22m[39m[31m[1m^[22m[39m[31m[1m^[22m[39m
[31m[1m^[22m[39m[31m[1m^[22m[39m[31m[1m^[22m[39m[31
m[1m^[22m[39m[31m[1m^[22m[39m[31m[1m^[22m[39m[31m[
1m^[22m[39m[31m[1m^[22m[39m[31m[1m^[22m[39m[31m[1m^
[22m[39m[31m[1m^[22m[39m[31m[1m^[22m[39m[31m[1m^[2
2m[39m[31m[1m^[22m[39m[31m[1m^[22m[39m[31m[1m^[22m
[39m[31m[1m^[22m[39m[31m[1m^[22m[39m[31m[1m^[22m[39
m[31m[1m^[22m[39m[31m[1m^[22m[39m[31m[1m^[22m[39m[
31m[1m^[22m[39m[31m[1m^[22m[39m[31m[1m^[22m[39m[31m
[1m^[22m[39m[31m[1m^[22m[39m[31m[1m^[22m[39m[31m[1
m^[22m[39m[31m[1m^[22m[39m[31m[1m^[22m[39m[31m[1m^
[22m[39m[31m[1m^[22m[39m[31m[1m^[22m[39m[31m[1m^[22
m[39m[31m[1m^[22m[39m[31m[1m^[22m[39m[31m[1m^[22m[
39m[31m[1m^[22m[39m[31m[1m^[22m[39m[31m[1m^[22m[39m
[31m[1m^[22m[39m[31m[1m^[22m[39m[31m[1m^[22m[39m[3
1m[1m^[22m[39m[31m[1m^[22m[39m[31m[1m^[22m[39m[31m
[1m^[22m[39m[31m[1m^[22m[39m[31m[1m^[22m[39m[31m[1m
^[22m[39m[31m[1m^[22m[39m[31m[1m^[22m[39m[31m[1m^[
22m[39m[31m[1m^[22m[39m[31m[1m^[22m[39m[31m[1m^[22m
[39m[31m[1m^[22m[39m[31m[1m^[22m[39m
 [90m 15 |[39m [36mimport[39m { [33mFilterModal[39m } 
[36mfrom[39m [32m"@/app/app/team-management/components/Filte
rModal"[39m[33m;[39m
 [90m 16 |[39m [36mimport[39m { useSort } [36mfrom[39m 
[32m"@/hooks/use-sort"[39m[33m;[39m
 [90m 17 |[39m [36mimport[39m [33mImage[39m 
[36mfrom[39m [32m"next/image"[39m[33m;[39m[0m

Import map: aliased to relative 
'./src/app/app/team-management/components/Pagination' inside 
of [project]/


https://nextjs.org/docs/messages/module-not-found


./src/components/features/team-management/timeoff.tsx:14:1
Module not found: Can't resolve 
'@/app/app/team-management/components/Pagination'
[0m [90m 12 |[39m [36mimport[39m { [33mDetailsView[39m 
} [36mfrom[39m [32m"./details-view"[39m[33m;[39m
 [90m 13 |[39m [36mimport[39m { [33mSearchFilterBar[39m 
} [36mfrom[39m [32m"@/app/app/team-management/components/Sea
rchFilterBar"[39m[33m;[39m
[31m[1m>[22m[39m[90m 14 |[39m [36mimport[39m { 
[33mPagination[39m } [36mfrom[39m [32m"@/app/app/team-mana
gement/components/Pagination"[39m[33m;[39m
 [90m    |[39m [31m[1m^[22m[39m[31m[1m^[22m[39m[31m
[1m^[22m[39m[31m[1m^[22m[39m[31m[1m^[22m[39m[31m[1m
^[22m[39m[31m[1m^[22m[39m[31m[1m^[22m[39m[31m[1m^[
22m[39m[31m[1m^[22m[39m[31m[1m^[22m[39m[31m[1m^[22m
[39m[31m[1m^[22m[39m[31m[1m^[22m[39m[31m[1m^[22m[3
9m[31m[1m^[22m[39m[31m[1m^[22m[39m[31m[1m^[22m[39m
[31m[1m^[22m[39m[31m[1m^[22m[39m[31m[1m^[22m[39m[31
m[1m^[22m[39m[31m[1m^[22m[39m[31m[1m^[22m[39m[31m[
1m^[22m[39m[31m[1m^[22m[39m[31m[1m^[22m[39m[31m[1m^
[22m[39m[31m[1m^[22m[39m[31m[1m^[22m[39m[31m[1m^[2
2m[39m[31m[1m^[22m[39m[31m[1m^[22m[39m[31m[1m^[22m
[39m[31m[1m^[22m[39m[31m[1m^[22m[39m[31m[1m^[22m[39
m[31m[1m^[22m[39m[31m[1m^[22m[39m[31m[1m^[22m[39m[
31m[1m^[22m[39m[31m[1m^[22m[39m[31m[1m^[22m[39m[31m
[1m^[22m[39m[31m[1m^[22m[39m[31m[1m^[22m[39m[31m[1
m^[22m[39m[31m[1m^[22m[39m[31m[1m^[22m[39m[31m[1m^
[22m[39m[31m[1m^[22m[39m[31m[1m^[22m[39m[31m[1m^[22
m[39m[31m[1m^[22m[39m[31m[1m^[22m[39m[31m[1m^[22m[
39m[31m[1m^[22m[39m[31m[1m^[22m[39m[31m[1m^[22m[39m
[31m[1m^[22m[39m[31m[1m^[22m[39m[31m[1m^[22m[39m[3
1m[1m^[22m[39m[31m[1m^[22m[39m[31m[1m^[22m[39m[31m
[1m^[22m[39m[31m[1m^[22m[39m[31m[1m^[22m[39m[31m[1m
^[22m[39m[31m[1m^[22m[39m[31m[1m^[22m[39m[31m[1m^[
22m[39m[31m[1m^[22m[39m[31m[1m^[22m[39m[31m[1m^[22m
[39m[31m[1m^[22m[39m[31m[1m^[22m[39m
 [90m 15 |[39m [36mimport[39m { [33mFilterModal[39m } 
[36mfrom[39m [32m"@/app/app/team-management/components/Filte
rModal"[39m[33m;[39m
 [90m 16 |[39m [36mimport[39m { useSort } [36mfrom[39m 
[32m"@/hooks/use-sort"[39m[33m;[39m
 [90m 17 |[39m [36mimport[39m [33mImage[39m 
[36mfrom[39m [32m"next/image"[39m[33m;[39m[0m

Import map: aliased to relative 
'./src/app/app/team-management/components/Pagination' inside 
of [project]/


https://nextjs.org/docs/messages/module-not-found


./src/components/features/team-management/timeoff.tsx:14:1
Module not found: Can't resolve 
'@/app/app/team-management/components/Pagination'
[0m [90m 12 |[39m [36mimport[39m { [33mDetailsView[39m 
} [36mfrom[39m [32m"./details-view"[39m[33m;[39m
 [90m 13 |[39m [36mimport[39m { [33mSearchFilterBar[39m 
} [36mfrom[39m [32m"@/app/app/team-management/components/Sea
rchFilterBar"[39m[33m;[39m
[31m[1m>[22m[39m[90m 14 |[39m [36mimport[39m { 
[33mPagination[39m } [36mfrom[39m [32m"@/app/app/team-mana
gement/components/Pagination"[39m[33m;[39m
 [90m    |[39m [31m[1m^[22m[39m[31m[1m^[22m[39m[31m
[1m^[22m[39m[31m[1m^[22m[39m[31m[1m^[22m[39m[31m[1m
^[22m[39m[31m[1m^[22m[39m[31m[1m^[22m[39m[31m[1m^[
22m[39m[31m[1m^[22m[39m[31m[1m^[22m[39m[31m[1m^[22m
[39m[31m[1m^[22m[39m[31m[1m^[22m[39m[31m[1m^[22m[3
9m[31m[1m^[22m[39m[31m[1m^[22m[39m[31m[1m^[22m[39m
[31m[1m^[22m[39m[31m[1m^[22m[39m[31m[1m^[22m[39m[31
m[1m^[22m[39m[31m[1m^[22m[39m[31m[1m^[22m[39m[31m[
1m^[22m[39m[31m[1m^[22m[39m[31m[1m^[22m[39m[31m[1m^
[22m[39m[31m[1m^[22m[39m[31m[1m^[22m[39m[31m[1m^[2
2m[39m[31m[1m^[22m[39m[31m[1m^[22m[39m[31m[1m^[22m
[39m[31m[1m^[22m[39m[31m[1m^[22m[39m[31m[1m^[22m[39
m[31m[1m^[22m[39m[31m[1m^[22m[39m[31m[1m^[22m[39m[
31m[1m^[22m[39m[31m[1m^[22m[39m[31m[1m^[22m[39m[31m
[1m^[22m[39m[31m[1m^[22m[39m[31m[1m^[22m[39m[31m[1
m^[22m[39m[31m[1m^[22m[39m[31m[1m^[22m[39m[31m[1m^
[22m[39m[31m[1m^[22m[39m[31m[1m^[22m[39m[31m[1m^[22
m[39m[31m[1m^[22m[39m[31m[1m^[22m[39m[31m[1m^[22m[
39m[31m[1m^[22m[39m[31m[1m^[22m[39m[31m[1m^[22m[39m
[31m[1m^[22m[39m[31m[1m^[22m[39m[31m[1m^[22m[39m[3
1m[1m^[22m[39m[31m[1m^[22m[39m[31m[1m^[22m[39m[31m
[1m^[22m[39m[31m[1m^[22m[39m[31m[1m^[22m[39m[31m[1m
^[22m[39m[31m[1m^[22m[39m[31m[1m^[22m[39m[31m[1m^[
22m[39m[31m[1m^[22m[39m[31m[1m^[22m[39m[31m[1m^[22m
[39m[31m[1m^[22m[39m[31m[1m^[22m[39m
 [90m 15 |[39m [36mimport[39m { [33mFilterModal[39m } 
[36mfrom[39m [32m"@/app/app/team-management/components/Filte
rModal"[39m[33m;[39m
 [90m 16 |[39m [36mimport[39m { useSort } [36mfrom[39m 
[32m"@/hooks/use-sort"[39m[33m;[39m
 [90m 17 |[39m [36mimport[39m [33mImage[39m 
[36mfrom[39m [32m"next/image"[39m[33m;[39m[0m

Import map: aliased to relative 
'./src/app/app/team-management/components/Pagination' inside 
of [project]/


https://nextjs.org/docs/messages/module-not-found


./src/components/features/team-management/employees.tsx:5:1
Module not found: Can't resolve 
'@/app/app/team-management/components/SearchFilterBar'
[0m [90m 3 |[39m [36mimport[39m 
[33mReact[39m[33m,[39m { useState } [36mfrom[39m 
[32m"react"[39m[33m;[39m
 [90m 4 |[39m [36mimport[39m [33mImage[39m 
[36mfrom[39m [32m"next/image"[39m[33m;[39m
[31m[1m>[22m[39m[90m 5 |[39m [36mimport[39m { 
[33mSearchFilterBar[39m } [36mfrom[39m [32m"@/app/app/team
-management/components/SearchFilterBar"[39m[33m;[39m
 [90m   |[39m [31m[1m^[22m[39m[31m[1m^[22m[39m[31m[
1m^[22m[39m[31m[1m^[22m[39m[31m[1m^[22m[39m[31m[1m^
[22m[39m[31m[1m^[22m[39m[31m[1m^[22m[39m[31m[1m^[2
2m[39m[31m[1m^[22m[39m[31m[1m^[22m[39m[31m[1m^[22m
[39m[31m[1m^[22m[39m[31m[1m^[22m[39m[31m[1m^[22m[39
m[31m[1m^[22m[39m[31m[1m^[22m[39m[31m[1m^[22m[39m[
31m[1m^[22m[39m[31m[1m^[22m[39m[31m[1m^[22m[39m[31m
[1m^[22m[39m[31m[1m^[22m[39m[31m[1m^[22m[39m[31m[1
m^[22m[39m[31m[1m^[22m[39m[31m[1m^[22m[39m[31m[1m^
[22m[39m[31m[1m^[22m[39m[31m[1m^[22m[39m[31m[1m^[22
m[39m[31m[1m^[22m[39m[31m[1m^[22m[39m[31m[1m^[22m[
39m[31m[1m^[22m[39m[31m[1m^[22m[39m[31m[1m^[22m[39m
[31m[1m^[22m[39m[31m[1m^[22m[39m[31m[1m^[22m[39m[3
1m[1m^[22m[39m[31m[1m^[22m[39m[31m[1m^[22m[39m[31m
[1m^[22m[39m[31m[1m^[22m[39m[31m[1m^[22m[39m[31m[1m
^[22m[39m[31m[1m^[22m[39m[31m[1m^[22m[39m[31m[1m^[
22m[39m[31m[1m^[22m[39m[31m[1m^[22m[39m[31m[1m^[22m
[39m[31m[1m^[22m[39m[31m[1m^[22m[39m[31m[1m^[22m[3
9m[31m[1m^[22m[39m[31m[1m^[22m[39m[31m[1m^[22m[39m
[31m[1m^[22m[39m[31m[1m^[22m[39m[31m[1m^[22m[39m[31
m[1m^[22m[39m[31m[1m^[22m[39m[31m[1m^[22m[39m[31m[
1m^[22m[39m[31m[1m^[22m[39m[31m[1m^[22m[39m[31m[1m^
[22m[39m[31m[1m^[22m[39m[31m[1m^[22m[39m[31m[1m^[2
2m[39m[31m[1m^[22m[39m[31m[1m^[22m[39m[31m[1m^[22m
[39m[31m[1m^[22m[39m[31m[1m^[22m[39m[31m[1m^[22m[39
m[31m[1m^[22m[39m[31m[1m^[22m[39m[31m[1m^[22m[39m[
31m[1m^[22m[39m[31m[1m^[22m[39m[31m[1m^[22m[39m[31m
[1m^[22m[39m[31m[1m^[22m[39m[31m[1m^[22m[39m
 [90m 6 |[39m [36mimport[39m { [33mTeamEmptyState[39m } 
[36mfrom[39m [32m"@/app/app/team-management/components/TeamE
mptyState"[39m[33m;[39m
 [90m 7 |[39m [36mimport[39m { [33mPagination[39m } 
[36mfrom[39m [32m"@/app/app/team-management/components/Pagin
ation"[39m[33m;[39m
 [90m 8 |[39m [36mimport[39m { [33mFilterModal[39m } 
[36mfrom[39m [32m"@/app/app/team-management/components/Filte
rModal"[39m[33m;[39m[0m

Import map: aliased to relative 
'./src/app/app/team-management/components/SearchFilterBar' 
inside of [project]/


https://nextjs.org/docs/messages/module-not-found


./src/components/features/team-management/employees.tsx:5:1
Module not found: Can't resolve 
'@/app/app/team-management/components/SearchFilterBar'
[0m [90m 3 |[39m [36mimport[39m 
[33mReact[39m[33m,[39m { useState } [36mfrom[39m 
[32m"react"[39m[33m;[39m
 [90m 4 |[39m [36mimport[39m [33mImage[39m 
[36mfrom[39m [32m"next/image"[39m[33m;[39m
[31m[1m>[22m[39m[90m 5 |[39m [36mimport[39m { 
[33mSearchFilterBar[39m } [36mfrom[39m [32m"@/app/app/team
-management/components/SearchFilterBar"[39m[33m;[39m
 [90m   |[39m [31m[1m^[22m[39m[31m[1m^[22m[39m[31m[
1m^[22m[39m[31m[1m^[22m[39m[31m[1m^[22m[39m[31m[1m^
[22m[39m[31m[1m^[22m[39m[31m[1m^[22m[39m[31m[1m^[2
2m[39m[31m[1m^[22m[39m[31m[1m^[22m[39m[31m[1m^[22m
[39m[31m[1m^[22m[39m[31m[1m^[22m[39m[31m[1m^[22m[39
m[31m[1m^[22m[39m[31m[1m^[22m[39m[31m[1m^[22m[39m[
31m[1m^[22m[39m[31m[1m^[22m[39m[31m[1m^[22m[39m[31m
[1m^[22m[39m[31m[1m^[22m[39m[31m[1m^[22m[39m[31m[1
m^[22m[39m[31m[1m^[22m[39m[31m[1m^[22m[39m[31m[1m^
[22m[39m[31m[1m^[22m[39m[31m[1m^[22m[39m[31m[1m^[22
m[39m[31m[1m^[22m[39m[31m[1m^[22m[39m[31m[1m^[22m[
39m[31m[1m^[22m[39m[31m[1m^[22m[39m[31m[1m^[22m[39m
[31m[1m^[22m[39m[31m[1m^[22m[39m[31m[1m^[22m[39m[3
1m[1m^[22m[39m[31m[1m^[22m[39m[31m[1m^[22m[39m[31m
[1m^[22m[39m[31m[1m^[22m[39m[31m[1m^[22m[39m[31m[1m
^[22m[39m[31m[1m^[22m[39m[31m[1m^[22m[39m[31m[1m^[
22m[39m[31m[1m^[22m[39m[31m[1m^[22m[39m[31m[1m^[22m
[39m[31m[1m^[22m[39m[31m[1m^[22m[39m[31m[1m^[22m[3
9m[31m[1m^[22m[39m[31m[1m^[22m[39m[31m[1m^[22m[39m
[31m[1m^[22m[39m[31m[1m^[22m[39m[31m[1m^[22m[39m[31
m[1m^[22m[39m[31m[1m^[22m[39m[31m[1m^[22m[39m[31m[
1m^[22m[39m[31m[1m^[22m[39m[31m[1m^[22m[39m[31m[1m^
[22m[39m[31m[1m^[22m[39m[31m[1m^[22m[39m[31m[1m^[2
2m[39m[31m[1m^[22m[39m[31m[1m^[22m[39m[31m[1m^[22m
[39m[31m[1m^[22m[39m[31m[1m^[22m[39m[31m[1m^[22m[39
m[31m[1m^[22m[39m[31m[1m^[22m[39m[31m[1m^[22m[39m[
31m[1m^[22m[39m[31m[1m^[22m[39m[31m[1m^[22m[39m[31m
[1m^[22m[39m[31m[1m^[22m[39m[31m[1m^[22m[39m
 [90m 6 |[39m [36mimport[39m { [33mTeamEmptyState[39m } 
[36mfrom[39m [32m"@/app/app/team-management/components/TeamE
mptyState"[39m[33m;[39m
 [90m 7 |[39m [36mimport[39m { [33mPagination[39m } 
[36mfrom[39m [32m"@/app/app/team-management/components/Pagin
ation"[39m[33m;[39m
 [90m 8 |[39m [36mimport[39m { [33mFilterModal[39m } 
[36mfrom[39m [32m"@/app/app/team-management/components/Filte
rModal"[39m[33m;[39m[0m

Import map: aliased to relative 
'./src/app/app/team-management/components/SearchFilterBar' 
inside of [project]/


https://nextjs.org/docs/messages/module-not-found


./src/components/features/team-management/employees.tsx:5:1
Module not found: Can't resolve 
'@/app/app/team-management/components/SearchFilterBar'
[0m [90m 3 |[39m [36mimport[39m 
[33mReact[39m[33m,[39m { useState } [36mfrom[39m 
[32m"react"[39m[33m;[39m
 [90m 4 |[39m [36mimport[39m [33mImage[39m 
[36mfrom[39m [32m"next/image"[39m[33m;[39m
[31m[1m>[22m[39m[90m 5 |[39m [36mimport[39m { 
[33mSearchFilterBar[39m } [36mfrom[39m [32m"@/app/app/team
-management/components/SearchFilterBar"[39m[33m;[39m
 [90m   |[39m [31m[1m^[22m[39m[31m[1m^[22m[39m[31m[
1m^[22m[39m[31m[1m^[22m[39m[31m[1m^[22m[39m[31m[1m^
[22m[39m[31m[1m^[22m[39m[31m[1m^[22m[39m[31m[1m^[2
2m[39m[31m[1m^[22m[39m[31m[1m^[22m[39m[31m[1m^[22m
[39m[31m[1m^[22m[39m[31m[1m^[22m[39m[31m[1m^[22m[39
m[31m[1m^[22m[39m[31m[1m^[22m[39m[31m[1m^[22m[39m[
31m[1m^[22m[39m[31m[1m^[22m[39m[31m[1m^[22m[39m[31m
[1m^[22m[39m[31m[1m^[22m[39m[31m[1m^[22m[39m[31m[1
m^[22m[39m[31m[1m^[22m[39m[31m[1m^[22m[39m[31m[1m^
[22m[39m[31m[1m^[22m[39m[31m[1m^[22m[39m[31m[1m^[22
m[39m[31m[1m^[22m[39m[31m[1m^[22m[39m[31m[1m^[22m[
39m[31m[1m^[22m[39m[31m[1m^[22m[39m[31m[1m^[22m[39m
[31m[1m^[22m[39m[31m[1m^[22m[39m[31m[1m^[22m[39m[3
1m[1m^[22m[39m[31m[1m^[22m[39m[31m[1m^[22m[39m[31m
[1m^[22m[39m[31m[1m^[22m[39m[31m[1m^[22m[39m[31m[1m
^[22m[39m[31m[1m^[22m[39m[31m[1m^[22m[39m[31m[1m^[
22m[39m[31m[1m^[22m[39m[31m[1m^[22m[39m[31m[1m^[22m
[39m[31m[1m^[22m[39m[31m[1m^[22m[39m[31m[1m^[22m[3
9m[31m[1m^[22m[39m[31m[1m^[22m[39m[31m[1m^[22m[39m
[31m[1m^[22m[39m[31m[1m^[22m[39m[31m[1m^[22m[39m[31
m[1m^[22m[39m[31m[1m^[22m[39m[31m[1m^[22m[39m[31m[
1m^[22m[39m[31m[1m^[22m[39m[31m[1m^[22m[39m[31m[1m^
[22m[39m[31m[1m^[22m[39m[31m[1m^[22m[39m[31m[1m^[2
2m[39m[31m[1m^[22m[39m[31m[1m^[22m[39m[31m[1m^[22m
[39m[31m[1m^[22m[39m[31m[1m^[22m[39m[31m[1m^[22m[39
m[31m[1m^[22m[39m[31m[1m^[22m[39m[31m[1m^[22m[39m[
31m[1m^[22m[39m[31m[1m^[22m[39m[31m[1m^[22m[39m[31m
[1m^[22m[39m[31m[1m^[22m[39m[31m[1m^[22m[39m
 [90m 6 |[39m [36mimport[39m { [33mTeamEmptyState[39m } 
[36mfrom[39m [32m"@/app/app/team-management/components/TeamE
mptyState"[39m[33m;[39m
 [90m 7 |[39m [36mimport[39m { [33mPagination[39m } 
[36mfrom[39m [32m"@/app/app/team-management/components/Pagin
ation"[39m[33m;[39m
 [90m 8 |[39m [36mimport[39m { [33mFilterModal[39m } 
[36mfrom[39m [32m"@/app/app/team-management/components/Filte
rModal"[39m[33m;[39m[0m

Import map: aliased to relative 
'./src/app/app/team-management/components/SearchFilterBar' 
inside of [project]/


https://nextjs.org/docs/messages/module-not-found


./src/components/features/team-management/employees.tsx:5:1
Module not found: Can't resolve 
'@/app/app/team-management/components/SearchFilterBar'
[0m [90m 3 |[39m [36mimport[39m 
[33mReact[39m[33m,[39m { useState } [36mfrom[39m 
[32m"react"[39m[33m;[39m
 [90m 4 |[39m [36mimport[39m [33mImage[39m 
[36mfrom[39m [32m"next/image"[39m[33m;[39m
[31m[1m>[22m[39m[90m 5 |[39m [36mimport[39m { 
[33mSearchFilterBar[39m } [36mfrom[39m [32m"@/app/app/team
-management/components/SearchFilterBar"[39m[33m;[39m
 [90m   |[39m [31m[1m^[22m[39m[31m[1m^[22m[39m[31m[
1m^[22m[39m[31m[1m^[22m[39m[31m[1m^[22m[39m[31m[1m^
[22m[39m[31m[1m^[22m[39m[31m[1m^[22m[39m[31m[1m^[2
2m[39m[31m[1m^[22m[39m[31m[1m^[22m[39m[31m[1m^[22m
[39m[31m[1m^[22m[39m[31m[1m^[22m[39m[31m[1m^[22m[39
m[31m[1m^[22m[39m[31m[1m^[22m[39m[31m[1m^[22m[39m[
31m[1m^[22m[39m[31m[1m^[22m[39m[31m[1m^[22m[39m[31m
[1m^[22m[39m[31m[1m^[22m[39m[31m[1m^[22m[39m[31m[1
m^[22m[39m[31m[1m^[22m[39m[31m[1m^[22m[39m[31m[1m^
[22m[39m[31m[1m^[22m[39m[31m[1m^[22m[39m[31m[1m^[22
m[39m[31m[1m^[22m[39m[31m[1m^[22m[39m[31m[1m^[22m[
39m[31m[1m^[22m[39m[31m[1m^[22m[39m[31m[1m^[22m[39m
[31m[1m^[22m[39m[31m[1m^[22m[39m[31m[1m^[22m[39m[3
1m[1m^[22m[39m[31m[1m^[22m[39m[31m[1m^[22m[39m[31m
[1m^[22m[39m[31m[1m^[22m[39m[31m[1m^[22m[39m[31m[1m
^[22m[39m[31m[1m^[22m[39m[31m[1m^[22m[39m[31m[1m^[
22m[39m[31m[1m^[22m[39m[31m[1m^[22m[39m[31m[1m^[22m
[39m[31m[1m^[22m[39m[31m[1m^[22m[39m[31m[1m^[22m[3
9m[31m[1m^[22m[39m[31m[1m^[22m[39m[31m[1m^[22m[39m
[31m[1m^[22m[39m[31m[1m^[22m[39m[31m[1m^[22m[39m[31
m[1m^[22m[39m[31m[1m^[22m[39m[31m[1m^[22m[39m[31m[
1m^[22m[39m[31m[1m^[22m[39m[31m[1m^[22m[39m[31m[1m^
[22m[39m[31m[1m^[22m[39m[31m[1m^[22m[39m[31m[1m^[2
2m[39m[31m[1m^[22m[39m[31m[1m^[22m[39m[31m[1m^[22m
[39m[31m[1m^[22m[39m[31m[1m^[22m[39m[31m[1m^[22m[39
m[31m[1m^[22m[39m[31m[1m^[22m[39m[31m[1m^[22m[39m[
31m[1m^[22m[39m[31m[1m^[22m[39m[31m[1m^[22m[39m[31m
[1m^[22m[39m[31m[1m^[22m[39m[31m[1m^[22m[39m
 [90m 6 |[39m [36mimport[39m { [33mTeamEmptyState[39m } 
[36mfrom[39m [32m"@/app/app/team-management/components/TeamE
mptyState"[39m[33m;[39m
 [90m 7 |[39m [36mimport[39m { [33mPagination[39m } 
[36mfrom[39m [32m"@/app/app/team-management/components/Pagin
ation"[39m[33m;[39m
 [90m 8 |[39m [36mimport[39m { [33mFilterModal[39m } 
[36mfrom[39m [32m"@/app/app/team-management/components/Filte
rModal"[39m[33m;[39m[0m

Import map: aliased to relative 
'./src/app/app/team-management/components/SearchFilterBar' 
inside of [project]/


https://nextjs.org/docs/messages/module-not-found


./src/components/features/team-management/expense.tsx:14:1
Module not found: Can't resolve 
'@/app/app/team-management/components/SearchFilterBar'
[0m [90m 12 |[39m [36mimport[39m { 
[33mDetailsConfig[39m } [36mfrom[39m 
[32m"./details.types"[39m[33m;[39m
 [90m 13 |[39m [36mimport[39m { [33mDetailsView[39m } 
[36mfrom[39m [32m"./details-view"[39m[33m;[39m
[31m[1m>[22m[39m[90m 14 |[39m [36mimport[39m { 
[33mSearchFilterBar[39m } [36mfrom[39m [32m"@/app/app/team
-management/components/SearchFilterBar"[39m[33m;[39m
 [90m    |[39m [31m[1m^[22m[39m[31m[1m^[22m[39m[31m
[1m^[22m[39m[31m[1m^[22m[39m[31m[1m^[22m[39m[31m[1m
^[22m[39m[31m[1m^[22m[39m[31m[1m^[22m[39m[31m[1m^[
22m[39m[31m[1m^[22m[39m[31m[1m^[22m[39m[31m[1m^[22m
[39m[31m[1m^[22m[39m[31m[1m^[22m[39m[31m[1m^[22m[3
9m[31m[1m^[22m[39m[31m[1m^[22m[39m[31m[1m^[22m[39m
[31m[1m^[22m[39m[31m[1m^[22m[39m[31m[1m^[22m[39m[31
m[1m^[22m[39m[31m[1m^[22m[39m[31m[1m^[22m[39m[31m[
1m^[22m[39m[31m[1m^[22m[39m[31m[1m^[22m[39m[31m[1m^
[22m[39m[31m[1m^[22m[39m[31m[1m^[22m[39m[31m[1m^[2
2m[39m[31m[1m^[22m[39m[31m[1m^[22m[39m[31m[1m^[22m
[39m[31m[1m^[22m[39m[31m[1m^[22m[39m[31m[1m^[22m[39
m[31m[1m^[22m[39m[31m[1m^[22m[39m[31m[1m^[22m[39m[
31m[1m^[22m[39m[31m[1m^[22m[39m[31m[1m^[22m[39m[31m
[1m^[22m[39m[31m[1m^[22m[39m[31m[1m^[22m[39m[31m[1
m^[22m[39m[31m[1m^[22m[39m[31m[1m^[22m[39m[31m[1m^
[22m[39m[31m[1m^[22m[39m[31m[1m^[22m[39m[31m[1m^[22
m[39m[31m[1m^[22m[39m[31m[1m^[22m[39m[31m[1m^[22m[
39m[31m[1m^[22m[39m[31m[1m^[22m[39m[31m[1m^[22m[39m
[31m[1m^[22m[39m[31m[1m^[22m[39m[31m[1m^[22m[39m[3
1m[1m^[22m[39m[31m[1m^[22m[39m[31m[1m^[22m[39m[31m
[1m^[22m[39m[31m[1m^[22m[39m[31m[1m^[22m[39m[31m[1m
^[22m[39m[31m[1m^[22m[39m[31m[1m^[22m[39m[31m[1m^[
22m[39m[31m[1m^[22m[39m[31m[1m^[22m[39m[31m[1m^[22m
[39m[31m[1m^[22m[39m[31m[1m^[22m[39m[31m[1m^[22m[3
9m[31m[1m^[22m[39m[31m[1m^[22m[39m[31m[1m^[22m[39m
[31m[1m^[22m[39m[31m[1m^[22m[39m[31m[1m^[22m[39m[31
m[1m^[22m[39m[31m[1m^[22m[39m[31m[1m^[22m[39m
 [90m 15 |[39m [36mimport[39m { [33mPagination[39m } 
[36mfrom[39m [32m"@/app/app/team-management/components/Pagin
ation"[39m[33m;[39m
 [90m 16 |[39m [36mimport[39m { [33mFilterModal[39m } 
[36mfrom[39m [32m"@/app/app/team-management/components/Filte
rModal"[39m[33m;[39m
 [90m 17 |[39m [36mimport[39m { useSort } [36mfrom[39m 
[32m"@/hooks/use-sort"[39m[33m;[39m[0m

Import map: aliased to relative 
'./src/app/app/team-management/components/SearchFilterBar' 
inside of [project]/


https://nextjs.org/docs/messages/module-not-found


./src/components/features/team-management/expense.tsx:14:1
Module not found: Can't resolve 
'@/app/app/team-management/components/SearchFilterBar'
[0m [90m 12 |[39m [36mimport[39m { 
[33mDetailsConfig[39m } [36mfrom[39m 
[32m"./details.types"[39m[33m;[39m
 [90m 13 |[39m [36mimport[39m { [33mDetailsView[39m } 
[36mfrom[39m [32m"./details-view"[39m[33m;[39m
[31m[1m>[22m[39m[90m 14 |[39m [36mimport[39m { 
[33mSearchFilterBar[39m } [36mfrom[39m [32m"@/app/app/team
-management/components/SearchFilterBar"[39m[33m;[39m
 [90m    |[39m [31m[1m^[22m[39m[31m[1m^[22m[39m[31m
[1m^[22m[39m[31m[1m^[22m[39m[31m[1m^[22m[39m[31m[1m
^[22m[39m[31m[1m^[22m[39m[31m[1m^[22m[39m[31m[1m^[
22m[39m[31m[1m^[22m[39m[31m[1m^[22m[39m[31m[1m^[22m
[39m[31m[1m^[22m[39m[31m[1m^[22m[39m[31m[1m^[22m[3
9m[31m[1m^[22m[39m[31m[1m^[22m[39m[31m[1m^[22m[39m
[31m[1m^[22m[39m[31m[1m^[22m[39m[31m[1m^[22m[39m[31
m[1m^[22m[39m[31m[1m^[22m[39m[31m[1m^[22m[39m[31m[
1m^[22m[39m[31m[1m^[22m[39m[31m[1m^[22m[39m[31m[1m^
[22m[39m[31m[1m^[22m[39m[31m[1m^[22m[39m[31m[1m^[2
2m[39m[31m[1m^[22m[39m[31m[1m^[22m[39m[31m[1m^[22m
[39m[31m[1m^[22m[39m[31m[1m^[22m[39m[31m[1m^[22m[39
m[31m[1m^[22m[39m[31m[1m^[22m[39m[31m[1m^[22m[39m[
31m[1m^[22m[39m[31m[1m^[22m[39m[31m[1m^[22m[39m[31m
[1m^[22m[39m[31m[1m^[22m[39m[31m[1m^[22m[39m[31m[1
m^[22m[39m[31m[1m^[22m[39m[31m[1m^[22m[39m[31m[1m^
[22m[39m[31m[1m^[22m[39m[31m[1m^[22m[39m[31m[1m^[22
m[39m[31m[1m^[22m[39m[31m[1m^[22m[39m[31m[1m^[22m[
39m[31m[1m^[22m[39m[31m[1m^[22m[39m[31m[1m^[22m[39m
[31m[1m^[22m[39m[31m[1m^[22m[39m[31m[1m^[22m[39m[3
1m[1m^[22m[39m[31m[1m^[22m[39m[31m[1m^[22m[39m[31m
[1m^[22m[39m[31m[1m^[22m[39m[31m[1m^[22m[39m[31m[1m
^[22m[39m[31m[1m^[22m[39m[31m[1m^[22m[39m[31m[1m^[
22m[39m[31m[1m^[22m[39m[31m[1m^[22m[39m[31m[1m^[22m
[39m[31m[1m^[22m[39m[31m[1m^[22m[39m[31m[1m^[22m[3
9m[31m[1m^[22m[39m[31m[1m^[22m[39m[31m[1m^[22m[39m
[31m[1m^[22m[39m[31m[1m^[22m[39m[31m[1m^[22m[39m[31
m[1m^[22m[39m[31m[1m^[22m[39m[31m[1m^[22m[39m
 [90m 15 |[39m [36mimport[39m { [33mPagination[39m } 
[36mfrom[39m [32m"@/app/app/team-management/components/Pagin
ation"[39m[33m;[39m
 [90m 16 |[39m [36mimport[39m { [33mFilterModal[39m } 
[36mfrom[39m [32m"@/app/app/team-management/components/Filte
rModal"[39m[33m;[39m
 [90m 17 |[39m [36mimport[39m { useSort } [36mfrom[39m 
[32m"@/hooks/use-sort"[39m[33m;[39m[0m

Import map: aliased to relative 
'./src/app/app/team-management/components/SearchFilterBar' 
inside of [project]/


https://nextjs.org/docs/messages/module-not-found


./src/components/features/team-management/expense.tsx:14:1
Module not found: Can't resolve 
'@/app/app/team-management/components/SearchFilterBar'
[0m [90m 12 |[39m [36mimport[39m { 
[33mDetailsConfig[39m } [36mfrom[39m 
[32m"./details.types"[39m[33m;[39m
 [90m 13 |[39m [36mimport[39m { [33mDetailsView[39m } 
[36mfrom[39m [32m"./details-view"[39m[33m;[39m
[31m[1m>[22m[39m[90m 14 |[39m [36mimport[39m { 
[33mSearchFilterBar[39m } [36mfrom[39m [32m"@/app/app/team
-management/components/SearchFilterBar"[39m[33m;[39m
 [90m    |[39m [31m[1m^[22m[39m[31m[1m^[22m[39m[31m
[1m^[22m[39m[31m[1m^[22m[39m[31m[1m^[22m[39m[31m[1m
^[22m[39m[31m[1m^[22m[39m[31m[1m^[22m[39m[31m[1m^[
22m[39m[31m[1m^[22m[39m[31m[1m^[22m[39m[31m[1m^[22m
[39m[31m[1m^[22m[39m[31m[1m^[22m[39m[31m[1m^[22m[3
9m[31m[1m^[22m[39m[31m[1m^[22m[39m[31m[1m^[22m[39m
[31m[1m^[22m[39m[31m[1m^[22m[39m[31m[1m^[22m[39m[31
m[1m^[22m[39m[31m[1m^[22m[39m[31m[1m^[22m[39m[31m[
1m^[22m[39m[31m[1m^[22m[39m[31m[1m^[22m[39m[31m[1m^
[22m[39m[31m[1m^[22m[39m[31m[1m^[22m[39m[31m[1m^[2
2m[39m[31m[1m^[22m[39m[31m[1m^[22m[39m[31m[1m^[22m
[39m[31m[1m^[22m[39m[31m[1m^[22m[39m[31m[1m^[22m[39
m[31m[1m^[22m[39m[31m[1m^[22m[39m[31m[1m^[22m[39m[
31m[1m^[22m[39m[31m[1m^[22m[39m[31m[1m^[22m[39m[31m
[1m^[22m[39m[31m[1m^[22m[39m[31m[1m^[22m[39m[31m[1
m^[22m[39m[31m[1m^[22m[39m[31m[1m^[22m[39m[31m[1m^
[22m[39m[31m[1m^[22m[39m[31m[1m^[22m[39m[31m[1m^[22
m[39m[31m[1m^[22m[39m[31m[1m^[22m[39m[31m[1m^[22m[
39m[31m[1m^[22m[39m[31m[1m^[22m[39m[31m[1m^[22m[39m
[31m[1m^[22m[39m[31m[1m^[22m[39m[31m[1m^[22m[39m[3
1m[1m^[22m[39m[31m[1m^[22m[39m[31m[1m^[22m[39m[31m
[1m^[22m[39m[31m[1m^[22m[39m[31m[1m^[22m[39m[31m[1m
^[22m[39m[31m[1m^[22m[39m[31m[1m^[22m[39m[31m[1m^[
22m[39m[31m[1m^[22m[39m[31m[1m^[22m[39m[31m[1m^[22m
[39m[31m[1m^[22m[39m[31m[1m^[22m[39m[31m[1m^[22m[3
9m[31m[1m^[22m[39m[31m[1m^[22m[39m[31m[1m^[22m[39m
[31m[1m^[22m[39m[31m[1m^[22m[39m[31m[1m^[22m[39m[31
m[1m^[22m[39m[31m[1m^[22m[39m[31m[1m^[22m[39m
 [90m 15 |[39m [36mimport[39m { [33mPagination[39m } 
[36mfrom[39m [32m"@/app/app/team-management/components/Pagin
ation"[39m[33m;[39m
 [90m 16 |[39m [36mimport[39m { [33mFilterModal[39m } 
[36mfrom[39m [32m"@/app/app/team-management/components/Filte
rModal"[39m[33m;[39m
 [90m 17 |[39m [36mimport[39m { useSort } [36mfrom[39m 
[32m"@/hooks/use-sort"[39m[33m;[39m[0m

Import map: aliased to relative 
'./src/app/app/team-management/components/SearchFilterBar' 
inside of [project]/


https://nextjs.org/docs/messages/module-not-found


./src/components/features/team-management/expense.tsx:14:1
Module not found: Can't resolve 
'@/app/app/team-management/components/SearchFilterBar'
[0m [90m 12 |[39m [36mimport[39m { 
[33mDetailsConfig[39m } [36mfrom[39m 
[32m"./details.types"[39m[33m;[39m
 [90m 13 |[39m [36mimport[39m { [33mDetailsView[39m } 
[36mfrom[39m [32m"./details-view"[39m[33m;[39m
[31m[1m>[22m[39m[90m 14 |[39m [36mimport[39m { 
[33mSearchFilterBar[39m } [36mfrom[39m [32m"@/app/app/team
-management/components/SearchFilterBar"[39m[33m;[39m
 [90m    |[39m [31m[1m^[22m[39m[31m[1m^[22m[39m[31m
[1m^[22m[39m[31m[1m^[22m[39m[31m[1m^[22m[39m[31m[1m
^[22m[39m[31m[1m^[22m[39m[31m[1m^[22m[39m[31m[1m^[
22m[39m[31m[1m^[22m[39m[31m[1m^[22m[39m[31m[1m^[22m
[39m[31m[1m^[22m[39m[31m[1m^[22m[39m[31m[1m^[22m[3
9m[31m[1m^[22m[39m[31m[1m^[22m[39m[31m[1m^[22m[39m
[31m[1m^[22m[39m[31m[1m^[22m[39m[31m[1m^[22m[39m[31
m[1m^[22m[39m[31m[1m^[22m[39m[31m[1m^[22m[39m[31m[
1m^[22m[39m[31m[1m^[22m[39m[31m[1m^[22m[39m[31m[1m^
[22m[39m[31m[1m^[22m[39m[31m[1m^[22m[39m[31m[1m^[2
2m[39m[31m[1m^[22m[39m[31m[1m^[22m[39m[31m[1m^[22m
[39m[31m[1m^[22m[39m[31m[1m^[22m[39m[31m[1m^[22m[39
m[31m[1m^[22m[39m[31m[1m^[22m[39m[31m[1m^[22m[39m[
31m[1m^[22m[39m[31m[1m^[22m[39m[31m[1m^[22m[39m[31m
[1m^[22m[39m[31m[1m^[22m[39m[31m[1m^[22m[39m[31m[1
m^[22m[39m[31m[1m^[22m[39m[31m[1m^[22m[39m[31m[1m^
[22m[39m[31m[1m^[22m[39m[31m[1m^[22m[39m[31m[1m^[22
m[39m[31m[1m^[22m[39m[31m[1m^[22m[39m[31m[1m^[22m[
39m[31m[1m^[22m[39m[31m[1m^[22m[39m[31m[1m^[22m[39m
[31m[1m^[22m[39m[31m[1m^[22m[39m[31m[1m^[22m[39m[3
1m[1m^[22m[39m[31m[1m^[22m[39m[31m[1m^[22m[39m[31m
[1m^[22m[39m[31m[1m^[22m[39m[31m[1m^[22m[39m[31m[1m
^[22m[39m[31m[1m^[22m[39m[31m[1m^[22m[39m[31m[1m^[
22m[39m[31m[1m^[22m[39m[31m[1m^[22m[39m[31m[1m^[22m
[39m[31m[1m^[22m[39m[31m[1m^[22m[39m[31m[1m^[22m[3
9m[31m[1m^[22m[39m[31m[1m^[22m[39m[31m[1m^[22m[39m
[31m[1m^[22m[39m[31m[1m^[22m[39m[31m[1m^[22m[39m[31
m[1m^[22m[39m[31m[1m^[22m[39m[31m[1m^[22m[39m
 [90m 15 |[39m [36mimport[39m { [33mPagination[39m } 
[36mfrom[39m [32m"@/app/app/team-management/components/Pagin
ation"[39m[33m;[39m
 [90m 16 |[39m [36mimport[39m { [33mFilterModal[39m } 
[36mfrom[39m [32m"@/app/app/team-management/components/Filte
rModal"[39m[33m;[39m
 [90m 17 |[39m [36mimport[39m { useSort } [36mfrom[39m 
[32m"@/hooks/use-sort"[39m[33m;[39m[0m

Import map: aliased to relative 
'./src/app/app/team-management/components/SearchFilterBar' 
inside of [project]/


https://nextjs.org/docs/messages/module-not-found


./src/components/features/team-management/milestone.tsx:14:1
Module not found: Can't resolve 
'@/app/app/team-management/components/SearchFilterBar'
[0m [90m 12 |[39m [36mimport[39m { 
[33mDetailsConfig[39m } [36mfrom[39m 
[32m"./details.types"[39m[33m;[39m
 [90m 13 |[39m [36mimport[39m { [33mDetailsView[39m } 
[36mfrom[39m [32m"./details-view"[39m[33m;[39m
[31m[1m>[22m[39m[90m 14 |[39m [36mimport[39m { 
[33mSearchFilterBar[39m } [36mfrom[39m [32m"@/app/app/team
-management/components/SearchFilterBar"[39m[33m;[39m
 [90m    |[39m [31m[1m^[22m[39m[31m[1m^[22m[39m[31m
[1m^[22m[39m[31m[1m^[22m[39m[31m[1m^[22m[39m[31m[1m
^[22m[39m[31m[1m^[22m[39m[31m[1m^[22m[39m[31m[1m^[
22m[39m[31m[1m^[22m[39m[31m[1m^[22m[39m[31m[1m^[22m
[39m[31m[1m^[22m[39m[31m[1m^[22m[39m[31m[1m^[22m[3
9m[31m[1m^[22m[39m[31m[1m^[22m[39m[31m[1m^[22m[39m
[31m[1m^[22m[39m[31m[1m^[22m[39m[31m[1m^[22m[39m[31
m[1m^[22m[39m[31m[1m^[22m[39m[31m[1m^[22m[39m[31m[
1m^[22m[39m[31m[1m^[22m[39m[31m[1m^[22m[39m[31m[1m^
[22m[39m[31m[1m^[22m[39m[31m[1m^[22m[39m[31m[1m^[2
2m[39m[31m[1m^[22m[39m[31m[1m^[22m[39m[31m[1m^[22m
[39m[31m[1m^[22m[39m[31m[1m^[22m[39m[31m[1m^[22m[39
m[31m[1m^[22m[39m[31m[1m^[22m[39m[31m[1m^[22m[39m[
31m[1m^[22m[39m[31m[1m^[22m[39m[31m[1m^[22m[39m[31m
[1m^[22m[39m[31m[1m^[22m[39m[31m[1m^[22m[39m[31m[1
m^[22m[39m[31m[1m^[22m[39m[31m[1m^[22m[39m[31m[1m^
[22m[39m[31m[1m^[22m[39m[31m[1m^[22m[39m[31m[1m^[22
m[39m[31m[1m^[22m[39m[31m[1m^[22m[39m[31m[1m^[22m[
39m[31m[1m^[22m[39m[31m[1m^[22m[39m[31m[1m^[22m[39m
[31m[1m^[22m[39m[31m[1m^[22m[39m[31m[1m^[22m[39m[3
1m[1m^[22m[39m[31m[1m^[22m[39m[31m[1m^[22m[39m[31m
[1m^[22m[39m[31m[1m^[22m[39m[31m[1m^[22m[39m[31m[1m
^[22m[39m[31m[1m^[22m[39m[31m[1m^[22m[39m[31m[1m^[
22m[39m[31m[1m^[22m[39m[31m[1m^[22m[39m[31m[1m^[22m
[39m[31m[1m^[22m[39m[31m[1m^[22m[39m[31m[1m^[22m[3
9m[31m[1m^[22m[39m[31m[1m^[22m[39m[31m[1m^[22m[39m
[31m[1m^[22m[39m[31m[1m^[22m[39m[31m[1m^[22m[39m[31
m[1m^[22m[39m[31m[1m^[22m[39m[31m[1m^[22m[39m
 [90m 15 |[39m [36mimport[39m { [33mPagination[39m } 
[36mfrom[39m [32m"@/app/app/team-management/components/Pagin
ation"[39m[33m;[39m
 [90m 16 |[39m [36mimport[39m { [33mFilterModal[39m } 
[36mfrom[39m [32m"@/app/app/team-management/components/Filte
rModal"[39m[33m;[39m
 [90m 17 |[39m [36mimport[39m { useSort } [36mfrom[39m 
[32m"@/hooks/use-sort"[39m[33m;[39m[0m

Import map: aliased to relative 
'./src/app/app/team-management/components/SearchFilterBar' 
inside of [project]/


https://nextjs.org/docs/messages/module-not-found


./src/components/features/team-management/milestone.tsx:14:1
Module not found: Can't resolve 
'@/app/app/team-management/components/SearchFilterBar'
[0m [90m 12 |[39m [36mimport[39m { 
[33mDetailsConfig[39m } [36mfrom[39m 
[32m"./details.types"[39m[33m;[39m
 [90m 13 |[39m [36mimport[39m { [33mDetailsView[39m } 
[36mfrom[39m [32m"./details-view"[39m[33m;[39m
[31m[1m>[22m[39m[90m 14 |[39m [36mimport[39m { 
[33mSearchFilterBar[39m } [36mfrom[39m [32m"@/app/app/team
-management/components/SearchFilterBar"[39m[33m;[39m
 [90m    |[39m [31m[1m^[22m[39m[31m[1m^[22m[39m[31m
[1m^[22m[39m[31m[1m^[22m[39m[31m[1m^[22m[39m[31m[1m
^[22m[39m[31m[1m^[22m[39m[31m[1m^[22m[39m[31m[1m^[
22m[39m[31m[1m^[22m[39m[31m[1m^[22m[39m[31m[1m^[22m
[39m[31m[1m^[22m[39m[31m[1m^[22m[39m[31m[1m^[22m[3
9m[31m[1m^[22m[39m[31m[1m^[22m[39m[31m[1m^[22m[39m
[31m[1m^[22m[39m[31m[1m^[22m[39m[31m[1m^[22m[39m[31
m[1m^[22m[39m[31m[1m^[22m[39m[31m[1m^[22m[39m[31m[
1m^[22m[39m[31m[1m^[22m[39m[31m[1m^[22m[39m[31m[1m^
[22m[39m[31m[1m^[22m[39m[31m[1m^[22m[39m[31m[1m^[2
2m[39m[31m[1m^[22m[39m[31m[1m^[22m[39m[31m[1m^[22m
[39m[31m[1m^[22m[39m[31m[1m^[22m[39m[31m[1m^[22m[39
m[31m[1m^[22m[39m[31m[1m^[22m[39m[31m[1m^[22m[39m[
31m[1m^[22m[39m[31m[1m^[22m[39m[31m[1m^[22m[39m[31m
[1m^[22m[39m[31m[1m^[22m[39m[31m[1m^[22m[39m[31m[1
m^[22m[39m[31m[1m^[22m[39m[31m[1m^[22m[39m[31m[1m^
[22m[39m[31m[1m^[22m[39m[31m[1m^[22m[39m[31m[1m^[22
m[39m[31m[1m^[22m[39m[31m[1m^[22m[39m[31m[1m^[22m[
39m[31m[1m^[22m[39m[31m[1m^[22m[39m[31m[1m^[22m[39m
[31m[1m^[22m[39m[31m[1m^[22m[39m[31m[1m^[22m[39m[3
1m[1m^[22m[39m[31m[1m^[22m[39m[31m[1m^[22m[39m[31m
[1m^[22m[39m[31m[1m^[22m[39m[31m[1m^[22m[39m[31m[1m
^[22m[39m[31m[1m^[22m[39m[31m[1m^[22m[39m[31m[1m^[
22m[39m[31m[1m^[22m[39m[31m[1m^[22m[39m[31m[1m^[22m
[39m[31m[1m^[22m[39m[31m[1m^[22m[39m[31m[1m^[22m[3
9m[31m[1m^[22m[39m[31m[1m^[22m[39m[31m[1m^[22m[39m
[31m[1m^[22m[39m[31m[1m^[22m[39m[31m[1m^[22m[39m[31
m[1m^[22m[39m[31m[1m^[22m[39m[31m[1m^[22m[39m
 [90m 15 |[39m [36mimport[39m { [33mPagination[39m } 
[36mfrom[39m [32m"@/app/app/team-management/components/Pagin
ation"[39m[33m;[39m
 [90m 16 |[39m [36mimport[39m { [33mFilterModal[39m } 
[36mfrom[39m [32m"@/app/app/team-management/components/Filte
rModal"[39m[33m;[39m
 [90m 17 |[39m [36mimport[39m { useSort } [36mfrom[39m 
[32m"@/hooks/use-sort"[39m[33m;[39m[0m

Import map: aliased to relative 
'./src/app/app/team-management/components/SearchFilterBar' 
inside of [project]/


https://nextjs.org/docs/messages/module-not-found


./src/components/features/team-management/milestone.tsx:14:1
Module not found: Can't resolve 
'@/app/app/team-management/components/SearchFilterBar'
[0m [90m 12 |[39m [36mimport[39m { 
[33mDetailsConfig[39m } [36mfrom[39m 
[32m"./details.types"[39m[33m;[39m
 [90m 13 |[39m [36mimport[39m { [33mDetailsView[39m } 
[36mfrom[39m [32m"./details-view"[39m[33m;[39m
[31m[1m>[22m[39m[90m 14 |[39m [36mimport[39m { 
[33mSearchFilterBar[39m } [36mfrom[39m [32m"@/app/app/team
-management/components/SearchFilterBar"[39m[33m;[39m
 [90m    |[39m [31m[1m^[22m[39m[31m[1m^[22m[39m[31m
[1m^[22m[39m[31m[1m^[22m[39m[31m[1m^[22m[39m[31m[1m
^[22m[39m[31m[1m^[22m[39m[31m[1m^[22m[39m[31m[1m^[
22m[39m[31m[1m^[22m[39m[31m[1m^[22m[39m[31m[1m^[22m
[39m[31m[1m^[22m[39m[31m[1m^[22m[39m[31m[1m^[22m[3
9m[31m[1m^[22m[39m[31m[1m^[22m[39m[31m[1m^[22m[39m
[31m[1m^[22m[39m[31m[1m^[22m[39m[31m[1m^[22m[39m[31
m[1m^[22m[39m[31m[1m^[22m[39m[31m[1m^[22m[39m[31m[
1m^[22m[39m[31m[1m^[22m[39m[31m[1m^[22m[39m[31m[1m^
[22m[39m[31m[1m^[22m[39m[31m[1m^[22m[39m[31m[1m^[2
2m[39m[31m[1m^[22m[39m[31m[1m^[22m[39m[31m[1m^[22m
[39m[31m[1m^[22m[39m[31m[1m^[22m[39m[31m[1m^[22m[39
m[31m[1m^[22m[39m[31m[1m^[22m[39m[31m[1m^[22m[39m[
31m[1m^[22m[39m[31m[1m^[22m[39m[31m[1m^[22m[39m[31m
[1m^[22m[39m[31m[1m^[22m[39m[31m[1m^[22m[39m[31m[1
m^[22m[39m[31m[1m^[22m[39m[31m[1m^[22m[39m[31m[1m^
[22m[39m[31m[1m^[22m[39m[31m[1m^[22m[39m[31m[1m^[22
m[39m[31m[1m^[22m[39m[31m[1m^[22m[39m[31m[1m^[22m[
39m[31m[1m^[22m[39m[31m[1m^[22m[39m[31m[1m^[22m[39m
[31m[1m^[22m[39m[31m[1m^[22m[39m[31m[1m^[22m[39m[3
1m[1m^[22m[39m[31m[1m^[22m[39m[31m[1m^[22m[39m[31m
[1m^[22m[39m[31m[1m^[22m[39m[31m[1m^[22m[39m[31m[1m
^[22m[39m[31m[1m^[22m[39m[31m[1m^[22m[39m[31m[1m^[
22m[39m[31m[1m^[22m[39m[31m[1m^[22m[39m[31m[1m^[22m
[39m[31m[1m^[22m[39m[31m[1m^[22m[39m[31m[1m^[22m[3
9m[31m[1m^[22m[39m[31m[1m^[22m[39m[31m[1m^[22m[39m
[31m[1m^[22m[39m[31m[1m^[22m[39m[31m[1m^[22m[39m[31
m[1m^[22m[39m[31m[1m^[22m[39m[31m[1m^[22m[39m
 [90m 15 |[39m [36mimport[39m { [33mPagination[39m } 
[36mfrom[39m [32m"@/app/app/team-management/components/Pagin
ation"[39m[33m;[39m
 [90m 16 |[39m [36mimport[39m { [33mFilterModal[39m } 
[36mfrom[39m [32m"@/app/app/team-management/components/Filte
rModal"[39m[33m;[39m
 [90m 17 |[39m [36mimport[39m { useSort } [36mfrom[39m 
[32m"@/hooks/use-sort"[39m[33m;[39m[0m

Import map: aliased to relative 
'./src/app/app/team-management/components/SearchFilterBar' 
inside of [project]/


https://nextjs.org/docs/messages/module-not-found


./src/components/features/team-management/milestone.tsx:14:1
Module not found: Can't resolve 
'@/app/app/team-management/components/SearchFilterBar'
[0m [90m 12 |[39m [36mimport[39m { 
[33mDetailsConfig[39m } [36mfrom[39m 
[32m"./details.types"[39m[33m;[39m
 [90m 13 |[39m [36mimport[39m { [33mDetailsView[39m } 
[36mfrom[39m [32m"./details-view"[39m[33m;[39m
[31m[1m>[22m[39m[90m 14 |[39m [36mimport[39m { 
[33mSearchFilterBar[39m } [36mfrom[39m [32m"@/app/app/team
-management/components/SearchFilterBar"[39m[33m;[39m
 [90m    |[39m [31m[1m^[22m[39m[31m[1m^[22m[39m[31m
[1m^[22m[39m[31m[1m^[22m[39m[31m[1m^[22m[39m[31m[1m
^[22m[39m[31m[1m^[22m[39m[31m[1m^[22m[39m[31m[1m^[
22m[39m[31m[1m^[22m[39m[31m[1m^[22m[39m[31m[1m^[22m
[39m[31m[1m^[22m[39m[31m[1m^[22m[39m[31m[1m^[22m[3
9m[31m[1m^[22m[39m[31m[1m^[22m[39m[31m[1m^[22m[39m
[31m[1m^[22m[39m[31m[1m^[22m[39m[31m[1m^[22m[39m[31
m[1m^[22m[39m[31m[1m^[22m[39m[31m[1m^[22m[39m[31m[
1m^[22m[39m[31m[1m^[22m[39m[31m[1m^[22m[39m[31m[1m^
[22m[39m[31m[1m^[22m[39m[31m[1m^[22m[39m[31m[1m^[2
2m[39m[31m[1m^[22m[39m[31m[1m^[22m[39m[31m[1m^[22m
[39m[31m[1m^[22m[39m[31m[1m^[22m[39m[31m[1m^[22m[39
m[31m[1m^[22m[39m[31m[1m^[22m[39m[31m[1m^[22m[39m[
31m[1m^[22m[39m[31m[1m^[22m[39m[31m[1m^[22m[39m[31m
[1m^[22m[39m[31m[1m^[22m[39m[31m[1m^[22m[39m[31m[1
m^[22m[39m[31m[1m^[22m[39m[31m[1m^[22m[39m[31m[1m^
[22m[39m[31m[1m^[22m[39m[31m[1m^[22m[39m[31m[1m^[22
m[39m[31m[1m^[22m[39m[31m[1m^[22m[39m[31m[1m^[22m[
39m[31m[1m^[22m[39m[31m[1m^[22m[39m[31m[1m^[22m[39m
[31m[1m^[22m[39m[31m[1m^[22m[39m[31m[1m^[22m[39m[3
1m[1m^[22m[39m[31m[1m^[22m[39m[31m[1m^[22m[39m[31m
[1m^[22m[39m[31m[1m^[22m[39m[31m[1m^[22m[39m[31m[1m
^[22m[39m[31m[1m^[22m[39m[31m[1m^[22m[39m[31m[1m^[
22m[39m[31m[1m^[22m[39m[31m[1m^[22m[39m[31m[1m^[22m
[39m[31m[1m^[22m[39m[31m[1m^[22m[39m[31m[1m^[22m[3
9m[31m[1m^[22m[39m[31m[1m^[22m[39m[31m[1m^[22m[39m
[31m[1m^[22m[39m[31m[1m^[22m[39m[31m[1m^[22m[39m[31
m[1m^[22m[39m[31m[1m^[22m[39m[31m[1m^[22m[39m
 [90m 15 |[39m [36mimport[39m { [33mPagination[39m } 
[36mfrom[39m [32m"@/app/app/team-management/components/Pagin
ation"[39m[33m;[39m
 [90m 16 |[39m [36mimport[39m { [33mFilterModal[39m } 
[36mfrom[39m [32m"@/app/app/team-management/components/Filte
rModal"[39m[33m;[39m
 [90m 17 |[39m [36mimport[39m { useSort } [36mfrom[39m 
[32m"@/hooks/use-sort"[39m[33m;[39m[0m

Import map: aliased to relative 
'./src/app/app/team-management/components/SearchFilterBar' 
inside of [project]/


https://nextjs.org/docs/messages/module-not-found


./src/components/features/team-management/time-tracking.tsx:14:
1
Module not found: Can't resolve 
'@/app/app/team-management/components/SearchFilterBar'
[0m [90m 12 |[39m [36mimport[39m { [33mDetailsView[39m 
} [36mfrom[39m [32m"./details-view"[39m[33m;[39m
 [90m 13 |[39m [36mimport[39m { getStatusClass[33m,[39m 
getStatusIcon[33m,[39m getStatusText } [36mfrom[39m 
[32m"./status-lib"[39m[33m;[39m
[31m[1m>[22m[39m[90m 14 |[39m [36mimport[39m { 
[33mSearchFilterBar[39m } [36mfrom[39m [32m"@/app/app/team
-management/components/SearchFilterBar"[39m[33m;[39m
 [90m    |[39m [31m[1m^[22m[39m[31m[1m^[22m[39m[31m
[1m^[22m[39m[31m[1m^[22m[39m[31m[1m^[22m[39m[31m[1m
^[22m[39m[31m[1m^[22m[39m[31m[1m^[22m[39m[31m[1m^[
22m[39m[31m[1m^[22m[39m[31m[1m^[22m[39m[31m[1m^[22m
[39m[31m[1m^[22m[39m[31m[1m^[22m[39m[31m[1m^[22m[3
9m[31m[1m^[22m[39m[31m[1m^[22m[39m[31m[1m^[22m[39m
[31m[1m^[22m[39m[31m[1m^[22m[39m[31m[1m^[22m[39m[31
m[1m^[22m[39m[31m[1m^[22m[39m[31m[1m^[22m[39m[31m[
1m^[22m[39m[31m[1m^[22m[39m[31m[1m^[22m[39m[31m[1m^
[22m[39m[31m[1m^[22m[39m[31m[1m^[22m[39m[31m[1m^[2
2m[39m[31m[1m^[22m[39m[31m[1m^[22m[39m[31m[1m^[22m
[39m[31m[1m^[22m[39m[31m[1m^[22m[39m[31m[1m^[22m[39
m[31m[1m^[22m[39m[31m[1m^[22m[39m[31m[1m^[22m[39m[
31m[1m^[22m[39m[31m[1m^[22m[39m[31m[1m^[22m[39m[31m
[1m^[22m[39m[31m[1m^[22m[39m[31m[1m^[22m[39m[31m[1
m^[22m[39m[31m[1m^[22m[39m[31m[1m^[22m[39m[31m[1m^
[22m[39m[31m[1m^[22m[39m[31m[1m^[22m[39m[31m[1m^[22
m[39m[31m[1m^[22m[39m[31m[1m^[22m[39m[31m[1m^[22m[
39m[31m[1m^[22m[39m[31m[1m^[22m[39m[31m[1m^[22m[39m
[31m[1m^[22m[39m[31m[1m^[22m[39m[31m[1m^[22m[39m[3
1m[1m^[22m[39m[31m[1m^[22m[39m[31m[1m^[22m[39m[31m
[1m^[22m[39m[31m[1m^[22m[39m[31m[1m^[22m[39m[31m[1m
^[22m[39m[31m[1m^[22m[39m[31m[1m^[22m[39m[31m[1m^[
22m[39m[31m[1m^[22m[39m[31m[1m^[22m[39m[31m[1m^[22m
[39m[31m[1m^[22m[39m[31m[1m^[22m[39m[31m[1m^[22m[3
9m[31m[1m^[22m[39m[31m[1m^[22m[39m[31m[1m^[22m[39m
[31m[1m^[22m[39m[31m[1m^[22m[39m[31m[1m^[22m[39m[31
m[1m^[22m[39m[31m[1m^[22m[39m[31m[1m^[22m[39m
 [90m 15 |[39m [36mimport[39m { [33mPagination[39m } 
[36mfrom[39m [32m"@/app/app/team-management/components/Pagin
ation"[39m[33m;[39m
 [90m 16 |[39m [36mimport[39m { [33mFilterModal[39m } 
[36mfrom[39m [32m"@/app/app/team-management/components/Filte
rModal"[39m[33m;[39m
 [90m 17 |[39m [36mimport[39m { useSort } [36mfrom[39m 
[32m"@/hooks/use-sort"[39m[33m;[39m[0m

Import map: aliased to relative 
'./src/app/app/team-management/components/SearchFilterBar' 
inside of [project]/


https://nextjs.org/docs/messages/module-not-found


./src/components/features/team-management/time-tracking.tsx:14:
1
Module not found: Can't resolve 
'@/app/app/team-management/components/SearchFilterBar'
[0m [90m 12 |[39m [36mimport[39m { [33mDetailsView[39m 
} [36mfrom[39m [32m"./details-view"[39m[33m;[39m
 [90m 13 |[39m [36mimport[39m { getStatusClass[33m,[39m 
getStatusIcon[33m,[39m getStatusText } [36mfrom[39m 
[32m"./status-lib"[39m[33m;[39m
[31m[1m>[22m[39m[90m 14 |[39m [36mimport[39m { 
[33mSearchFilterBar[39m } [36mfrom[39m [32m"@/app/app/team
-management/components/SearchFilterBar"[39m[33m;[39m
 [90m    |[39m [31m[1m^[22m[39m[31m[1m^[22m[39m[31m
[1m^[22m[39m[31m[1m^[22m[39m[31m[1m^[22m[39m[31m[1m
^[22m[39m[31m[1m^[22m[39m[31m[1m^[22m[39m[31m[1m^[
22m[39m[31m[1m^[22m[39m[31m[1m^[22m[39m[31m[1m^[22m
[39m[31m[1m^[22m[39m[31m[1m^[22m[39m[31m[1m^[22m[3
9m[31m[1m^[22m[39m[31m[1m^[22m[39m[31m[1m^[22m[39m
[31m[1m^[22m[39m[31m[1m^[22m[39m[31m[1m^[22m[39m[31
m[1m^[22m[39m[31m[1m^[22m[39m[31m[1m^[22m[39m[31m[
1m^[22m[39m[31m[1m^[22m[39m[31m[1m^[22m[39m[31m[1m^
[22m[39m[31m[1m^[22m[39m[31m[1m^[22m[39m[31m[1m^[2
2m[39m[31m[1m^[22m[39m[31m[1m^[22m[39m[31m[1m^[22m
[39m[31m[1m^[22m[39m[31m[1m^[22m[39m[31m[1m^[22m[39
m[31m[1m^[22m[39m[31m[1m^[22m[39m[31m[1m^[22m[39m[
31m[1m^[22m[39m[31m[1m^[22m[39m[31m[1m^[22m[39m[31m
[1m^[22m[39m[31m[1m^[22m[39m[31m[1m^[22m[39m[31m[1
m^[22m[39m[31m[1m^[22m[39m[31m[1m^[22m[39m[31m[1m^
[22m[39m[31m[1m^[22m[39m[31m[1m^[22m[39m[31m[1m^[22
m[39m[31m[1m^[22m[39m[31m[1m^[22m[39m[31m[1m^[22m[
39m[31m[1m^[22m[39m[31m[1m^[22m[39m[31m[1m^[22m[39m
[31m[1m^[22m[39m[31m[1m^[22m[39m[31m[1m^[22m[39m[3
1m[1m^[22m[39m[31m[1m^[22m[39m[31m[1m^[22m[39m[31m
[1m^[22m[39m[31m[1m^[22m[39m[31m[1m^[22m[39m[31m[1m
^[22m[39m[31m[1m^[22m[39m[31m[1m^[22m[39m[31m[1m^[
22m[39m[31m[1m^[22m[39m[31m[1m^[22m[39m[31m[1m^[22m
[39m[31m[1m^[22m[39m[31m[1m^[22m[39m[31m[1m^[22m[3
9m[31m[1m^[22m[39m[31m[1m^[22m[39m[31m[1m^[22m[39m
[31m[1m^[22m[39m[31m[1m^[22m[39m[31m[1m^[22m[39m[31
m[1m^[22m[39m[31m[1m^[22m[39m[31m[1m^[22m[39m
 [90m 15 |[39m [36mimport[39m { [33mPagination[39m } 
[36mfrom[39m [32m"@/app/app/team-management/components/Pagin
ation"[39m[33m;[39m
 [90m 16 |[39m [36mimport[39m { [33mFilterModal[39m } 
[36mfrom[39m [32m"@/app/app/team-management/components/Filte
rModal"[39m[33m;[39m
 [90m 17 |[39m [36mimport[39m { useSort } [36mfrom[39m 
[32m"@/hooks/use-sort"[39m[33m;[39m[0m

Import map: aliased to relative 
'./src/app/app/team-management/components/SearchFilterBar' 
inside of [project]/


https://nextjs.org/docs/messages/module-not-found


./src/components/features/team-management/time-tracking.tsx:14:
1
Module not found: Can't resolve 
'@/app/app/team-management/components/SearchFilterBar'
[0m [90m 12 |[39m [36mimport[39m { [33mDetailsView[39m 
} [36mfrom[39m [32m"./details-view"[39m[33m;[39m
 [90m 13 |[39m [36mimport[39m { getStatusClass[33m,[39m 
getStatusIcon[33m,[39m getStatusText } [36mfrom[39m 
[32m"./status-lib"[39m[33m;[39m
[31m[1m>[22m[39m[90m 14 |[39m [36mimport[39m { 
[33mSearchFilterBar[39m } [36mfrom[39m [32m"@/app/app/team
-management/components/SearchFilterBar"[39m[33m;[39m
 [90m    |[39m [31m[1m^[22m[39m[31m[1m^[22m[39m[31m
[1m^[22m[39m[31m[1m^[22m[39m[31m[1m^[22m[39m[31m[1m
^[22m[39m[31m[1m^[22m[39m[31m[1m^[22m[39m[31m[1m^[
22m[39m[31m[1m^[22m[39m[31m[1m^[22m[39m[31m[1m^[22m
[39m[31m[1m^[22m[39m[31m[1m^[22m[39m[31m[1m^[22m[3
9m[31m[1m^[22m[39m[31m[1m^[22m[39m[31m[1m^[22m[39m
[31m[1m^[22m[39m[31m[1m^[22m[39m[31m[1m^[22m[39m[31
m[1m^[22m[39m[31m[1m^[22m[39m[31m[1m^[22m[39m[31m[
1m^[22m[39m[31m[1m^[22m[39m[31m[1m^[22m[39m[31m[1m^
[22m[39m[31m[1m^[22m[39m[31m[1m^[22m[39m[31m[1m^[2
2m[39m[31m[1m^[22m[39m[31m[1m^[22m[39m[31m[1m^[22m
[39m[31m[1m^[22m[39m[31m[1m^[22m[39m[31m[1m^[22m[39
m[31m[1m^[22m[39m[31m[1m^[22m[39m[31m[1m^[22m[39m[
31m[1m^[22m[39m[31m[1m^[22m[39m[31m[1m^[22m[39m[31m
[1m^[22m[39m[31m[1m^[22m[39m[31m[1m^[22m[39m[31m[1
m^[22m[39m[31m[1m^[22m[39m[31m[1m^[22m[39m[31m[1m^
[22m[39m[31m[1m^[22m[39m[31m[1m^[22m[39m[31m[1m^[22
m[39m[31m[1m^[22m[39m[31m[1m^[22m[39m[31m[1m^[22m[
39m[31m[1m^[22m[39m[31m[1m^[22m[39m[31m[1m^[22m[39m
[31m[1m^[22m[39m[31m[1m^[22m[39m[31m[1m^[22m[39m[3
1m[1m^[22m[39m[31m[1m^[22m[39m[31m[1m^[22m[39m[31m
[1m^[22m[39m[31m[1m^[22m[39m[31m[1m^[22m[39m[31m[1m
^[22m[39m[31m[1m^[22m[39m[31m[1m^[22m[39m[31m[1m^[
22m[39m[31m[1m^[22m[39m[31m[1m^[22m[39m[31m[1m^[22m
[39m[31m[1m^[22m[39m[31m[1m^[22m[39m[31m[1m^[22m[3
9m[31m[1m^[22m[39m[31m[1m^[22m[39m[31m[1m^[22m[39m
[31m[1m^[22m[39m[31m[1m^[22m[39m[31m[1m^[22m[39m[31
m[1m^[22m[39m[31m[1m^[22m[39m[31m[1m^[22m[39m
 [90m 15 |[39m [36mimport[39m { [33mPagination[39m } 
[36mfrom[39m [32m"@/app/app/team-management/components/Pagin
ation"[39m[33m;[39m
 [90m 16 |[39m [36mimport[39m { [33mFilterModal[39m } 
[36mfrom[39m [32m"@/app/app/team-management/components/Filte
rModal"[39m[33m;[39m
 [90m 17 |[39m [36mimport[39m { useSort } [36mfrom[39m 
[32m"@/hooks/use-sort"[39m[33m;[39m[0m

Import map: aliased to relative 
'./src/app/app/team-management/components/SearchFilterBar' 
inside of [project]/


https://nextjs.org/docs/messages/module-not-found


./src/components/features/team-management/time-tracking.tsx:14:
1
Module not found: Can't resolve 
'@/app/app/team-management/components/SearchFilterBar'
[0m [90m 12 |[39m [36mimport[39m { [33mDetailsView[39m 
} [36mfrom[39m [32m"./details-view"[39m[33m;[39m
 [90m 13 |[39m [36mimport[39m { getStatusClass[33m,[39m 
getStatusIcon[33m,[39m getStatusText } [36mfrom[39m 
[32m"./status-lib"[39m[33m;[39m
[31m[1m>[22m[39m[90m 14 |[39m [36mimport[39m { 
[33mSearchFilterBar[39m } [36mfrom[39m [32m"@/app/app/team
-management/components/SearchFilterBar"[39m[33m;[39m
 [90m    |[39m [31m[1m^[22m[39m[31m[1m^[22m[39m[31m
[1m^[22m[39m[31m[1m^[22m[39m[31m[1m^[22m[39m[31m[1m
^[22m[39m[31m[1m^[22m[39m[31m[1m^[22m[39m[31m[1m^[
22m[39m[31m[1m^[22m[39m[31m[1m^[22m[39m[31m[1m^[22m
[39m[31m[1m^[22m[39m[31m[1m^[22m[39m[31m[1m^[22m[3
9m[31m[1m^[22m[39m[31m[1m^[22m[39m[31m[1m^[22m[39m
[31m[1m^[22m[39m[31m[1m^[22m[39m[31m[1m^[22m[39m[31
m[1m^[22m[39m[31m[1m^[22m[39m[31m[1m^[22m[39m[31m[
1m^[22m[39m[31m[1m^[22m[39m[31m[1m^[22m[39m[31m[1m^
[22m[39m[31m[1m^[22m[39m[31m[1m^[22m[39m[31m[1m^[2
2m[39m[31m[1m^[22m[39m[31m[1m^[22m[39m[31m[1m^[22m
[39m[31m[1m^[22m[39m[31m[1m^[22m[39m[31m[1m^[22m[39
m[31m[1m^[22m[39m[31m[1m^[22m[39m[31m[1m^[22m[39m[
31m[1m^[22m[39m[31m[1m^[22m[39m[31m[1m^[22m[39m[31m
[1m^[22m[39m[31m[1m^[22m[39m[31m[1m^[22m[39m[31m[1
m^[22m[39m[31m[1m^[22m[39m[31m[1m^[22m[39m[31m[1m^
[22m[39m[31m[1m^[22m[39m[31m[1m^[22m[39m[31m[1m^[22
m[39m[31m[1m^[22m[39m[31m[1m^[22m[39m[31m[1m^[22m[
39m[31m[1m^[22m[39m[31m[1m^[22m[39m[31m[1m^[22m[39m
[31m[1m^[22m[39m[31m[1m^[22m[39m[31m[1m^[22m[39m[3
1m[1m^[22m[39m[31m[1m^[22m[39m[31m[1m^[22m[39m[31m
[1m^[22m[39m[31m[1m^[22m[39m[31m[1m^[22m[39m[31m[1m
^[22m[39m[31m[1m^[22m[39m[31m[1m^[22m[39m[31m[1m^[
22m[39m[31m[1m^[22m[39m[31m[1m^[22m[39m[31m[1m^[22m
[39m[31m[1m^[22m[39m[31m[1m^[22m[39m[31m[1m^[22m[3
9m[31m[1m^[22m[39m[31m[1m^[22m[39m[31m[1m^[22m[39m
[31m[1m^[22m[39m[31m[1m^[22m[39m[31m[1m^[22m[39m[31
m[1m^[22m[39m[31m[1m^[22m[39m[31m[1m^[22m[39m
 [90m 15 |[39m [36mimport[39m { [33mPagination[39m } 
[36mfrom[39m [32m"@/app/app/team-management/components/Pagin
ation"[39m[33m;[39m
 [90m 16 |[39m [36mimport[39m { [33mFilterModal[39m } 
[36mfrom[39m [32m"@/app/app/team-management/components/Filte
rModal"[39m[33m;[39m
 [90m 17 |[39m [36mimport[39m { useSort } [36mfrom[39m 
[32m"@/hooks/use-sort"[39m[33m;[39m[0m

Import map: aliased to relative 
'./src/app/app/team-management/components/SearchFilterBar' 
inside of [project]/


https://nextjs.org/docs/messages/module-not-found


./src/components/features/team-management/timeoff.tsx:13:1
Module not found: Can't resolve 
'@/app/app/team-management/components/SearchFilterBar'
[0m [90m 11 |[39m [36mimport[39m { 
[33mDetailsConfig[39m } [36mfrom[39m 
[32m"./details.types"[39m[33m;[39m
 [90m 12 |[39m [36mimport[39m { [33mDetailsView[39m } 
[36mfrom[39m [32m"./details-view"[39m[33m;[39m
[31m[1m>[22m[39m[90m 13 |[39m [36mimport[39m { 
[33mSearchFilterBar[39m } [36mfrom[39m [32m"@/app/app/team
-management/components/SearchFilterBar"[39m[33m;[39m
 [90m    |[39m [31m[1m^[22m[39m[31m[1m^[22m[39m[31m
[1m^[22m[39m[31m[1m^[22m[39m[31m[1m^[22m[39m[31m[1m
^[22m[39m[31m[1m^[22m[39m[31m[1m^[22m[39m[31m[1m^[
22m[39m[31m[1m^[22m[39m[31m[1m^[22m[39m[31m[1m^[22m
[39m[31m[1m^[22m[39m[31m[1m^[22m[39m[31m[1m^[22m[3
9m[31m[1m^[22m[39m[31m[1m^[22m[39m[31m[1m^[22m[39m
[31m[1m^[22m[39m[31m[1m^[22m[39m[31m[1m^[22m[39m[31
m[1m^[22m[39m[31m[1m^[22m[39m[31m[1m^[22m[39m[31m[
1m^[22m[39m[31m[1m^[22m[39m[31m[1m^[22m[39m[31m[1m^
[22m[39m[31m[1m^[22m[39m[31m[1m^[22m[39m[31m[1m^[2
2m[39m[31m[1m^[22m[39m[31m[1m^[22m[39m[31m[1m^[22m
[39m[31m[1m^[22m[39m[31m[1m^[22m[39m[31m[1m^[22m[39
m[31m[1m^[22m[39m[31m[1m^[22m[39m[31m[1m^[22m[39m[
31m[1m^[22m[39m[31m[1m^[22m[39m[31m[1m^[22m[39m[31m
[1m^[22m[39m[31m[1m^[22m[39m[31m[1m^[22m[39m[31m[1
m^[22m[39m[31m[1m^[22m[39m[31m[1m^[22m[39m[31m[1m^
[22m[39m[31m[1m^[22m[39m[31m[1m^[22m[39m[31m[1m^[22
m[39m[31m[1m^[22m[39m[31m[1m^[22m[39m[31m[1m^[22m[
39m[31m[1m^[22m[39m[31m[1m^[22m[39m[31m[1m^[22m[39m
[31m[1m^[22m[39m[31m[1m^[22m[39m[31m[1m^[22m[39m[3
1m[1m^[22m[39m[31m[1m^[22m[39m[31m[1m^[22m[39m[31m
[1m^[22m[39m[31m[1m^[22m[39m[31m[1m^[22m[39m[31m[1m
^[22m[39m[31m[1m^[22m[39m[31m[1m^[22m[39m[31m[1m^[
22m[39m[31m[1m^[22m[39m[31m[1m^[22m[39m[31m[1m^[22m
[39m[31m[1m^[22m[39m[31m[1m^[22m[39m[31m[1m^[22m[3
9m[31m[1m^[22m[39m[31m[1m^[22m[39m[31m[1m^[22m[39m
[31m[1m^[22m[39m[31m[1m^[22m[39m[31m[1m^[22m[39m[31
m[1m^[22m[39m[31m[1m^[22m[39m[31m[1m^[22m[39m
 [90m 14 |[39m [36mimport[39m { [33mPagination[39m } 
[36mfrom[39m [32m"@/app/app/team-management/components/Pagin
ation"[39m[33m;[39m
 [90m 15 |[39m [36mimport[39m { [33mFilterModal[39m } 
[36mfrom[39m [32m"@/app/app/team-management/components/Filte
rModal"[39m[33m;[39m
 [90m 16 |[39m [36mimport[39m { useSort } [36mfrom[39m 
[32m"@/hooks/use-sort"[39m[33m;[39m[0m

Import map: aliased to relative 
'./src/app/app/team-management/components/SearchFilterBar' 
inside of [project]/


https://nextjs.org/docs/messages/module-not-found


./src/components/features/team-management/timeoff.tsx:13:1
Module not found: Can't resolve 
'@/app/app/team-management/components/SearchFilterBar'
[0m [90m 11 |[39m [36mimport[39m { 
[33mDetailsConfig[39m } [36mfrom[39m 
[32m"./details.types"[39m[33m;[39m
 [90m 12 |[39m [36mimport[39m { [33mDetailsView[39m } 
[36mfrom[39m [32m"./details-view"[39m[33m;[39m
[31m[1m>[22m[39m[90m 13 |[39m [36mimport[39m { 
[33mSearchFilterBar[39m } [36mfrom[39m [32m"@/app/app/team
-management/components/SearchFilterBar"[39m[33m;[39m
 [90m    |[39m [31m[1m^[22m[39m[31m[1m^[22m[39m[31m
[1m^[22m[39m[31m[1m^[22m[39m[31m[1m^[22m[39m[31m[1m
^[22m[39m[31m[1m^[22m[39m[31m[1m^[22m[39m[31m[1m^[
22m[39m[31m[1m^[22m[39m[31m[1m^[22m[39m[31m[1m^[22m
[39m[31m[1m^[22m[39m[31m[1m^[22m[39m[31m[1m^[22m[3
9m[31m[1m^[22m[39m[31m[1m^[22m[39m[31m[1m^[22m[39m
[31m[1m^[22m[39m[31m[1m^[22m[39m[31m[1m^[22m[39m[31
m[1m^[22m[39m[31m[1m^[22m[39m[31m[1m^[22m[39m[31m[
1m^[22m[39m[31m[1m^[22m[39m[31m[1m^[22m[39m[31m[1m^
[22m[39m[31m[1m^[22m[39m[31m[1m^[22m[39m[31m[1m^[2
2m[39m[31m[1m^[22m[39m[31m[1m^[22m[39m[31m[1m^[22m
[39m[31m[1m^[22m[39m[31m[1m^[22m[39m[31m[1m^[22m[39
m[31m[1m^[22m[39m[31m[1m^[22m[39m[31m[1m^[22m[39m[
31m[1m^[22m[39m[31m[1m^[22m[39m[31m[1m^[22m[39m[31m
[1m^[22m[39m[31m[1m^[22m[39m[31m[1m^[22m[39m[31m[1
m^[22m[39m[31m[1m^[22m[39m[31m[1m^[22m[39m[31m[1m^
[22m[39m[31m[1m^[22m[39m[31m[1m^[22m[39m[31m[1m^[22
m[39m[31m[1m^[22m[39m[31m[1m^[22m[39m[31m[1m^[22m[
39m[31m[1m^[22m[39m[31m[1m^[22m[39m[31m[1m^[22m[39m
[31m[1m^[22m[39m[31m[1m^[22m[39m[31m[1m^[22m[39m[3
1m[1m^[22m[39m[31m[1m^[22m[39m[31m[1m^[22m[39m[31m
[1m^[22m[39m[31m[1m^[22m[39m[31m[1m^[22m[39m[31m[1m
^[22m[39m[31m[1m^[22m[39m[31m[1m^[22m[39m[31m[1m^[
22m[39m[31m[1m^[22m[39m[31m[1m^[22m[39m[31m[1m^[22m
[39m[31m[1m^[22m[39m[31m[1m^[22m[39m[31m[1m^[22m[3
9m[31m[1m^[22m[39m[31m[1m^[22m[39m[31m[1m^[22m[39m
[31m[1m^[22m[39m[31m[1m^[22m[39m[31m[1m^[22m[39m[31
m[1m^[22m[39m[31m[1m^[22m[39m[31m[1m^[22m[39m
 [90m 14 |[39m [36mimport[39m { [33mPagination[39m } 
[36mfrom[39m [32m"@/app/app/team-management/components/Pagin
ation"[39m[33m;[39m
 [90m 15 |[39m [36mimport[39m { [33mFilterModal[39m } 
[36mfrom[39m [32m"@/app/app/team-management/components/Filte
rModal"[39m[33m;[39m
 [90m 16 |[39m [36mimport[39m { useSort } [36mfrom[39m 
[32m"@/hooks/use-sort"[39m[33m;[39m[0m

Import map: aliased to relative 
'./src/app/app/team-management/components/SearchFilterBar' 
inside of [project]/


https://nextjs.org/docs/messages/module-not-found


./src/components/features/team-management/timeoff.tsx:13:1
Module not found: Can't resolve 
'@/app/app/team-management/components/SearchFilterBar'
[0m [90m 11 |[39m [36mimport[39m { 
[33mDetailsConfig[39m } [36mfrom[39m 
[32m"./details.types"[39m[33m;[39m
 [90m 12 |[39m [36mimport[39m { [33mDetailsView[39m } 
[36mfrom[39m [32m"./details-view"[39m[33m;[39m
[31m[1m>[22m[39m[90m 13 |[39m [36mimport[39m { 
[33mSearchFilterBar[39m } [36mfrom[39m [32m"@/app/app/team
-management/components/SearchFilterBar"[39m[33m;[39m
 [90m    |[39m [31m[1m^[22m[39m[31m[1m^[22m[39m[31m
[1m^[22m[39m[31m[1m^[22m[39m[31m[1m^[22m[39m[31m[1m
^[22m[39m[31m[1m^[22m[39m[31m[1m^[22m[39m[31m[1m^[
22m[39m[31m[1m^[22m[39m[31m[1m^[22m[39m[31m[1m^[22m
[39m[31m[1m^[22m[39m[31m[1m^[22m[39m[31m[1m^[22m[3
9m[31m[1m^[22m[39m[31m[1m^[22m[39m[31m[1m^[22m[39m
[31m[1m^[22m[39m[31m[1m^[22m[39m[31m[1m^[22m[39m[31
m[1m^[22m[39m[31m[1m^[22m[39m[31m[1m^[22m[39m[31m[
1m^[22m[39m[31m[1m^[22m[39m[31m[1m^[22m[39m[31m[1m^
[22m[39m[31m[1m^[22m[39m[31m[1m^[22m[39m[31m[1m^[2
2m[39m[31m[1m^[22m[39m[31m[1m^[22m[39m[31m[1m^[22m
[39m[31m[1m^[22m[39m[31m[1m^[22m[39m[31m[1m^[22m[39
m[31m[1m^[22m[39m[31m[1m^[22m[39m[31m[1m^[22m[39m[
31m[1m^[22m[39m[31m[1m^[22m[39m[31m[1m^[22m[39m[31m
[1m^[22m[39m[31m[1m^[22m[39m[31m[1m^[22m[39m[31m[1
m^[22m[39m[31m[1m^[22m[39m[31m[1m^[22m[39m[31m[1m^
[22m[39m[31m[1m^[22m[39m[31m[1m^[22m[39m[31m[1m^[22
m[39m[31m[1m^[22m[39m[31m[1m^[22m[39m[31m[1m^[22m[
39m[31m[1m^[22m[39m[31m[1m^[22m[39m[31m[1m^[22m[39m
[31m[1m^[22m[39m[31m[1m^[22m[39m[31m[1m^[22m[39m[3
1m[1m^[22m[39m[31m[1m^[22m[39m[31m[1m^[22m[39m[31m
[1m^[22m[39m[31m[1m^[22m[39m[31m[1m^[22m[39m[31m[1m
^[22m[39m[31m[1m^[22m[39m[31m[1m^[22m[39m[31m[1m^[
22m[39m[31m[1m^[22m[39m[31m[1m^[22m[39m[31m[1m^[22m
[39m[31m[1m^[22m[39m[31m[1m^[22m[39m[31m[1m^[22m[3
9m[31m[1m^[22m[39m[31m[1m^[22m[39m[31m[1m^[22m[39m
[31m[1m^[22m[39m[31m[1m^[22m[39m[31m[1m^[22m[39m[31
m[1m^[22m[39m[31m[1m^[22m[39m[31m[1m^[22m[39m
 [90m 14 |[39m [36mimport[39m { [33mPagination[39m } 
[36mfrom[39m [32m"@/app/app/team-management/components/Pagin
ation"[39m[33m;[39m
 [90m 15 |[39m [36mimport[39m { [33mFilterModal[39m } 
[36mfrom[39m [32m"@/app/app/team-management/components/Filte
rModal"[39m[33m;[39m
 [90m 16 |[39m [36mimport[39m { useSort } [36mfrom[39m 
[32m"@/hooks/use-sort"[39m[33m;[39m[0m

Import map: aliased to relative 
'./src/app/app/team-management/components/SearchFilterBar' 
inside of [project]/


https://nextjs.org/docs/messages/module-not-found


./src/components/features/team-management/timeoff.tsx:13:1
Module not found: Can't resolve 
'@/app/app/team-management/components/SearchFilterBar'
[0m [90m 11 |[39m [36mimport[39m { 
[33mDetailsConfig[39m } [36mfrom[39m 
[32m"./details.types"[39m[33m;[39m
 [90m 12 |[39m [36mimport[39m { [33mDetailsView[39m } 
[36mfrom[39m [32m"./details-view"[39m[33m;[39m
[31m[1m>[22m[39m[90m 13 |[39m [36mimport[39m { 
[33mSearchFilterBar[39m } [36mfrom[39m [32m"@/app/app/team
-management/components/SearchFilterBar"[39m[33m;[39m
 [90m    |[39m [31m[1m^[22m[39m[31m[1m^[22m[39m[31m
[1m^[22m[39m[31m[1m^[22m[39m[31m[1m^[22m[39m[31m[1m
^[22m[39m[31m[1m^[22m[39m[31m[1m^[22m[39m[31m[1m^[
22m[39m[31m[1m^[22m[39m[31m[1m^[22m[39m[31m[1m^[22m
[39m[31m[1m^[22m[39m[31m[1m^[22m[39m[31m[1m^[22m[3
9m[31m[1m^[22m[39m[31m[1m^[22m[39m[31m[1m^[22m[39m
[31m[1m^[22m[39m[31m[1m^[22m[39m[31m[1m^[22m[39m[31
m[1m^[22m[39m[31m[1m^[22m[39m[31m[1m^[22m[39m[31m[
1m^[22m[39m[31m[1m^[22m[39m[31m[1m^[22m[39m[31m[1m^
[22m[39m[31m[1m^[22m[39m[31m[1m^[22m[39m[31m[1m^[2
2m[39m[31m[1m^[22m[39m[31m[1m^[22m[39m[31m[1m^[22m
[39m[31m[1m^[22m[39m[31m[1m^[22m[39m[31m[1m^[22m[39
m[31m[1m^[22m[39m[31m[1m^[22m[39m[31m[1m^[22m[39m[
31m[1m^[22m[39m[31m[1m^[22m[39m[31m[1m^[22m[39m[31m
[1m^[22m[39m[31m[1m^[22m[39m[31m[1m^[22m[39m[31m[1
m^[22m[39m[31m[1m^[22m[39m[31m[1m^[22m[39m[31m[1m^
[22m[39m[31m[1m^[22m[39m[31m[1m^[22m[39m[31m[1m^[22
m[39m[31m[1m^[22m[39m[31m[1m^[22m[39m[31m[1m^[22m[
39m[31m[1m^[22m[39m[31m[1m^[22m[39m[31m[1m^[22m[39m
[31m[1m^[22m[39m[31m[1m^[22m[39m[31m[1m^[22m[39m[3
1m[1m^[22m[39m[31m[1m^[22m[39m[31m[1m^[22m[39m[31m
[1m^[22m[39m[31m[1m^[22m[39m[31m[1m^[22m[39m[31m[1m
^[22m[39m[31m[1m^[22m[39m[31m[1m^[22m[39m[31m[1m^[
22m[39m[31m[1m^[22m[39m[31m[1m^[22m[39m[31m[1m^[22m
[39m[31m[1m^[22m[39m[31m[1m^[22m[39m[31m[1m^[22m[3
9m[31m[1m^[22m[39m[31m[1m^[22m[39m[31m[1m^[22m[39m
[31m[1m^[22m[39m[31m[1m^[22m[39m[31m[1m^[22m[39m[31
m[1m^[22m[39m[31m[1m^[22m[39m[31m[1m^[22m[39m
 [90m 14 |[39m [36mimport[39m { [33mPagination[39m } 
[36mfrom[39m [32m"@/app/app/team-management/components/Pagin
ation"[39m[33m;[39m
 [90m 15 |[39m [36mimport[39m { [33mFilterModal[39m } 
[36mfrom[39m [32m"@/app/app/team-management/components/Filte
rModal"[39m[33m;[39m
 [90m 16 |[39m [36mimport[39m { useSort } [36mfrom[39m 
[32m"@/hooks/use-sort"[39m[33m;[39m[0m

Import map: aliased to relative 
'./src/app/app/team-management/components/SearchFilterBar' 
inside of [project]/


https://nextjs.org/docs/messages/module-not-found


./src/components/features/team-management/employees.tsx:9:1
Module not found: Can't resolve 
'@/app/app/team-management/components/StatsBar'
[0m [90m  7 |[39m [36mimport[39m { [33mPagination[39m } 
[36mfrom[39m [32m"@/app/app/team-management/components/Pagin
ation"[39m[33m;[39m
 [90m  8 |[39m [36mimport[39m { [33mFilterModal[39m } 
[36mfrom[39m [32m"@/app/app/team-management/components/Filte
rModal"[39m[33m;[39m
[31m[1m>[22m[39m[90m  9 |[39m [36mimport[39m { 
[33mStatsBar[39m } [36mfrom[39m [32m"@/app/app/team-manage
ment/components/StatsBar"[39m[33m;[39m
 [90m    |[39m [31m[1m^[22m[39m[31m[1m^[22m[39m[31m
[1m^[22m[39m[31m[1m^[22m[39m[31m[1m^[22m[39m[31m[1m
^[22m[39m[31m[1m^[22m[39m[31m[1m^[22m[39m[31m[1m^[
22m[39m[31m[1m^[22m[39m[31m[1m^[22m[39m[31m[1m^[22m
[39m[31m[1m^[22m[39m[31m[1m^[22m[39m[31m[1m^[22m[3
9m[31m[1m^[22m[39m[31m[1m^[22m[39m[31m[1m^[22m[39m
[31m[1m^[22m[39m[31m[1m^[22m[39m[31m[1m^[22m[39m[31
m[1m^[22m[39m[31m[1m^[22m[39m[31m[1m^[22m[39m[31m[
1m^[22m[39m[31m[1m^[22m[39m[31m[1m^[22m[39m[31m[1m^
[22m[39m[31m[1m^[22m[39m[31m[1m^[22m[39m[31m[1m^[2
2m[39m[31m[1m^[22m[39m[31m[1m^[22m[39m[31m[1m^[22m
[39m[31m[1m^[22m[39m[31m[1m^[22m[39m[31m[1m^[22m[39
m[31m[1m^[22m[39m[31m[1m^[22m[39m[31m[1m^[22m[39m[
31m[1m^[22m[39m[31m[1m^[22m[39m[31m[1m^[22m[39m[31m
[1m^[22m[39m[31m[1m^[22m[39m[31m[1m^[22m[39m[31m[1
m^[22m[39m[31m[1m^[22m[39m[31m[1m^[22m[39m[31m[1m^
[22m[39m[31m[1m^[22m[39m[31m[1m^[22m[39m[31m[1m^[22
m[39m[31m[1m^[22m[39m[31m[1m^[22m[39m[31m[1m^[22m[
39m[31m[1m^[22m[39m[31m[1m^[22m[39m[31m[1m^[22m[39m
[31m[1m^[22m[39m[31m[1m^[22m[39m[31m[1m^[22m[39m[3
1m[1m^[22m[39m[31m[1m^[22m[39m[31m[1m^[22m[39m[31m
[1m^[22m[39m[31m[1m^[22m[39m[31m[1m^[22m[39m[31m[1m
^[22m[39m[31m[1m^[22m[39m[31m[1m^[22m[39m[31m[1m^[
22m[39m[31m[1m^[22m[39m
 [90m 10 |[39m [36mimport[39m { [33mEmployeeList[39m } 
[36mfrom[39m [32m"@/app/app/team-management/components/Emplo
yeeList"[39m[33m;[39m
 [90m 11 |[39m [36mimport[39m { useSort } [36mfrom[39m 
[32m"@/hooks/use-sort"[39m[33m;[39m
 [90m 12 |[39m [36mimport[39m { [33mEmployee[39m } 
[36mfrom[39m 
[32m"@/types/teamManagement.types"[39m[33m;[39m[0m

Import map: aliased to relative 
'./src/app/app/team-management/components/StatsBar' inside of 
[project]/


https://nextjs.org/docs/messages/module-not-found


./src/components/features/team-management/employees.tsx:9:1
Module not found: Can't resolve 
'@/app/app/team-management/components/StatsBar'
[0m [90m  7 |[39m [36mimport[39m { [33mPagination[39m } 
[36mfrom[39m [32m"@/app/app/team-management/components/Pagin
ation"[39m[33m;[39m
 [90m  8 |[39m [36mimport[39m { [33mFilterModal[39m } 
[36mfrom[39m [32m"@/app/app/team-management/components/Filte
rModal"[39m[33m;[39m
[31m[1m>[22m[39m[90m  9 |[39m [36mimport[39m { 
[33mStatsBar[39m } [36mfrom[39m [32m"@/app/app/team-manage
ment/components/StatsBar"[39m[33m;[39m
 [90m    |[39m [31m[1m^[22m[39m[31m[1m^[22m[39m[31m
[1m^[22m[39m[31m[1m^[22m[39m[31m[1m^[22m[39m[31m[1m
^[22m[39m[31m[1m^[22m[39m[31m[1m^[22m[39m[31m[1m^[
22m[39m[31m[1m^[22m[39m[31m[1m^[22m[39m[31m[1m^[22m
[39m[31m[1m^[22m[39m[31m[1m^[22m[39m[31m[1m^[22m[3
9m[31m[1m^[22m[39m[31m[1m^[22m[39m[31m[1m^[22m[39m
[31m[1m^[22m[39m[31m[1m^[22m[39m[31m[1m^[22m[39m[31
m[1m^[22m[39m[31m[1m^[22m[39m[31m[1m^[22m[39m[31m[
1m^[22m[39m[31m[1m^[22m[39m[31m[1m^[22m[39m[31m[1m^
[22m[39m[31m[1m^[22m[39m[31m[1m^[22m[39m[31m[1m^[2
2m[39m[31m[1m^[22m[39m[31m[1m^[22m[39m[31m[1m^[22m
[39m[31m[1m^[22m[39m[31m[1m^[22m[39m[31m[1m^[22m[39
m[31m[1m^[22m[39m[31m[1m^[22m[39m[31m[1m^[22m[39m[
31m[1m^[22m[39m[31m[1m^[22m[39m[31m[1m^[22m[39m[31m
[1m^[22m[39m[31m[1m^[22m[39m[31m[1m^[22m[39m[31m[1
m^[22m[39m[31m[1m^[22m[39m[31m[1m^[22m[39m[31m[1m^
[22m[39m[31m[1m^[22m[39m[31m[1m^[22m[39m[31m[1m^[22
m[39m[31m[1m^[22m[39m[31m[1m^[22m[39m[31m[1m^[22m[
39m[31m[1m^[22m[39m[31m[1m^[22m[39m[31m[1m^[22m[39m
[31m[1m^[22m[39m[31m[1m^[22m[39m[31m[1m^[22m[39m[3
1m[1m^[22m[39m[31m[1m^[22m[39m[31m[1m^[22m[39m[31m
[1m^[22m[39m[31m[1m^[22m[39m[31m[1m^[22m[39m[31m[1m
^[22m[39m[31m[1m^[22m[39m[31m[1m^[22m[39m[31m[1m^[
22m[39m[31m[1m^[22m[39m
 [90m 10 |[39m [36mimport[39m { [33mEmployeeList[39m } 
[36mfrom[39m [32m"@/app/app/team-management/components/Emplo
yeeList"[39m[33m;[39m
 [90m 11 |[39m [36mimport[39m { useSort } [36mfrom[39m 
[32m"@/hooks/use-sort"[39m[33m;[39m
 [90m 12 |[39m [36mimport[39m { [33mEmployee[39m } 
[36mfrom[39m 
[32m"@/types/teamManagement.types"[39m[33m;[39m[0m

Import map: aliased to relative 
'./src/app/app/team-management/components/StatsBar' inside of 
[project]/


https://nextjs.org/docs/messages/module-not-found


./src/components/features/team-management/employees.tsx:9:1
Module not found: Can't resolve 
'@/app/app/team-management/components/StatsBar'
[0m [90m  7 |[39m [36mimport[39m { [33mPagination[39m } 
[36mfrom[39m [32m"@/app/app/team-management/components/Pagin
ation"[39m[33m;[39m
 [90m  8 |[39m [36mimport[39m { [33mFilterModal[39m } 
[36mfrom[39m [32m"@/app/app/team-management/components/Filte
rModal"[39m[33m;[39m
[31m[1m>[22m[39m[90m  9 |[39m [36mimport[39m { 
[33mStatsBar[39m } [36mfrom[39m [32m"@/app/app/team-manage
ment/components/StatsBar"[39m[33m;[39m
 [90m    |[39m [31m[1m^[22m[39m[31m[1m^[22m[39m[31m
[1m^[22m[39m[31m[1m^[22m[39m[31m[1m^[22m[39m[31m[1m
^[22m[39m[31m[1m^[22m[39m[31m[1m^[22m[39m[31m[1m^[
22m[39m[31m[1m^[22m[39m[31m[1m^[22m[39m[31m[1m^[22m
[39m[31m[1m^[22m[39m[31m[1m^[22m[39m[31m[1m^[22m[3
9m[31m[1m^[22m[39m[31m[1m^[22m[39m[31m[1m^[22m[39m
[31m[1m^[22m[39m[31m[1m^[22m[39m[31m[1m^[22m[39m[31
m[1m^[22m[39m[31m[1m^[22m[39m[31m[1m^[22m[39m[31m[
1m^[22m[39m[31m[1m^[22m[39m[31m[1m^[22m[39m[31m[1m^
[22m[39m[31m[1m^[22m[39m[31m[1m^[22m[39m[31m[1m^[2
2m[39m[31m[1m^[22m[39m[31m[1m^[22m[39m[31m[1m^[22m
[39m[31m[1m^[22m[39m[31m[1m^[22m[39m[31m[1m^[22m[39
m[31m[1m^[22m[39m[31m[1m^[22m[39m[31m[1m^[22m[39m[
31m[1m^[22m[39m[31m[1m^[22m[39m[31m[1m^[22m[39m[31m
[1m^[22m[39m[31m[1m^[22m[39m[31m[1m^[22m[39m[31m[1
m^[22m[39m[31m[1m^[22m[39m[31m[1m^[22m[39m[31m[1m^
[22m[39m[31m[1m^[22m[39m[31m[1m^[22m[39m[31m[1m^[22
m[39m[31m[1m^[22m[39m[31m[1m^[22m[39m[31m[1m^[22m[
39m[31m[1m^[22m[39m[31m[1m^[22m[39m[31m[1m^[22m[39m
[31m[1m^[22m[39m[31m[1m^[22m[39m[31m[1m^[22m[39m[3
1m[1m^[22m[39m[31m[1m^[22m[39m[31m[1m^[22m[39m[31m
[1m^[22m[39m[31m[1m^[22m[39m[31m[1m^[22m[39m[31m[1m
^[22m[39m[31m[1m^[22m[39m[31m[1m^[22m[39m[31m[1m^[
22m[39m[31m[1m^[22m[39m
 [90m 10 |[39m [36mimport[39m { [33mEmployeeList[39m } 
[36mfrom[39m [32m"@/app/app/team-management/components/Emplo
yeeList"[39m[33m;[39m
 [90m 11 |[39m [36mimport[39m { useSort } [36mfrom[39m 
[32m"@/hooks/use-sort"[39m[33m;[39m
 [90m 12 |[39m [36mimport[39m { [33mEmployee[39m } 
[36mfrom[39m 
[32m"@/types/teamManagement.types"[39m[33m;[39m[0m

Import map: aliased to relative 
'./src/app/app/team-management/components/StatsBar' inside of 
[project]/


https://nextjs.org/docs/messages/module-not-found


./src/components/features/team-management/employees.tsx:9:1
Module not found: Can't resolve 
'@/app/app/team-management/components/StatsBar'
[0m [90m  7 |[39m [36mimport[39m { [33mPagination[39m } 
[36mfrom[39m [32m"@/app/app/team-management/components/Pagin
ation"[39m[33m;[39m
 [90m  8 |[39m [36mimport[39m { [33mFilterModal[39m } 
[36mfrom[39m [32m"@/app/app/team-management/components/Filte
rModal"[39m[33m;[39m
[31m[1m>[22m[39m[90m  9 |[39m [36mimport[39m { 
[33mStatsBar[39m } [36mfrom[39m [32m"@/app/app/team-manage
ment/components/StatsBar"[39m[33m;[39m
 [90m    |[39m [31m[1m^[22m[39m[31m[1m^[22m[39m[31m
[1m^[22m[39m[31m[1m^[22m[39m[31m[1m^[22m[39m[31m[1m
^[22m[39m[31m[1m^[22m[39m[31m[1m^[22m[39m[31m[1m^[
22m[39m[31m[1m^[22m[39m[31m[1m^[22m[39m[31m[1m^[22m
[39m[31m[1m^[22m[39m[31m[1m^[22m[39m[31m[1m^[22m[3
9m[31m[1m^[22m[39m[31m[1m^[22m[39m[31m[1m^[22m[39m
[31m[1m^[22m[39m[31m[1m^[22m[39m[31m[1m^[22m[39m[31
m[1m^[22m[39m[31m[1m^[22m[39m[31m[1m^[22m[39m[31m[
1m^[22m[39m[31m[1m^[22m[39m[31m[1m^[22m[39m[31m[1m^
[22m[39m[31m[1m^[22m[39m[31m[1m^[22m[39m[31m[1m^[2
2m[39m[31m[1m^[22m[39m[31m[1m^[22m[39m[31m[1m^[22m
[39m[31m[1m^[22m[39m[31m[1m^[22m[39m[31m[1m^[22m[39
m[31m[1m^[22m[39m[31m[1m^[22m[39m[31m[1m^[22m[39m[
31m[1m^[22m[39m[31m[1m^[22m[39m[31m[1m^[22m[39m[31m
[1m^[22m[39m[31m[1m^[22m[39m[31m[1m^[22m[39m[31m[1
m^[22m[39m[31m[1m^[22m[39m[31m[1m^[22m[39m[31m[1m^
[22m[39m[31m[1m^[22m[39m[31m[1m^[22m[39m[31m[1m^[22
m[39m[31m[1m^[22m[39m[31m[1m^[22m[39m[31m[1m^[22m[
39m[31m[1m^[22m[39m[31m[1m^[22m[39m[31m[1m^[22m[39m
[31m[1m^[22m[39m[31m[1m^[22m[39m[31m[1m^[22m[39m[3
1m[1m^[22m[39m[31m[1m^[22m[39m[31m[1m^[22m[39m[31m
[1m^[22m[39m[31m[1m^[22m[39m[31m[1m^[22m[39m[31m[1m
^[22m[39m[31m[1m^[22m[39m[31m[1m^[22m[39m[31m[1m^[
22m[39m[31m[1m^[22m[39m
 [90m 10 |[39m [36mimport[39m { [33mEmployeeList[39m } 
[36mfrom[39m [32m"@/app/app/team-management/components/Emplo
yeeList"[39m[33m;[39m
 [90m 11 |[39m [36mimport[39m { useSort } [36mfrom[39m 
[32m"@/hooks/use-sort"[39m[33m;[39m
 [90m 12 |[39m [36mimport[39m { [33mEmployee[39m } 
[36mfrom[39m 
[32m"@/types/teamManagement.types"[39m[33m;[39m[0m

Import map: aliased to relative 
'./src/app/app/team-management/components/StatsBar' inside of 
[project]/


https://nextjs.org/docs/messages/module-not-found


./src/components/features/team-management/employees.tsx:6:1
Module not found: Can't resolve 
'@/app/app/team-management/components/TeamEmptyState'
[0m [90m 4 |[39m [36mimport[39m [33mImage[39m 
[36mfrom[39m [32m"next/image"[39m[33m;[39m
 [90m 5 |[39m [36mimport[39m { [33mSearchFilterBar[39m } 
[36mfrom[39m [32m"@/app/app/team-management/components/Searc
hFilterBar"[39m[33m;[39m
[31m[1m>[22m[39m[90m 6 |[39m [36mimport[39m { 
[33mTeamEmptyState[39m } [36mfrom[39m [32m"@/app/app/team-
management/components/TeamEmptyState"[39m[33m;[39m
 [90m   |[39m [31m[1m^[22m[39m[31m[1m^[22m[39m[31m[
1m^[22m[39m[31m[1m^[22m[39m[31m[1m^[22m[39m[31m[1m^
[22m[39m[31m[1m^[22m[39m[31m[1m^[22m[39m[31m[1m^[2
2m[39m[31m[1m^[22m[39m[31m[1m^[22m[39m[31m[1m^[22m
[39m[31m[1m^[22m[39m[31m[1m^[22m[39m[31m[1m^[22m[39
m[31m[1m^[22m[39m[31m[1m^[22m[39m[31m[1m^[22m[39m[
31m[1m^[22m[39m[31m[1m^[22m[39m[31m[1m^[22m[39m[31m
[1m^[22m[39m[31m[1m^[22m[39m[31m[1m^[22m[39m[31m[1
m^[22m[39m[31m[1m^[22m[39m[31m[1m^[22m[39m[31m[1m^
[22m[39m[31m[1m^[22m[39m[31m[1m^[22m[39m[31m[1m^[22
m[39m[31m[1m^[22m[39m[31m[1m^[22m[39m[31m[1m^[22m[
39m[31m[1m^[22m[39m[31m[1m^[22m[39m[31m[1m^[22m[39m
[31m[1m^[22m[39m[31m[1m^[22m[39m[31m[1m^[22m[39m[3
1m[1m^[22m[39m[31m[1m^[22m[39m[31m[1m^[22m[39m[31m
[1m^[22m[39m[31m[1m^[22m[39m[31m[1m^[22m[39m[31m[1m
^[22m[39m[31m[1m^[22m[39m[31m[1m^[22m[39m[31m[1m^[
22m[39m[31m[1m^[22m[39m[31m[1m^[22m[39m[31m[1m^[22m
[39m[31m[1m^[22m[39m[31m[1m^[22m[39m[31m[1m^[22m[3
9m[31m[1m^[22m[39m[31m[1m^[22m[39m[31m[1m^[22m[39m
[31m[1m^[22m[39m[31m[1m^[22m[39m[31m[1m^[22m[39m[31
m[1m^[22m[39m[31m[1m^[22m[39m[31m[1m^[22m[39m[31m[
1m^[22m[39m[31m[1m^[22m[39m[31m[1m^[22m[39m[31m[1m^
[22m[39m[31m[1m^[22m[39m[31m[1m^[22m[39m[31m[1m^[2
2m[39m[31m[1m^[22m[39m[31m[1m^[22m[39m[31m[1m^[22m
[39m[31m[1m^[22m[39m[31m[1m^[22m[39m[31m[1m^[22m[39
m[31m[1m^[22m[39m[31m[1m^[22m[39m[31m[1m^[22m[39m[
31m[1m^[22m[39m[31m[1m^[22m[39m[31m[1m^[22m[39m[31m
[1m^[22m[39m
 [90m 7 |[39m [36mimport[39m { [33mPagination[39m } 
[36mfrom[39m [32m"@/app/app/team-management/components/Pagin
ation"[39m[33m;[39m
 [90m 8 |[39m [36mimport[39m { [33mFilterModal[39m } 
[36mfrom[39m [32m"@/app/app/team-management/components/Filte
rModal"[39m[33m;[39m
 [90m 9 |[39m [36mimport[39m { [33mStatsBar[39m } 
[36mfrom[39m [32m"@/app/app/team-management/components/Stats
Bar"[39m[33m;[39m[0m

Import map: aliased to relative 
'./src/app/app/team-management/components/TeamEmptyState' 
inside of [project]/


https://nextjs.org/docs/messages/module-not-found


./src/components/features/team-management/employees.tsx:6:1
Module not found: Can't resolve 
'@/app/app/team-management/components/TeamEmptyState'
[0m [90m 4 |[39m [36mimport[39m [33mImage[39m 
[36mfrom[39m [32m"next/image"[39m[33m;[39m
 [90m 5 |[39m [36mimport[39m { [33mSearchFilterBar[39m } 
[36mfrom[39m [32m"@/app/app/team-management/components/Searc
hFilterBar"[39m[33m;[39m
[31m[1m>[22m[39m[90m 6 |[39m [36mimport[39m { 
[33mTeamEmptyState[39m } [36mfrom[39m [32m"@/app/app/team-
management/components/TeamEmptyState"[39m[33m;[39m
 [90m   |[39m [31m[1m^[22m[39m[31m[1m^[22m[39m[31m[
1m^[22m[39m[31m[1m^[22m[39m[31m[1m^[22m[39m[31m[1m^
[22m[39m[31m[1m^[22m[39m[31m[1m^[22m[39m[31m[1m^[2
2m[39m[31m[1m^[22m[39m[31m[1m^[22m[39m[31m[1m^[22m
[39m[31m[1m^[22m[39m[31m[1m^[22m[39m[31m[1m^[22m[39
m[31m[1m^[22m[39m[31m[1m^[22m[39m[31m[1m^[22m[39m[
31m[1m^[22m[39m[31m[1m^[22m[39m[31m[1m^[22m[39m[31m
[1m^[22m[39m[31m[1m^[22m[39m[31m[1m^[22m[39m[31m[1
m^[22m[39m[31m[1m^[22m[39m[31m[1m^[22m[39m[31m[1m^
[22m[39m[31m[1m^[22m[39m[31m[1m^[22m[39m[31m[1m^[22
m[39m[31m[1m^[22m[39m[31m[1m^[22m[39m[31m[1m^[22m[
39m[31m[1m^[22m[39m[31m[1m^[22m[39m[31m[1m^[22m[39m
[31m[1m^[22m[39m[31m[1m^[22m[39m[31m[1m^[22m[39m[3
1m[1m^[22m[39m[31m[1m^[22m[39m[31m[1m^[22m[39m[31m
[1m^[22m[39m[31m[1m^[22m[39m[31m[1m^[22m[39m[31m[1m
^[22m[39m[31m[1m^[22m[39m[31m[1m^[22m[39m[31m[1m^[
22m[39m[31m[1m^[22m[39m[31m[1m^[22m[39m[31m[1m^[22m
[39m[31m[1m^[22m[39m[31m[1m^[22m[39m[31m[1m^[22m[3
9m[31m[1m^[22m[39m[31m[1m^[22m[39m[31m[1m^[22m[39m
[31m[1m^[22m[39m[31m[1m^[22m[39m[31m[1m^[22m[39m[31
m[1m^[22m[39m[31m[1m^[22m[39m[31m[1m^[22m[39m[31m[
1m^[22m[39m[31m[1m^[22m[39m[31m[1m^[22m[39m[31m[1m^
[22m[39m[31m[1m^[22m[39m[31m[1m^[22m[39m[31m[1m^[2
2m[39m[31m[1m^[22m[39m[31m[1m^[22m[39m[31m[1m^[22m
[39m[31m[1m^[22m[39m[31m[1m^[22m[39m[31m[1m^[22m[39
m[31m[1m^[22m[39m[31m[1m^[22m[39m[31m[1m^[22m[39m[
31m[1m^[22m[39m[31m[1m^[22m[39m[31m[1m^[22m[39m[31m
[1m^[22m[39m
 [90m 7 |[39m [36mimport[39m { [33mPagination[39m } 
[36mfrom[39m [32m"@/app/app/team-management/components/Pagin
ation"[39m[33m;[39m
 [90m 8 |[39m [36mimport[39m { [33mFilterModal[39m } 
[36mfrom[39m [32m"@/app/app/team-management/components/Filte
rModal"[39m[33m;[39m
 [90m 9 |[39m [36mimport[39m { [33mStatsBar[39m } 
[36mfrom[39m [32m"@/app/app/team-management/components/Stats
Bar"[39m[33m;[39m[0m

Import map: aliased to relative 
'./src/app/app/team-management/components/TeamEmptyState' 
inside of [project]/


https://nextjs.org/docs/messages/module-not-found


./src/components/features/team-management/employees.tsx:6:1
Module not found: Can't resolve 
'@/app/app/team-management/components/TeamEmptyState'
[0m [90m 4 |[39m [36mimport[39m [33mImage[39m 
[36mfrom[39m [32m"next/image"[39m[33m;[39m
 [90m 5 |[39m [36mimport[39m { [33mSearchFilterBar[39m } 
[36mfrom[39m [32m"@/app/app/team-management/components/Searc
hFilterBar"[39m[33m;[39m
[31m[1m>[22m[39m[90m 6 |[39m [36mimport[39m { 
[33mTeamEmptyState[39m } [36mfrom[39m [32m"@/app/app/team-
management/components/TeamEmptyState"[39m[33m;[39m
 [90m   |[39m [31m[1m^[22m[39m[31m[1m^[22m[39m[31m[
1m^[22m[39m[31m[1m^[22m[39m[31m[1m^[22m[39m[31m[1m^
[22m[39m[31m[1m^[22m[39m[31m[1m^[22m[39m[31m[1m^[2
2m[39m[31m[1m^[22m[39m[31m[1m^[22m[39m[31m[1m^[22m
[39m[31m[1m^[22m[39m[31m[1m^[22m[39m[31m[1m^[22m[39
m[31m[1m^[22m[39m[31m[1m^[22m[39m[31m[1m^[22m[39m[
31m[1m^[22m[39m[31m[1m^[22m[39m[31m[1m^[22m[39m[31m
[1m^[22m[39m[31m[1m^[22m[39m[31m[1m^[22m[39m[31m[1
m^[22m[39m[31m[1m^[22m[39m[31m[1m^[22m[39m[31m[1m^
[22m[39m[31m[1m^[22m[39m[31m[1m^[22m[39m[31m[1m^[22
m[39m[31m[1m^[22m[39m[31m[1m^[22m[39m[31m[1m^[22m[
39m[31m[1m^[22m[39m[31m[1m^[22m[39m[31m[1m^[22m[39m
[31m[1m^[22m[39m[31m[1m^[22m[39m[31m[1m^[22m[39m[3
1m[1m^[22m[39m[31m[1m^[22m[39m[31m[1m^[22m[39m[31m
[1m^[22m[39m[31m[1m^[22m[39m[31m[1m^[22m[39m[31m[1m
^[22m[39m[31m[1m^[22m[39m[31m[1m^[22m[39m[31m[1m^[
22m[39m[31m[1m^[22m[39m[31m[1m^[22m[39m[31m[1m^[22m
[39m[31m[1m^[22m[39m[31m[1m^[22m[39m[31m[1m^[22m[3
9m[31m[1m^[22m[39m[31m[1m^[22m[39m[31m[1m^[22m[39m
[31m[1m^[22m[39m[31m[1m^[22m[39m[31m[1m^[22m[39m[31
m[1m^[22m[39m[31m[1m^[22m[39m[31m[1m^[22m[39m[31m[
1m^[22m[39m[31m[1m^[22m[39m[31m[1m^[22m[39m[31m[1m^
[22m[39m[31m[1m^[22m[39m[31m[1m^[22m[39m[31m[1m^[2
2m[39m[31m[1m^[22m[39m[31m[1m^[22m[39m[31m[1m^[22m
[39m[31m[1m^[22m[39m[31m[1m^[22m[39m[31m[1m^[22m[39
m[31m[1m^[22m[39m[31m[1m^[22m[39m[31m[1m^[22m[39m[
31m[1m^[22m[39m[31m[1m^[22m[39m[31m[1m^[22m[39m[31m
[1m^[22m[39m
 [90m 7 |[39m [36mimport[39m { [33mPagination[39m } 
[36mfrom[39m [32m"@/app/app/team-management/components/Pagin
ation"[39m[33m;[39m
 [90m 8 |[39m [36mimport[39m { [33mFilterModal[39m } 
[36mfrom[39m [32m"@/app/app/team-management/components/Filte
rModal"[39m[33m;[39m
 [90m 9 |[39m [36mimport[39m { [33mStatsBar[39m } 
[36mfrom[39m [32m"@/app/app/team-management/components/Stats
Bar"[39m[33m;[39m[0m

Import map: aliased to relative 
'./src/app/app/team-management/components/TeamEmptyState' 
inside of [project]/


https://nextjs.org/docs/messages/module-not-found


./src/components/features/team-management/employees.tsx:6:1
Module not found: Can't resolve 
'@/app/app/team-management/components/TeamEmptyState'
[0m [90m 4 |[39m [36mimport[39m [33mImage[39m 
[36mfrom[39m [32m"next/image"[39m[33m;[39m
 [90m 5 |[39m [36mimport[39m { [33mSearchFilterBar[39m } 
[36mfrom[39m [32m"@/app/app/team-management/components/Searc
hFilterBar"[39m[33m;[39m
[31m[1m>[22m[39m[90m 6 |[39m [36mimport[39m { 
[33mTeamEmptyState[39m } [36mfrom[39m [32m"@/app/app/team-
management/components/TeamEmptyState"[39m[33m;[39m
 [90m   |[39m [31m[1m^[22m[39m[31m[1m^[22m[39m[31m[
1m^[22m[39m[31m[1m^[22m[39m[31m[1m^[22m[39m[31m[1m^
[22m[39m[31m[1m^[22m[39m[31m[1m^[22m[39m[31m[1m^[2
2m[39m[31m[1m^[22m[39m[31m[1m^[22m[39m[31m[1m^[22m
[39m[31m[1m^[22m[39m[31m[1m^[22m[39m[31m[1m^[22m[39
m[31m[1m^[22m[39m[31m[1m^[22m[39m[31m[1m^[22m[39m[
31m[1m^[22m[39m[31m[1m^[22m[39m[31m[1m^[22m[39m[31m
[1m^[22m[39m[31m[1m^[22m[39m[31m[1m^[22m[39m[31m[1
m^[22m[39m[31m[1m^[22m[39m[31m[1m^[22m[39m[31m[1m^
[22m[39m[31m[1m^[22m[39m[31m[1m^[22m[39m[31m[1m^[22
m[39m[31m[1m^[22m[39m[31m[1m^[22m[39m[31m[1m^[22m[
39m[31m[1m^[22m[39m[31m[1m^[22m[39m[31m[1m^[22m[39m
[31m[1m^[22m[39m[31m[1m^[22m[39m[31m[1m^[22m[39m[3
1m[1m^[22m[39m[31m[1m^[22m[39m[31m[1m^[22m[39m[31m
[1m^[22m[39m[31m[1m^[22m[39m[31m[1m^[22m[39m[31m[1m
^[22m[39m[31m[1m^[22m[39m[31m[1m^[22m[39m[31m[1m^[
22m[39m[31m[1m^[22m[39m[31m[1m^[22m[39m[31m[1m^[22m
[39m[31m[1m^[22m[39m[31m[1m^[22m[39m[31m[1m^[22m[3
9m[31m[1m^[22m[39m[31m[1m^[22m[39m[31m[1m^[22m[39m
[31m[1m^[22m[39m[31m[1m^[22m[39m[31m[1m^[22m[39m[31
m[1m^[22m[39m[31m[1m^[22m[39m[31m[1m^[22m[39m[31m[
1m^[22m[39m[31m[1m^[22m[39m[31m[1m^[22m[39m[31m[1m^
[22m[39m[31m[1m^[22m[39m[31m[1m^[22m[39m[31m[1m^[2
2m[39m[31m[1m^[22m[39m[31m[1m^[22m[39m[31m[1m^[22m
[39m[31m[1m^[22m[39m[31m[1m^[22m[39m[31m[1m^[22m[39
m[31m[1m^[22m[39m[31m[1m^[22m[39m[31m[1m^[22m[39m[
31m[1m^[22m[39m[31m[1m^[22m[39m[31m[1m^[22m[39m[31m
[1m^[22m[39m
 [90m 7 |[39m [36mimport[39m { [33mPagination[39m } 
[36mfrom[39m [32m"@/app/app/team-management/components/Pagin
ation"[39m[33m;[39m
 [90m 8 |[39m [36mimport[39m { [33mFilterModal[39m } 
[36mfrom[39m [32m"@/app/app/team-management/components/Filte
rModal"[39m[33m;[39m
 [90m 9 |[39m [36mimport[39m { [33mStatsBar[39m } 
[36mfrom[39m [32m"@/app/app/team-management/components/Stats
Bar"[39m[33m;[39m[0m

Import map: aliased to relative 
'./src/app/app/team-management/components/TeamEmptyState' 
inside of [project]/


https://nextjs.org/docs/messages/module-not-found


./src/app/app/(dashboard)/settings/company/company-info/page.ts
x:6:1
Module not found: Can't resolve 
'@/components/features/hiring-template/select-components'
[0m [90m  4 |[39m [36mimport[39m [33mInputField[39m 
[36mfrom[39m 
[32m"@/components/ui/input-field"[39m[33m;[39m
 [90m  5 |[39m [36mimport[39m [33mAvatar[39m 
[36mfrom[39m [32m"@/components/ui/avatar"[39m[33m;[39m
[31m[1m>[22m[39m[90m  6 |[39m [36mimport[39m {
 [90m    |[39m [31m[1m^[22m[39m[31m[1m^[22m[39m[31m
[1m^[22m[39m[31m[1m^[22m[39m[31m[1m^[22m[39m[31m[1m
^[22m[39m[31m[1m^[22m[39m[31m[1m^[22m[39m
[31m[1m>[22m[39m[90m  7 |[39m   
[33mCountrySelect[39m[33m,[39m
 [90m    |[39m [31m[1m^[22m[39m[31m[1m^[22m[39m[31m
[1m^[22m[39m[31m[1m^[22m[39m[31m[1m^[22m[39m[31m[1m
^[22m[39m[31m[1m^[22m[39m[31m[1m^[22m[39m[31m[1m^[
22m[39m[31m[1m^[22m[39m[31m[1m^[22m[39m[31m[1m^[22m
[39m[31m[1m^[22m[39m[31m[1m^[22m[39m[31m[1m^[22m[3
9m[31m[1m^[22m[39m
[31m[1m>[22m[39m[90m  8 |[39m   
[33mCustomSelect[39m[33m,[39m
 [90m    |[39m [31m[1m^[22m[39m[31m[1m^[22m[39m[31m
[1m^[22m[39m[31m[1m^[22m[39m[31m[1m^[22m[39m[31m[1m
^[22m[39m[31m[1m^[22m[39m[31m[1m^[22m[39m[31m[1m^[
22m[39m[31m[1m^[22m[39m[31m[1m^[22m[39m[31m[1m^[22m
[39m[31m[1m^[22m[39m[31m[1m^[22m[39m[31m[1m^[22m[3
9m[31m[1m^[22m[39m
[31m[1m>[22m[39m[90m  9 |[39m } [36mfrom[39m [32m"@/co
mponents/features/hiring-template/select-components"[39m[33m;
[39m
 [90m    |[39m [31m[1m^[22m[39m[31m[1m^[22m[39m[31m
[1m^[22m[39m[31m[1m^[22m[39m[31m[1m^[22m[39m[31m[1m
^[22m[39m[31m[1m^[22m[39m[31m[1m^[22m[39m[31m[1m^[
22m[39m[31m[1m^[22m[39m[31m[1m^[22m[39m[31m[1m^[22m
[39m[31m[1m^[22m[39m[31m[1m^[22m[39m[31m[1m^[22m[3
9m[31m[1m^[22m[39m[31m[1m^[22m[39m[31m[1m^[22m[39m
[31m[1m^[22m[39m[31m[1m^[22m[39m[31m[1m^[22m[39m[31
m[1m^[22m[39m[31m[1m^[22m[39m[31m[1m^[22m[39m[31m[
1m^[22m[39m[31m[1m^[22m[39m[31m[1m^[22m[39m[31m[1m^
[22m[39m[31m[1m^[22m[39m[31m[1m^[22m[39m[31m[1m^[2
2m[39m[31m[1m^[22m[39m[31m[1m^[22m[39m[31m[1m^[22m
[39m[31m[1m^[22m[39m[31m[1m^[22m[39m[31m[1m^[22m[39
m[31m[1m^[22m[39m[31m[1m^[22m[39m[31m[1m^[22m[39m[
31m[1m^[22m[39m[31m[1m^[22m[39m[31m[1m^[22m[39m[31m
[1m^[22m[39m[31m[1m^[22m[39m[31m[1m^[22m[39m[31m[1
m^[22m[39m[31m[1m^[22m[39m[31m[1m^[22m[39m[31m[1m^
[22m[39m[31m[1m^[22m[39m[31m[1m^[22m[39m[31m[1m^[22
m[39m[31m[1m^[22m[39m[31m[1m^[22m[39m[31m[1m^[22m[
39m[31m[1m^[22m[39m[31m[1m^[22m[39m[31m[1m^[22m[39m
[31m[1m^[22m[39m[31m[1m^[22m[39m[31m[1m^[22m[39m[3
1m[1m^[22m[39m[31m[1m^[22m[39m[31m[1m^[22m[39m[31m
[1m^[22m[39m
 [90m 10 |[39m [36mimport[39m { countries } [36mfrom[39m 
[32m"@/components/features/hiring-template/utils"[39m[33m;[
39m
 [90m 11 |[39m [36mimport[39m { [33mButton[39m } 
[36mfrom[39m [32m"@/components/ui/button"[39m[33m;[39m
 [90m 12 |[39m [90m// import FileUpload from 
'@/components/ui/file-upload';[39m[0m

Import map: aliased to relative 
'./src/components/features/hiring-template/select-components' 
inside of [project]/


https://nextjs.org/docs/messages/module-not-found


./src/app/app/(dashboard)/settings/company/company-info/page.ts
x:6:1
Module not found: Can't resolve 
'@/components/features/hiring-template/select-components'
[0m [90m  4 |[39m [36mimport[39m [33mInputField[39m 
[36mfrom[39m 
[32m"@/components/ui/input-field"[39m[33m;[39m
 [90m  5 |[39m [36mimport[39m [33mAvatar[39m 
[36mfrom[39m [32m"@/components/ui/avatar"[39m[33m;[39m
[31m[1m>[22m[39m[90m  6 |[39m [36mimport[39m {
 [90m    |[39m [31m[1m^[22m[39m[31m[1m^[22m[39m[31m
[1m^[22m[39m[31m[1m^[22m[39m[31m[1m^[22m[39m[31m[1m
^[22m[39m[31m[1m^[22m[39m[31m[1m^[22m[39m
[31m[1m>[22m[39m[90m  7 |[39m   
[33mCountrySelect[39m[33m,[39m
 [90m    |[39m [31m[1m^[22m[39m[31m[1m^[22m[39m[31m
[1m^[22m[39m[31m[1m^[22m[39m[31m[1m^[22m[39m[31m[1m
^[22m[39m[31m[1m^[22m[39m[31m[1m^[22m[39m[31m[1m^[
22m[39m[31m[1m^[22m[39m[31m[1m^[22m[39m[31m[1m^[22m
[39m[31m[1m^[22m[39m[31m[1m^[22m[39m[31m[1m^[22m[3
9m[31m[1m^[22m[39m
[31m[1m>[22m[39m[90m  8 |[39m   
[33mCustomSelect[39m[33m,[39m
 [90m    |[39m [31m[1m^[22m[39m[31m[1m^[22m[39m[31m
[1m^[22m[39m[31m[1m^[22m[39m[31m[1m^[22m[39m[31m[1m
^[22m[39m[31m[1m^[22m[39m[31m[1m^[22m[39m[31m[1m^[
22m[39m[31m[1m^[22m[39m[31m[1m^[22m[39m[31m[1m^[22m
[39m[31m[1m^[22m[39m[31m[1m^[22m[39m[31m[1m^[22m[3
9m[31m[1m^[22m[39m
[31m[1m>[22m[39m[90m  9 |[39m } [36mfrom[39m [32m"@/co
mponents/features/hiring-template/select-components"[39m[33m;
[39m
 [90m    |[39m [31m[1m^[22m[39m[31m[1m^[22m[39m[31m
[1m^[22m[39m[31m[1m^[22m[39m[31m[1m^[22m[39m[31m[1m
^[22m[39m[31m[1m^[22m[39m[31m[1m^[22m[39m[31m[1m^[
22m[39m[31m[1m^[22m[39m[31m[1m^[22m[39m[31m[1m^[22m
[39m[31m[1m^[22m[39m[31m[1m^[22m[39m[31m[1m^[22m[3
9m[31m[1m^[22m[39m[31m[1m^[22m[39m[31m[1m^[22m[39m
[31m[1m^[22m[39m[31m[1m^[22m[39m[31m[1m^[22m[39m[31
m[1m^[22m[39m[31m[1m^[22m[39m[31m[1m^[22m[39m[31m[
1m^[22m[39m[31m[1m^[22m[39m[31m[1m^[22m[39m[31m[1m^
[22m[39m[31m[1m^[22m[39m[31m[1m^[22m[39m[31m[1m^[2
2m[39m[31m[1m^[22m[39m[31m[1m^[22m[39m[31m[1m^[22m
[39m[31m[1m^[22m[39m[31m[1m^[22m[39m[31m[1m^[22m[39
m[31m[1m^[22m[39m[31m[1m^[22m[39m[31m[1m^[22m[39m[
31m[1m^[22m[39m[31m[1m^[22m[39m[31m[1m^[22m[39m[31m
[1m^[22m[39m[31m[1m^[22m[39m[31m[1m^[22m[39m[31m[1
m^[22m[39m[31m[1m^[22m[39m[31m[1m^[22m[39m[31m[1m^
[22m[39m[31m[1m^[22m[39m[31m[1m^[22m[39m[31m[1m^[22
m[39m[31m[1m^[22m[39m[31m[1m^[22m[39m[31m[1m^[22m[
39m[31m[1m^[22m[39m[31m[1m^[22m[39m[31m[1m^[22m[39m
[31m[1m^[22m[39m[31m[1m^[22m[39m[31m[1m^[22m[39m[3
1m[1m^[22m[39m[31m[1m^[22m[39m[31m[1m^[22m[39m[31m
[1m^[22m[39m
 [90m 10 |[39m [36mimport[39m { countries } [36mfrom[39m 
[32m"@/components/features/hiring-template/utils"[39m[33m;[
39m
 [90m 11 |[39m [36mimport[39m { [33mButton[39m } 
[36mfrom[39m [32m"@/components/ui/button"[39m[33m;[39m
 [90m 12 |[39m [90m// import FileUpload from 
'@/components/ui/file-upload';[39m[0m

Import map: aliased to relative 
'./src/components/features/hiring-template/select-components' 
inside of [project]/


https://nextjs.org/docs/messages/module-not-found


./src/app/app/(dashboard)/settings/company/company-info/page.ts
x:6:1
Module not found: Can't resolve 
'@/components/features/hiring-template/select-components'
[0m [90m  4 |[39m [36mimport[39m [33mInputField[39m 
[36mfrom[39m 
[32m"@/components/ui/input-field"[39m[33m;[39m
 [90m  5 |[39m [36mimport[39m [33mAvatar[39m 
[36mfrom[39m [32m"@/components/ui/avatar"[39m[33m;[39m
[31m[1m>[22m[39m[90m  6 |[39m [36mimport[39m {
 [90m    |[39m [31m[1m^[22m[39m[31m[1m^[22m[39m[31m
[1m^[22m[39m[31m[1m^[22m[39m[31m[1m^[22m[39m[31m[1m
^[22m[39m[31m[1m^[22m[39m[31m[1m^[22m[39m
[31m[1m>[22m[39m[90m  7 |[39m   
[33mCountrySelect[39m[33m,[39m
 [90m    |[39m [31m[1m^[22m[39m[31m[1m^[22m[39m[31m
[1m^[22m[39m[31m[1m^[22m[39m[31m[1m^[22m[39m[31m[1m
^[22m[39m[31m[1m^[22m[39m[31m[1m^[22m[39m[31m[1m^[
22m[39m[31m[1m^[22m[39m[31m[1m^[22m[39m[31m[1m^[22m
[39m[31m[1m^[22m[39m[31m[1m^[22m[39m[31m[1m^[22m[3
9m[31m[1m^[22m[39m
[31m[1m>[22m[39m[90m  8 |[39m   
[33mCustomSelect[39m[33m,[39m
 [90m    |[39m [31m[1m^[22m[39m[31m[1m^[22m[39m[31m
[1m^[22m[39m[31m[1m^[22m[39m[31m[1m^[22m[39m[31m[1m
^[22m[39m[31m[1m^[22m[39m[31m[1m^[22m[39m[31m[1m^[
22m[39m[31m[1m^[22m[39m[31m[1m^[22m[39m[31m[1m^[22m
[39m[31m[1m^[22m[39m[31m[1m^[22m[39m[31m[1m^[22m[3
9m[31m[1m^[22m[39m
[31m[1m>[22m[39m[90m  9 |[39m } [36mfrom[39m [32m"@/co
mponents/features/hiring-template/select-components"[39m[33m;
[39m
 [90m    |[39m [31m[1m^[22m[39m[31m[1m^[22m[39m[31m
[1m^[22m[39m[31m[1m^[22m[39m[31m[1m^[22m[39m[31m[1m
^[22m[39m[31m[1m^[22m[39m[31m[1m^[22m[39m[31m[1m^[
22m[39m[31m[1m^[22m[39m[31m[1m^[22m[39m[31m[1m^[22m
[39m[31m[1m^[22m[39m[31m[1m^[22m[39m[31m[1m^[22m[3
9m[31m[1m^[22m[39m[31m[1m^[22m[39m[31m[1m^[22m[39m
[31m[1m^[22m[39m[31m[1m^[22m[39m[31m[1m^[22m[39m[31
m[1m^[22m[39m[31m[1m^[22m[39m[31m[1m^[22m[39m[31m[
1m^[22m[39m[31m[1m^[22m[39m[31m[1m^[22m[39m[31m[1m^
[22m[39m[31m[1m^[22m[39m[31m[1m^[22m[39m[31m[1m^[2
2m[39m[31m[1m^[22m[39m[31m[1m^[22m[39m[31m[1m^[22m
[39m[31m[1m^[22m[39m[31m[1m^[22m[39m[31m[1m^[22m[39
m[31m[1m^[22m[39m[31m[1m^[22m[39m[31m[1m^[22m[39m[
31m[1m^[22m[39m[31m[1m^[22m[39m[31m[1m^[22m[39m[31m
[1m^[22m[39m[31m[1m^[22m[39m[31m[1m^[22m[39m[31m[1
m^[22m[39m[31m[1m^[22m[39m[31m[1m^[22m[39m[31m[1m^
[22m[39m[31m[1m^[22m[39m[31m[1m^[22m[39m[31m[1m^[22
m[39m[31m[1m^[22m[39m[31m[1m^[22m[39m[31m[1m^[22m[
39m[31m[1m^[22m[39m[31m[1m^[22m[39m[31m[1m^[22m[39m
[31m[1m^[22m[39m[31m[1m^[22m[39m[31m[1m^[22m[39m[3
1m[1m^[22m[39m[31m[1m^[22m[39m[31m[1m^[22m[39m[31m
[1m^[22m[39m
 [90m 10 |[39m [36mimport[39m { countries } [36mfrom[39m 
[32m"@/components/features/hiring-template/utils"[39m[33m;[
39m
 [90m 11 |[39m [36mimport[39m { [33mButton[39m } 
[36mfrom[39m [32m"@/components/ui/button"[39m[33m;[39m
 [90m 12 |[39m [90m// import FileUpload from 
'@/components/ui/file-upload';[39m[0m

Import map: aliased to relative 
'./src/components/features/hiring-template/select-components' 
inside of [project]/


https://nextjs.org/docs/messages/module-not-found


./src/app/app/(dashboard)/settings/company/company-info/page.ts
x:6:1
Module not found: Can't resolve 
'@/components/features/hiring-template/select-components'
[0m [90m  4 |[39m [36mimport[39m [33mInputField[39m 
[36mfrom[39m 
[32m"@/components/ui/input-field"[39m[33m;[39m
 [90m  5 |[39m [36mimport[39m [33mAvatar[39m 
[36mfrom[39m [32m"@/components/ui/avatar"[39m[33m;[39m
[31m[1m>[22m[39m[90m  6 |[39m [36mimport[39m {
 [90m    |[39m [31m[1m^[22m[39m[31m[1m^[22m[39m[31m
[1m^[22m[39m[31m[1m^[22m[39m[31m[1m^[22m[39m[31m[1m
^[22m[39m[31m[1m^[22m[39m[31m[1m^[22m[39m
[31m[1m>[22m[39m[90m  7 |[39m   
[33mCountrySelect[39m[33m,[39m
 [90m    |[39m [31m[1m^[22m[39m[31m[1m^[22m[39m[31m
[1m^[22m[39m[31m[1m^[22m[39m[31m[1m^[22m[39m[31m[1m
^[22m[39m[31m[1m^[22m[39m[31m[1m^[22m[39m[31m[1m^[
22m[39m[31m[1m^[22m[39m[31m[1m^[22m[39m[31m[1m^[22m
[39m[31m[1m^[22m[39m[31m[1m^[22m[39m[31m[1m^[22m[3
9m[31m[1m^[22m[39m
[31m[1m>[22m[39m[90m  8 |[39m   
[33mCustomSelect[39m[33m,[39m
 [90m    |[39m [31m[1m^[22m[39m[31m[1m^[22m[39m[31m
[1m^[22m[39m[31m[1m^[22m[39m[31m[1m^[22m[39m[31m[1m
^[22m[39m[31m[1m^[22m[39m[31m[1m^[22m[39m[31m[1m^[
22m[39m[31m[1m^[22m[39m[31m[1m^[22m[39m[31m[1m^[22m
[39m[31m[1m^[22m[39m[31m[1m^[22m[39m[31m[1m^[22m[3
9m[31m[1m^[22m[39m
[31m[1m>[22m[39m[90m  9 |[39m } [36mfrom[39m [32m"@/co
mponents/features/hiring-template/select-components"[39m[33m;
[39m
 [90m    |[39m [31m[1m^[22m[39m[31m[1m^[22m[39m[31m
[1m^[22m[39m[31m[1m^[22m[39m[31m[1m^[22m[39m[31m[1m
^[22m[39m[31m[1m^[22m[39m[31m[1m^[22m[39m[31m[1m^[
22m[39m[31m[1m^[22m[39m[31m[1m^[22m[39m[31m[1m^[22m
[39m[31m[1m^[22m[39m[31m[1m^[22m[39m[31m[1m^[22m[3
9m[31m[1m^[22m[39m[31m[1m^[22m[39m[31m[1m^[22m[39m
[31m[1m^[22m[39m[31m[1m^[22m[39m[31m[1m^[22m[39m[31
m[1m^[22m[39m[31m[1m^[22m[39m[31m[1m^[22m[39m[31m[
1m^[22m[39m[31m[1m^[22m[39m[31m[1m^[22m[39m[31m[1m^
[22m[39m[31m[1m^[22m[39m[31m[1m^[22m[39m[31m[1m^[2
2m[39m[31m[1m^[22m[39m[31m[1m^[22m[39m[31m[1m^[22m
[39m[31m[1m^[22m[39m[31m[1m^[22m[39m[31m[1m^[22m[39
m[31m[1m^[22m[39m[31m[1m^[22m[39m[31m[1m^[22m[39m[
31m[1m^[22m[39m[31m[1m^[22m[39m[31m[1m^[22m[39m[31m
[1m^[22m[39m[31m[1m^[22m[39m[31m[1m^[22m[39m[31m[1
m^[22m[39m[31m[1m^[22m[39m[31m[1m^[22m[39m[31m[1m^
[22m[39m[31m[1m^[22m[39m[31m[1m^[22m[39m[31m[1m^[22
m[39m[31m[1m^[22m[39m[31m[1m^[22m[39m[31m[1m^[22m[
39m[31m[1m^[22m[39m[31m[1m^[22m[39m[31m[1m^[22m[39m
[31m[1m^[22m[39m[31m[1m^[22m[39m[31m[1m^[22m[39m[3
1m[1m^[22m[39m[31m[1m^[22m[39m[31m[1m^[22m[39m[31m
[1m^[22m[39m
 [90m 10 |[39m [36mimport[39m { countries } [36mfrom[39m 
[32m"@/components/features/hiring-template/utils"[39m[33m;[
39m
 [90m 11 |[39m [36mimport[39m { [33mButton[39m } 
[36mfrom[39m [32m"@/components/ui/button"[39m[33m;[39m
 [90m 12 |[39m [90m// import FileUpload from 
'@/components/ui/file-upload';[39m[0m

Import map: aliased to relative 
'./src/components/features/hiring-template/select-components' 
inside of [project]/


https://nextjs.org/docs/messages/module-not-found


./src/app/app/(dashboard)/settings/company/company-info/page.ts
x:6:1
Module not found: Can't resolve 
'@/components/features/hiring-template/select-components'
[0m [90m  4 |[39m [36mimport[39m [33mInputField[39m 
[36mfrom[39m 
[32m"@/components/ui/input-field"[39m[33m;[39m
 [90m  5 |[39m [36mimport[39m [33mAvatar[39m 
[36mfrom[39m [32m"@/components/ui/avatar"[39m[33m;[39m
[31m[1m>[22m[39m[90m  6 |[39m [36mimport[39m {
 [90m    |[39m [31m[1m^[22m[39m[31m[1m^[22m[39m[31m
[1m^[22m[39m[31m[1m^[22m[39m[31m[1m^[22m[39m[31m[1m
^[22m[39m[31m[1m^[22m[39m[31m[1m^[22m[39m
[31m[1m>[22m[39m[90m  7 |[39m   
[33mCountrySelect[39m[33m,[39m
 [90m    |[39m [31m[1m^[22m[39m[31m[1m^[22m[39m[31m
[1m^[22m[39m[31m[1m^[22m[39m[31m[1m^[22m[39m[31m[1m
^[22m[39m[31m[1m^[22m[39m[31m[1m^[22m[39m[31m[1m^[
22m[39m[31m[1m^[22m[39m[31m[1m^[22m[39m[31m[1m^[22m
[39m[31m[1m^[22m[39m[31m[1m^[22m[39m[31m[1m^[22m[3
9m[31m[1m^[22m[39m
[31m[1m>[22m[39m[90m  8 |[39m   
[33mCustomSelect[39m[33m,[39m
 [90m    |[39m [31m[1m^[22m[39m[31m[1m^[22m[39m[31m
[1m^[22m[39m[31m[1m^[22m[39m[31m[1m^[22m[39m[31m[1m
^[22m[39m[31m[1m^[22m[39m[31m[1m^[22m[39m[31m[1m^[
22m[39m[31m[1m^[22m[39m[31m[1m^[22m[39m[31m[1m^[22m
[39m[31m[1m^[22m[39m[31m[1m^[22m[39m[31m[1m^[22m[3
9m[31m[1m^[22m[39m
[31m[1m>[22m[39m[90m  9 |[39m } [36mfrom[39m [32m"@/co
mponents/features/hiring-template/select-components"[39m[33m;
[39m
 [90m    |[39m [31m[1m^[22m[39m[31m[1m^[22m[39m[31m
[1m^[22m[39m[31m[1m^[22m[39m[31m[1m^[22m[39m[31m[1m
^[22m[39m[31m[1m^[22m[39m[31m[1m^[22m[39m[31m[1m^[
22m[39m[31m[1m^[22m[39m[31m[1m^[22m[39m[31m[1m^[22m
[39m[31m[1m^[22m[39m[31m[1m^[22m[39m[31m[1m^[22m[3
9m[31m[1m^[22m[39m[31m[1m^[22m[39m[31m[1m^[22m[39m
[31m[1m^[22m[39m[31m[1m^[22m[39m[31m[1m^[22m[39m[31
m[1m^[22m[39m[31m[1m^[22m[39m[31m[1m^[22m[39m[31m[
1m^[22m[39m[31m[1m^[22m[39m[31m[1m^[22m[39m[31m[1m^
[22m[39m[31m[1m^[22m[39m[31m[1m^[22m[39m[31m[1m^[2
2m[39m[31m[1m^[22m[39m[31m[1m^[22m[39m[31m[1m^[22m
[39m[31m[1m^[22m[39m[31m[1m^[22m[39m[31m[1m^[22m[39
m[31m[1m^[22m[39m[31m[1m^[22m[39m[31m[1m^[22m[39m[
31m[1m^[22m[39m[31m[1m^[22m[39m[31m[1m^[22m[39m[31m
[1m^[22m[39m[31m[1m^[22m[39m[31m[1m^[22m[39m[31m[1
m^[22m[39m[31m[1m^[22m[39m[31m[1m^[22m[39m[31m[1m^
[22m[39m[31m[1m^[22m[39m[31m[1m^[22m[39m[31m[1m^[22
m[39m[31m[1m^[22m[39m[31m[1m^[22m[39m[31m[1m^[22m[
39m[31m[1m^[22m[39m[31m[1m^[22m[39m[31m[1m^[22m[39m
[31m[1m^[22m[39m[31m[1m^[22m[39m[31m[1m^[22m[39m[3
1m[1m^[22m[39m[31m[1m^[22m[39m[31m[1m^[22m[39m[31m
[1m^[22m[39m
 [90m 10 |[39m [36mimport[39m { countries } [36mfrom[39m 
[32m"@/components/features/hiring-template/utils"[39m[33m;[
39m
 [90m 11 |[39m [36mimport[39m { [33mButton[39m } 
[36mfrom[39m [32m"@/components/ui/button"[39m[33m;[39m
 [90m 12 |[39m [90m// import FileUpload from 
'@/components/ui/file-upload';[39m[0m

Import map: aliased to relative 
'./src/components/features/hiring-template/select-components' 
inside of [project]/


https://nextjs.org/docs/messages/module-not-found


./src/app/app/(dashboard)/settings/company/company-info/page.ts
x:6:1
Module not found: Can't resolve 
'@/components/features/hiring-template/select-components'
[0m [90m  4 |[39m [36mimport[39m [33mInputField[39m 
[36mfrom[39m 
[32m"@/components/ui/input-field"[39m[33m;[39m
 [90m  5 |[39m [36mimport[39m [33mAvatar[39m 
[36mfrom[39m [32m"@/components/ui/avatar"[39m[33m;[39m
[31m[1m>[22m[39m[90m  6 |[39m [36mimport[39m {
 [90m    |[39m [31m[1m^[22m[39m[31m[1m^[22m[39m[31m
[1m^[22m[39m[31m[1m^[22m[39m[31m[1m^[22m[39m[31m[1m
^[22m[39m[31m[1m^[22m[39m[31m[1m^[22m[39m
[31m[1m>[22m[39m[90m  7 |[39m   
[33mCountrySelect[39m[33m,[39m
 [90m    |[39m [31m[1m^[22m[39m[31m[1m^[22m[39m[31m
[1m^[22m[39m[31m[1m^[22m[39m[31m[1m^[22m[39m[31m[1m
^[22m[39m[31m[1m^[22m[39m[31m[1m^[22m[39m[31m[1m^[
22m[39m[31m[1m^[22m[39m[31m[1m^[22m[39m[31m[1m^[22m
[39m[31m[1m^[22m[39m[31m[1m^[22m[39m[31m[1m^[22m[3
9m[31m[1m^[22m[39m
[31m[1m>[22m[39m[90m  8 |[39m   
[33mCustomSelect[39m[33m,[39m
 [90m    |[39m [31m[1m^[22m[39m[31m[1m^[22m[39m[31m
[1m^[22m[39m[31m[1m^[22m[39m[31m[1m^[22m[39m[31m[1m
^[22m[39m[31m[1m^[22m[39m[31m[1m^[22m[39m[31m[1m^[
22m[39m[31m[1m^[22m[39m[31m[1m^[22m[39m[31m[1m^[22m
[39m[31m[1m^[22m[39m[31m[1m^[22m[39m[31m[1m^[22m[3
9m[31m[1m^[22m[39m
[31m[1m>[22m[39m[90m  9 |[39m } [36mfrom[39m [32m"@/co
mponents/features/hiring-template/select-components"[39m[33m;
[39m
 [90m    |[39m [31m[1m^[22m[39m[31m[1m^[22m[39m[31m
[1m^[22m[39m[31m[1m^[22m[39m[31m[1m^[22m[39m[31m[1m
^[22m[39m[31m[1m^[22m[39m[31m[1m^[22m[39m[31m[1m^[
22m[39m[31m[1m^[22m[39m[31m[1m^[22m[39m[31m[1m^[22m
[39m[31m[1m^[22m[39m[31m[1m^[22m[39m[31m[1m^[22m[3
9m[31m[1m^[22m[39m[31m[1m^[22m[39m[31m[1m^[22m[39m
[31m[1m^[22m[39m[31m[1m^[22m[39m[31m[1m^[22m[39m[31
m[1m^[22m[39m[31m[1m^[22m[39m[31m[1m^[22m[39m[31m[
1m^[22m[39m[31m[1m^[22m[39m[31m[1m^[22m[39m[31m[1m^
[22m[39m[31m[1m^[22m[39m[31m[1m^[22m[39m[31m[1m^[2
2m[39m[31m[1m^[22m[39m[31m[1m^[22m[39m[31m[1m^[22m
[39m[31m[1m^[22m[39m[31m[1m^[22m[39m[31m[1m^[22m[39
m[31m[1m^[22m[39m[31m[1m^[22m[39m[31m[1m^[22m[39m[
31m[1m^[22m[39m[31m[1m^[22m[39m[31m[1m^[22m[39m[31m
[1m^[22m[39m[31m[1m^[22m[39m[31m[1m^[22m[39m[31m[1
m^[22m[39m[31m[1m^[22m[39m[31m[1m^[22m[39m[31m[1m^
[22m[39m[31m[1m^[22m[39m[31m[1m^[22m[39m[31m[1m^[22
m[39m[31m[1m^[22m[39m[31m[1m^[22m[39m[31m[1m^[22m[
39m[31m[1m^[22m[39m[31m[1m^[22m[39m[31m[1m^[22m[39m
[31m[1m^[22m[39m[31m[1m^[22m[39m[31m[1m^[22m[39m[3
1m[1m^[22m[39m[31m[1m^[22m[39m[31m[1m^[22m[39m[31m
[1m^[22m[39m
 [90m 10 |[39m [36mimport[39m { countries } [36mfrom[39m 
[32m"@/components/features/hiring-template/utils"[39m[33m;[
39m
 [90m 11 |[39m [36mimport[39m { [33mButton[39m } 
[36mfrom[39m [32m"@/components/ui/button"[39m[33m;[39m
 [90m 12 |[39m [90m// import FileUpload from 
'@/components/ui/file-upload';[39m[0m

Import map: aliased to relative 
'./src/components/features/hiring-template/select-components' 
inside of [project]/


https://nextjs.org/docs/messages/module-not-found


./src/app/app/(dashboard)/settings/company/company-info/page.ts
x:10:1
Module not found: Can't resolve 
'@/components/features/hiring-template/utils'
[0m [90m  8 |[39m   [33mCustomSelect[39m[33m,[39m
 [90m  9 |[39m } [36mfrom[39m [32m"@/components/features/h
iring-template/select-components"[39m[33m;[39m
[31m[1m>[22m[39m[90m 10 |[39m [36mimport[39m { 
countries } [36mfrom[39m [32m"@/components/features/hiring-t
emplate/utils"[39m[33m;[39m
 [90m    |[39m [31m[1m^[22m[39m[31m[1m^[22m[39m[31m
[1m^[22m[39m[31m[1m^[22m[39m[31m[1m^[22m[39m[31m[1m
^[22m[39m[31m[1m^[22m[39m[31m[1m^[22m[39m[31m[1m^[
22m[39m[31m[1m^[22m[39m[31m[1m^[22m[39m[31m[1m^[22m
[39m[31m[1m^[22m[39m[31m[1m^[22m[39m[31m[1m^[22m[3
9m[31m[1m^[22m[39m[31m[1m^[22m[39m[31m[1m^[22m[39m
[31m[1m^[22m[39m[31m[1m^[22m[39m[31m[1m^[22m[39m[31
m[1m^[22m[39m[31m[1m^[22m[39m[31m[1m^[22m[39m[31m[
1m^[22m[39m[31m[1m^[22m[39m[31m[1m^[22m[39m[31m[1m^
[22m[39m[31m[1m^[22m[39m[31m[1m^[22m[39m[31m[1m^[2
2m[39m[31m[1m^[22m[39m[31m[1m^[22m[39m[31m[1m^[22m
[39m[31m[1m^[22m[39m[31m[1m^[22m[39m[31m[1m^[22m[39
m[31m[1m^[22m[39m[31m[1m^[22m[39m[31m[1m^[22m[39m[
31m[1m^[22m[39m[31m[1m^[22m[39m[31m[1m^[22m[39m[31m
[1m^[22m[39m[31m[1m^[22m[39m[31m[1m^[22m[39m[31m[1
m^[22m[39m[31m[1m^[22m[39m[31m[1m^[22m[39m[31m[1m^
[22m[39m[31m[1m^[22m[39m[31m[1m^[22m[39m[31m[1m^[22
m[39m[31m[1m^[22m[39m[31m[1m^[22m[39m[31m[1m^[22m[
39m[31m[1m^[22m[39m[31m[1m^[22m[39m[31m[1m^[22m[39m
[31m[1m^[22m[39m[31m[1m^[22m[39m[31m[1m^[22m[39m[3
1m[1m^[22m[39m[31m[1m^[22m[39m[31m[1m^[22m[39m[31m
[1m^[22m[39m[31m[1m^[22m[39m[31m[1m^[22m[39m[31m[1m
^[22m[39m[31m[1m^[22m[39m[31m[1m^[22m[39m[31m[1m^[
22m[39m
 [90m 11 |[39m [36mimport[39m { [33mButton[39m } 
[36mfrom[39m [32m"@/components/ui/button"[39m[33m;[39m
 [90m 12 |[39m [90m// import FileUpload from 
'@/components/ui/file-upload';[39m
 [90m 13 |[39m [36mimport[39m { [33mImagePlus[39m } 
[36mfrom[39m [32m"lucide-react"[39m[33m;[39m[0m

Import map: aliased to relative 
'./src/components/features/hiring-template/utils' inside of 
[project]/


https://nextjs.org/docs/messages/module-not-found


./src/app/app/(dashboard)/settings/company/company-info/page.ts
x:10:1
Module not found: Can't resolve 
'@/components/features/hiring-template/utils'
[0m [90m  8 |[39m   [33mCustomSelect[39m[33m,[39m
 [90m  9 |[39m } [36mfrom[39m [32m"@/components/features/h
iring-template/select-components"[39m[33m;[39m
[31m[1m>[22m[39m[90m 10 |[39m [36mimport[39m { 
countries } [36mfrom[39m [32m"@/components/features/hiring-t
emplate/utils"[39m[33m;[39m
 [90m    |[39m [31m[1m^[22m[39m[31m[1m^[22m[39m[31m
[1m^[22m[39m[31m[1m^[22m[39m[31m[1m^[22m[39m[31m[1m
^[22m[39m[31m[1m^[22m[39m[31m[1m^[22m[39m[31m[1m^[
22m[39m[31m[1m^[22m[39m[31m[1m^[22m[39m[31m[1m^[22m
[39m[31m[1m^[22m[39m[31m[1m^[22m[39m[31m[1m^[22m[3
9m[31m[1m^[22m[39m[31m[1m^[22m[39m[31m[1m^[22m[39m
[31m[1m^[22m[39m[31m[1m^[22m[39m[31m[1m^[22m[39m[31
m[1m^[22m[39m[31m[1m^[22m[39m[31m[1m^[22m[39m[31m[
1m^[22m[39m[31m[1m^[22m[39m[31m[1m^[22m[39m[31m[1m^
[22m[39m[31m[1m^[22m[39m[31m[1m^[22m[39m[31m[1m^[2
2m[39m[31m[1m^[22m[39m[31m[1m^[22m[39m[31m[1m^[22m
[39m[31m[1m^[22m[39m[31m[1m^[22m[39m[31m[1m^[22m[39
m[31m[1m^[22m[39m[31m[1m^[22m[39m[31m[1m^[22m[39m[
31m[1m^[22m[39m[31m[1m^[22m[39m[31m[1m^[22m[39m[31m
[1m^[22m[39m[31m[1m^[22m[39m[31m[1m^[22m[39m[31m[1
m^[22m[39m[31m[1m^[22m[39m[31m[1m^[22m[39m[31m[1m^
[22m[39m[31m[1m^[22m[39m[31m[1m^[22m[39m[31m[1m^[22
m[39m[31m[1m^[22m[39m[31m[1m^[22m[39m[31m[1m^[22m[
39m[31m[1m^[22m[39m[31m[1m^[22m[39m[31m[1m^[22m[39m
[31m[1m^[22m[39m[31m[1m^[22m[39m[31m[1m^[22m[39m[3
1m[1m^[22m[39m[31m[1m^[22m[39m[31m[1m^[22m[39m[31m
[1m^[22m[39m[31m[1m^[22m[39m[31m[1m^[22m[39m[31m[1m
^[22m[39m[31m[1m^[22m[39m[31m[1m^[22m[39m[31m[1m^[
22m[39m
 [90m 11 |[39m [36mimport[39m { [33mButton[39m } 
[36mfrom[39m [32m"@/components/ui/button"[39m[33m;[39m
 [90m 12 |[39m [90m// import FileUpload from 
'@/components/ui/file-upload';[39m
 [90m 13 |[39m [36mimport[39m { [33mImagePlus[39m } 
[36mfrom[39m [32m"lucide-react"[39m[33m;[39m[0m

Import map: aliased to relative 
'./src/components/features/hiring-template/utils' inside of 
[project]/


https://nextjs.org/docs/messages/module-not-found


./src/app/app/(dashboard)/settings/company/company-info/page.ts
x:10:1
Module not found: Can't resolve 
'@/components/features/hiring-template/utils'
[0m [90m  8 |[39m   [33mCustomSelect[39m[33m,[39m
 [90m  9 |[39m } [36mfrom[39m [32m"@/components/features/h
iring-template/select-components"[39m[33m;[39m
[31m[1m>[22m[39m[90m 10 |[39m [36mimport[39m { 
countries } [36mfrom[39m [32m"@/components/features/hiring-t
emplate/utils"[39m[33m;[39m
 [90m    |[39m [31m[1m^[22m[39m[31m[1m^[22m[39m[31m
[1m^[22m[39m[31m[1m^[22m[39m[31m[1m^[22m[39m[31m[1m
^[22m[39m[31m[1m^[22m[39m[31m[1m^[22m[39m[31m[1m^[
22m[39m[31m[1m^[22m[39m[31m[1m^[22m[39m[31m[1m^[22m
[39m[31m[1m^[22m[39m[31m[1m^[22m[39m[31m[1m^[22m[3
9m[31m[1m^[22m[39m[31m[1m^[22m[39m[31m[1m^[22m[39m
[31m[1m^[22m[39m[31m[1m^[22m[39m[31m[1m^[22m[39m[31
m[1m^[22m[39m[31m[1m^[22m[39m[31m[1m^[22m[39m[31m[
1m^[22m[39m[31m[1m^[22m[39m[31m[1m^[22m[39m[31m[1m^
[22m[39m[31m[1m^[22m[39m[31m[1m^[22m[39m[31m[1m^[2
2m[39m[31m[1m^[22m[39m[31m[1m^[22m[39m[31m[1m^[22m
[39m[31m[1m^[22m[39m[31m[1m^[22m[39m[31m[1m^[22m[39
m[31m[1m^[22m[39m[31m[1m^[22m[39m[31m[1m^[22m[39m[
31m[1m^[22m[39m[31m[1m^[22m[39m[31m[1m^[22m[39m[31m
[1m^[22m[39m[31m[1m^[22m[39m[31m[1m^[22m[39m[31m[1
m^[22m[39m[31m[1m^[22m[39m[31m[1m^[22m[39m[31m[1m^
[22m[39m[31m[1m^[22m[39m[31m[1m^[22m[39m[31m[1m^[22
m[39m[31m[1m^[22m[39m[31m[1m^[22m[39m[31m[1m^[22m[
39m[31m[1m^[22m[39m[31m[1m^[22m[39m[31m[1m^[22m[39m
[31m[1m^[22m[39m[31m[1m^[22m[39m[31m[1m^[22m[39m[3
1m[1m^[22m[39m[31m[1m^[22m[39m[31m[1m^[22m[39m[31m
[1m^[22m[39m[31m[1m^[22m[39m[31m[1m^[22m[39m[31m[1m
^[22m[39m[31m[1m^[22m[39m[31m[1m^[22m[39m[31m[1m^[
22m[39m
 [90m 11 |[39m [36mimport[39m { [33mButton[39m } 
[36mfrom[39m [32m"@/components/ui/button"[39m[33m;[39m
 [90m 12 |[39m [90m// import FileUpload from 
'@/components/ui/file-upload';[39m
 [90m 13 |[39m [36mimport[39m { [33mImagePlus[39m } 
[36mfrom[39m [32m"lucide-react"[39m[33m;[39m[0m

Import map: aliased to relative 
'./src/components/features/hiring-template/utils' inside of 
[project]/


https://nextjs.org/docs/messages/module-not-found


./src/app/app/(dashboard)/settings/company/company-info/page.ts
x:10:1
Module not found: Can't resolve 
'@/components/features/hiring-template/utils'
[0m [90m  8 |[39m   [33mCustomSelect[39m[33m,[39m
 [90m  9 |[39m } [36mfrom[39m [32m"@/components/features/h
iring-template/select-components"[39m[33m;[39m
[31m[1m>[22m[39m[90m 10 |[39m [36mimport[39m { 
countries } [36mfrom[39m [32m"@/components/features/hiring-t
emplate/utils"[39m[33m;[39m
 [90m    |[39m [31m[1m^[22m[39m[31m[1m^[22m[39m[31m
[1m^[22m[39m[31m[1m^[22m[39m[31m[1m^[22m[39m[31m[1m
^[22m[39m[31m[1m^[22m[39m[31m[1m^[22m[39m[31m[1m^[
22m[39m[31m[1m^[22m[39m[31m[1m^[22m[39m[31m[1m^[22m
[39m[31m[1m^[22m[39m[31m[1m^[22m[39m[31m[1m^[22m[3
9m[31m[1m^[22m[39m[31m[1m^[22m[39m[31m[1m^[22m[39m
[31m[1m^[22m[39m[31m[1m^[22m[39m[31m[1m^[22m[39m[31
m[1m^[22m[39m[31m[1m^[22m[39m[31m[1m^[22m[39m[31m[
1m^[22m[39m[31m[1m^[22m[39m[31m[1m^[22m[39m[31m[1m^
[22m[39m[31m[1m^[22m[39m[31m[1m^[22m[39m[31m[1m^[2
2m[39m[31m[1m^[22m[39m[31m[1m^[22m[39m[31m[1m^[22m
[39m[31m[1m^[22m[39m[31m[1m^[22m[39m[31m[1m^[22m[39
m[31m[1m^[22m[39m[31m[1m^[22m[39m[31m[1m^[22m[39m[
31m[1m^[22m[39m[31m[1m^[22m[39m[31m[1m^[22m[39m[31m
[1m^[22m[39m[31m[1m^[22m[39m[31m[1m^[22m[39m[31m[1
m^[22m[39m[31m[1m^[22m[39m[31m[1m^[22m[39m[31m[1m^
[22m[39m[31m[1m^[22m[39m[31m[1m^[22m[39m[31m[1m^[22
m[39m[31m[1m^[22m[39m[31m[1m^[22m[39m[31m[1m^[22m[
39m[31m[1m^[22m[39m[31m[1m^[22m[39m[31m[1m^[22m[39m
[31m[1m^[22m[39m[31m[1m^[22m[39m[31m[1m^[22m[39m[3
1m[1m^[22m[39m[31m[1m^[22m[39m[31m[1m^[22m[39m[31m
[1m^[22m[39m[31m[1m^[22m[39m[31m[1m^[22m[39m[31m[1m
^[22m[39m[31m[1m^[22m[39m[31m[1m^[22m[39m[31m[1m^[
22m[39m
 [90m 11 |[39m [36mimport[39m { [33mButton[39m } 
[36mfrom[39m [32m"@/components/ui/button"[39m[33m;[39m
 [90m 12 |[39m [90m// import FileUpload from 
'@/components/ui/file-upload';[39m
 [90m 13 |[39m [36mimport[39m { [33mImagePlus[39m } 
[36mfrom[39m [32m"lucide-react"[39m[33m;[39m[0m

Import map: aliased to relative 
'./src/components/features/hiring-template/utils' inside of 
[project]/


https://nextjs.org/docs/messages/module-not-found


./src/app/profile-settings/page.tsx:12:1
Module not found: Can't resolve 
'@/components/profile-settings/NotificationSection'
[0m [90m 10 |[39m   [33mPasswordFormData[39m[33m,[39m
 [90m 11 |[39m } [36mfrom[39m 
[32m"@/components/profile-settings/types"[39m[33m;[39m
[31m[1m>[22m[39m[90m 12 |[39m [36mimport[39m 
[33mNotificationSection[39m [36mfrom[39m [32m"@/components
/profile-settings/NotificationSection"[39m[33m;[39m
 [90m    |[39m [31m[1m^[22m[39m[31m[1m^[22m[39m[31m
[1m^[22m[39m[31m[1m^[22m[39m[31m[1m^[22m[39m[31m[1m
^[22m[39m[31m[1m^[22m[39m[31m[1m^[22m[39m[31m[1m^[
22m[39m[31m[1m^[22m[39m[31m[1m^[22m[39m[31m[1m^[22m
[39m[31m[1m^[22m[39m[31m[1m^[22m[39m[31m[1m^[22m[3
9m[31m[1m^[22m[39m[31m[1m^[22m[39m[31m[1m^[22m[39m
[31m[1m^[22m[39m[31m[1m^[22m[39m[31m[1m^[22m[39m[31
m[1m^[22m[39m[31m[1m^[22m[39m[31m[1m^[22m[39m[31m[
1m^[22m[39m[31m[1m^[22m[39m[31m[1m^[22m[39m[31m[1m^
[22m[39m[31m[1m^[22m[39m[31m[1m^[22m[39m[31m[1m^[2
2m[39m[31m[1m^[22m[39m[31m[1m^[22m[39m[31m[1m^[22m
[39m[31m[1m^[22m[39m[31m[1m^[22m[39m[31m[1m^[22m[39
m[31m[1m^[22m[39m[31m[1m^[22m[39m[31m[1m^[22m[39m[
31m[1m^[22m[39m[31m[1m^[22m[39m[31m[1m^[22m[39m[31m
[1m^[22m[39m[31m[1m^[22m[39m[31m[1m^[22m[39m[31m[1
m^[22m[39m[31m[1m^[22m[39m[31m[1m^[22m[39m[31m[1m^
[22m[39m[31m[1m^[22m[39m[31m[1m^[22m[39m[31m[1m^[22
m[39m[31m[1m^[22m[39m[31m[1m^[22m[39m[31m[1m^[22m[
39m[31m[1m^[22m[39m[31m[1m^[22m[39m[31m[1m^[22m[39m
[31m[1m^[22m[39m[31m[1m^[22m[39m[31m[1m^[22m[39m[3
1m[1m^[22m[39m[31m[1m^[22m[39m[31m[1m^[22m[39m[31m
[1m^[22m[39m[31m[1m^[22m[39m[31m[1m^[22m[39m[31m[1m
^[22m[39m[31m[1m^[22m[39m[31m[1m^[22m[39m[31m[1m^[
22m[39m[31m[1m^[22m[39m[31m[1m^[22m[39m[31m[1m^[22m
[39m[31m[1m^[22m[39m[31m[1m^[22m[39m[31m[1m^[22m[3
9m[31m[1m^[22m[39m[31m[1m^[22m[39m[31m[1m^[22m[39m
[31m[1m^[22m[39m[31m[1m^[22m[39m[31m[1m^[22m[39m
 [90m 13 |[39m [36mimport[39m [33mProfileForm[39m 
[36mfrom[39m [32m"@/components/profile-settings/ProfileForm"
[39m[33m;[39m
 [90m 14 |[39m
 [90m 15 |[39m [36mconst[39m 
defaultNotifications[33m:[39m [33mNotificationSettings[39m 
[33m=[39m {[0m

Import map: aliased to relative 
'./src/components/profile-settings/NotificationSection' inside 
of [project]/


https://nextjs.org/docs/messages/module-not-found


./src/app/profile-settings/page.tsx:12:1
Module not found: Can't resolve 
'@/components/profile-settings/NotificationSection'
[0m [90m 10 |[39m   [33mPasswordFormData[39m[33m,[39m
 [90m 11 |[39m } [36mfrom[39m 
[32m"@/components/profile-settings/types"[39m[33m;[39m
[31m[1m>[22m[39m[90m 12 |[39m [36mimport[39m 
[33mNotificationSection[39m [36mfrom[39m [32m"@/components
/profile-settings/NotificationSection"[39m[33m;[39m
 [90m    |[39m [31m[1m^[22m[39m[31m[1m^[22m[39m[31m
[1m^[22m[39m[31m[1m^[22m[39m[31m[1m^[22m[39m[31m[1m
^[22m[39m[31m[1m^[22m[39m[31m[1m^[22m[39m[31m[1m^[
22m[39m[31m[1m^[22m[39m[31m[1m^[22m[39m[31m[1m^[22m
[39m[31m[1m^[22m[39m[31m[1m^[22m[39m[31m[1m^[22m[3
9m[31m[1m^[22m[39m[31m[1m^[22m[39m[31m[1m^[22m[39m
[31m[1m^[22m[39m[31m[1m^[22m[39m[31m[1m^[22m[39m[31
m[1m^[22m[39m[31m[1m^[22m[39m[31m[1m^[22m[39m[31m[
1m^[22m[39m[31m[1m^[22m[39m[31m[1m^[22m[39m[31m[1m^
[22m[39m[31m[1m^[22m[39m[31m[1m^[22m[39m[31m[1m^[2
2m[39m[31m[1m^[22m[39m[31m[1m^[22m[39m[31m[1m^[22m
[39m[31m[1m^[22m[39m[31m[1m^[22m[39m[31m[1m^[22m[39
m[31m[1m^[22m[39m[31m[1m^[22m[39m[31m[1m^[22m[39m[
31m[1m^[22m[39m[31m[1m^[22m[39m[31m[1m^[22m[39m[31m
[1m^[22m[39m[31m[1m^[22m[39m[31m[1m^[22m[39m[31m[1
m^[22m[39m[31m[1m^[22m[39m[31m[1m^[22m[39m[31m[1m^
[22m[39m[31m[1m^[22m[39m[31m[1m^[22m[39m[31m[1m^[22
m[39m[31m[1m^[22m[39m[31m[1m^[22m[39m[31m[1m^[22m[
39m[31m[1m^[22m[39m[31m[1m^[22m[39m[31m[1m^[22m[39m
[31m[1m^[22m[39m[31m[1m^[22m[39m[31m[1m^[22m[39m[3
1m[1m^[22m[39m[31m[1m^[22m[39m[31m[1m^[22m[39m[31m
[1m^[22m[39m[31m[1m^[22m[39m[31m[1m^[22m[39m[31m[1m
^[22m[39m[31m[1m^[22m[39m[31m[1m^[22m[39m[31m[1m^[
22m[39m[31m[1m^[22m[39m[31m[1m^[22m[39m[31m[1m^[22m
[39m[31m[1m^[22m[39m[31m[1m^[22m[39m[31m[1m^[22m[3
9m[31m[1m^[22m[39m[31m[1m^[22m[39m[31m[1m^[22m[39m
[31m[1m^[22m[39m[31m[1m^[22m[39m[31m[1m^[22m[39m
 [90m 13 |[39m [36mimport[39m [33mProfileForm[39m 
[36mfrom[39m [32m"@/components/profile-settings/ProfileForm"
[39m[33m;[39m
 [90m 14 |[39m
 [90m 15 |[39m [36mconst[39m 
defaultNotifications[33m:[39m [33mNotificationSettings[39m 
[33m=[39m {[0m

Import map: aliased to relative 
'./src/components/profile-settings/NotificationSection' inside 
of [project]/


https://nextjs.org/docs/messages/module-not-found


./src/app/profile-settings/page.tsx:12:1
Module not found: Can't resolve 
'@/components/profile-settings/NotificationSection'
[0m [90m 10 |[39m   [33mPasswordFormData[39m[33m,[39m
 [90m 11 |[39m } [36mfrom[39m 
[32m"@/components/profile-settings/types"[39m[33m;[39m
[31m[1m>[22m[39m[90m 12 |[39m [36mimport[39m 
[33mNotificationSection[39m [36mfrom[39m [32m"@/components
/profile-settings/NotificationSection"[39m[33m;[39m
 [90m    |[39m [31m[1m^[22m[39m[31m[1m^[22m[39m[31m
[1m^[22m[39m[31m[1m^[22m[39m[31m[1m^[22m[39m[31m[1m
^[22m[39m[31m[1m^[22m[39m[31m[1m^[22m[39m[31m[1m^[
22m[39m[31m[1m^[22m[39m[31m[1m^[22m[39m[31m[1m^[22m
[39m[31m[1m^[22m[39m[31m[1m^[22m[39m[31m[1m^[22m[3
9m[31m[1m^[22m[39m[31m[1m^[22m[39m[31m[1m^[22m[39m
[31m[1m^[22m[39m[31m[1m^[22m[39m[31m[1m^[22m[39m[31
m[1m^[22m[39m[31m[1m^[22m[39m[31m[1m^[22m[39m[31m[
1m^[22m[39m[31m[1m^[22m[39m[31m[1m^[22m[39m[31m[1m^
[22m[39m[31m[1m^[22m[39m[31m[1m^[22m[39m[31m[1m^[2
2m[39m[31m[1m^[22m[39m[31m[1m^[22m[39m[31m[1m^[22m
[39m[31m[1m^[22m[39m[31m[1m^[22m[39m[31m[1m^[22m[39
m[31m[1m^[22m[39m[31m[1m^[22m[39m[31m[1m^[22m[39m[
31m[1m^[22m[39m[31m[1m^[22m[39m[31m[1m^[22m[39m[31m
[1m^[22m[39m[31m[1m^[22m[39m[31m[1m^[22m[39m[31m[1
m^[22m[39m[31m[1m^[22m[39m[31m[1m^[22m[39m[31m[1m^
[22m[39m[31m[1m^[22m[39m[31m[1m^[22m[39m[31m[1m^[22
m[39m[31m[1m^[22m[39m[31m[1m^[22m[39m[31m[1m^[22m[
39m[31m[1m^[22m[39m[31m[1m^[22m[39m[31m[1m^[22m[39m
[31m[1m^[22m[39m[31m[1m^[22m[39m[31m[1m^[22m[39m[3
1m[1m^[22m[39m[31m[1m^[22m[39m[31m[1m^[22m[39m[31m
[1m^[22m[39m[31m[1m^[22m[39m[31m[1m^[22m[39m[31m[1m
^[22m[39m[31m[1m^[22m[39m[31m[1m^[22m[39m[31m[1m^[
22m[39m[31m[1m^[22m[39m[31m[1m^[22m[39m[31m[1m^[22m
[39m[31m[1m^[22m[39m[31m[1m^[22m[39m[31m[1m^[22m[3
9m[31m[1m^[22m[39m[31m[1m^[22m[39m[31m[1m^[22m[39m
[31m[1m^[22m[39m[31m[1m^[22m[39m[31m[1m^[22m[39m
 [90m 13 |[39m [36mimport[39m [33mProfileForm[39m 
[36mfrom[39m [32m"@/components/profile-settings/ProfileForm"
[39m[33m;[39m
 [90m 14 |[39m
 [90m 15 |[39m [36mconst[39m 
defaultNotifications[33m:[39m [33mNotificationSettings[39m 
[33m=[39m {[0m

Import map: aliased to relative 
'./src/components/profile-settings/NotificationSection' inside 
of [project]/


https://nextjs.org/docs/messages/module-not-found


./src/app/profile-settings/page.tsx:12:1
Module not found: Can't resolve 
'@/components/profile-settings/NotificationSection'
[0m [90m 10 |[39m   [33mPasswordFormData[39m[33m,[39m
 [90m 11 |[39m } [36mfrom[39m 
[32m"@/components/profile-settings/types"[39m[33m;[39m
[31m[1m>[22m[39m[90m 12 |[39m [36mimport[39m 
[33mNotificationSection[39m [36mfrom[39m [32m"@/components
/profile-settings/NotificationSection"[39m[33m;[39m
 [90m    |[39m [31m[1m^[22m[39m[31m[1m^[22m[39m[31m
[1m^[22m[39m[31m[1m^[22m[39m[31m[1m^[22m[39m[31m[1m
^[22m[39m[31m[1m^[22m[39m[31m[1m^[22m[39m[31m[1m^[
22m[39m[31m[1m^[22m[39m[31m[1m^[22m[39m[31m[1m^[22m
[39m[31m[1m^[22m[39m[31m[1m^[22m[39m[31m[1m^[22m[3
9m[31m[1m^[22m[39m[31m[1m^[22m[39m[31m[1m^[22m[39m
[31m[1m^[22m[39m[31m[1m^[22m[39m[31m[1m^[22m[39m[31
m[1m^[22m[39m[31m[1m^[22m[39m[31m[1m^[22m[39m[31m[
1m^[22m[39m[31m[1m^[22m[39m[31m[1m^[22m[39m[31m[1m^
[22m[39m[31m[1m^[22m[39m[31m[1m^[22m[39m[31m[1m^[2
2m[39m[31m[1m^[22m[39m[31m[1m^[22m[39m[31m[1m^[22m
[39m[31m[1m^[22m[39m[31m[1m^[22m[39m[31m[1m^[22m[39
m[31m[1m^[22m[39m[31m[1m^[22m[39m[31m[1m^[22m[39m[
31m[1m^[22m[39m[31m[1m^[22m[39m[31m[1m^[22m[39m[31m
[1m^[22m[39m[31m[1m^[22m[39m[31m[1m^[22m[39m[31m[1
m^[22m[39m[31m[1m^[22m[39m[31m[1m^[22m[39m[31m[1m^
[22m[39m[31m[1m^[22m[39m[31m[1m^[22m[39m[31m[1m^[22
m[39m[31m[1m^[22m[39m[31m[1m^[22m[39m[31m[1m^[22m[
39m[31m[1m^[22m[39m[31m[1m^[22m[39m[31m[1m^[22m[39m
[31m[1m^[22m[39m[31m[1m^[22m[39m[31m[1m^[22m[39m[3
1m[1m^[22m[39m[31m[1m^[22m[39m[31m[1m^[22m[39m[31m
[1m^[22m[39m[31m[1m^[22m[39m[31m[1m^[22m[39m[31m[1m
^[22m[39m[31m[1m^[22m[39m[31m[1m^[22m[39m[31m[1m^[
22m[39m[31m[1m^[22m[39m[31m[1m^[22m[39m[31m[1m^[22m
[39m[31m[1m^[22m[39m[31m[1m^[22m[39m[31m[1m^[22m[3
9m[31m[1m^[22m[39m[31m[1m^[22m[39m[31m[1m^[22m[39m
[31m[1m^[22m[39m[31m[1m^[22m[39m[31m[1m^[22m[39m
 [90m 13 |[39m [36mimport[39m [33mProfileForm[39m 
[36mfrom[39m [32m"@/components/profile-settings/ProfileForm"
[39m[33m;[39m
 [90m 14 |[39m
 [90m 15 |[39m [36mconst[39m 
defaultNotifications[33m:[39m [33mNotificationSettings[39m 
[33m=[39m {[0m

Import map: aliased to relative 
'./src/components/profile-settings/NotificationSection' inside 
of [project]/


https://nextjs.org/docs/messages/module-not-found


./src/app/profile-settings/page.tsx:13:1
Module not found: Can't resolve 
'@/components/profile-settings/ProfileForm'
[0m [90m 11 |[39m } [36mfrom[39m 
[32m"@/components/profile-settings/types"[39m[33m;[39m
 [90m 12 |[39m [36mimport[39m 
[33mNotificationSection[39m [36mfrom[39m [32m"@/components
/profile-settings/NotificationSection"[39m[33m;[39m
[31m[1m>[22m[39m[90m 13 |[39m [36mimport[39m 
[33mProfileForm[39m [36mfrom[39m [32m"@/components/profile
-settings/ProfileForm"[39m[33m;[39m
 [90m    |[39m [31m[1m^[22m[39m[31m[1m^[22m[39m[31m
[1m^[22m[39m[31m[1m^[22m[39m[31m[1m^[22m[39m[31m[1m
^[22m[39m[31m[1m^[22m[39m[31m[1m^[22m[39m[31m[1m^[
22m[39m[31m[1m^[22m[39m[31m[1m^[22m[39m[31m[1m^[22m
[39m[31m[1m^[22m[39m[31m[1m^[22m[39m[31m[1m^[22m[3
9m[31m[1m^[22m[39m[31m[1m^[22m[39m[31m[1m^[22m[39m
[31m[1m^[22m[39m[31m[1m^[22m[39m[31m[1m^[22m[39m[31
m[1m^[22m[39m[31m[1m^[22m[39m[31m[1m^[22m[39m[31m[
1m^[22m[39m[31m[1m^[22m[39m[31m[1m^[22m[39m[31m[1m^
[22m[39m[31m[1m^[22m[39m[31m[1m^[22m[39m[31m[1m^[2
2m[39m[31m[1m^[22m[39m[31m[1m^[22m[39m[31m[1m^[22m
[39m[31m[1m^[22m[39m[31m[1m^[22m[39m[31m[1m^[22m[39
m[31m[1m^[22m[39m[31m[1m^[22m[39m[31m[1m^[22m[39m[
31m[1m^[22m[39m[31m[1m^[22m[39m[31m[1m^[22m[39m[31m
[1m^[22m[39m[31m[1m^[22m[39m[31m[1m^[22m[39m[31m[1
m^[22m[39m[31m[1m^[22m[39m[31m[1m^[22m[39m[31m[1m^
[22m[39m[31m[1m^[22m[39m[31m[1m^[22m[39m[31m[1m^[22
m[39m[31m[1m^[22m[39m[31m[1m^[22m[39m[31m[1m^[22m[
39m[31m[1m^[22m[39m[31m[1m^[22m[39m[31m[1m^[22m[39m
[31m[1m^[22m[39m[31m[1m^[22m[39m[31m[1m^[22m[39m[3
1m[1m^[22m[39m[31m[1m^[22m[39m[31m[1m^[22m[39m[31m
[1m^[22m[39m[31m[1m^[22m[39m[31m[1m^[22m[39m
 [90m 14 |[39m
 [90m 15 |[39m [36mconst[39m 
defaultNotifications[33m:[39m [33mNotificationSettings[39m 
[33m=[39m {
 [90m 16 |[39m   contractRequests[33m:[39m 
[36mtrue[39m[33m,[39m[0m

Import map: aliased to relative 
'./src/components/profile-settings/ProfileForm' inside of 
[project]/


https://nextjs.org/docs/messages/module-not-found


./src/app/profile-settings/page.tsx:13:1
Module not found: Can't resolve 
'@/components/profile-settings/ProfileForm'
[0m [90m 11 |[39m } [36mfrom[39m 
[32m"@/components/profile-settings/types"[39m[33m;[39m
 [90m 12 |[39m [36mimport[39m 
[33mNotificationSection[39m [36mfrom[39m [32m"@/components
/profile-settings/NotificationSection"[39m[33m;[39m
[31m[1m>[22m[39m[90m 13 |[39m [36mimport[39m 
[33mProfileForm[39m [36mfrom[39m [32m"@/components/profile
-settings/ProfileForm"[39m[33m;[39m
 [90m    |[39m [31m[1m^[22m[39m[31m[1m^[22m[39m[31m
[1m^[22m[39m[31m[1m^[22m[39m[31m[1m^[22m[39m[31m[1m
^[22m[39m[31m[1m^[22m[39m[31m[1m^[22m[39m[31m[1m^[
22m[39m[31m[1m^[22m[39m[31m[1m^[22m[39m[31m[1m^[22m
[39m[31m[1m^[22m[39m[31m[1m^[22m[39m[31m[1m^[22m[3
9m[31m[1m^[22m[39m[31m[1m^[22m[39m[31m[1m^[22m[39m
[31m[1m^[22m[39m[31m[1m^[22m[39m[31m[1m^[22m[39m[31
m[1m^[22m[39m[31m[1m^[22m[39m[31m[1m^[22m[39m[31m[
1m^[22m[39m[31m[1m^[22m[39m[31m[1m^[22m[39m[31m[1m^
[22m[39m[31m[1m^[22m[39m[31m[1m^[22m[39m[31m[1m^[2
2m[39m[31m[1m^[22m[39m[31m[1m^[22m[39m[31m[1m^[22m
[39m[31m[1m^[22m[39m[31m[1m^[22m[39m[31m[1m^[22m[39
m[31m[1m^[22m[39m[31m[1m^[22m[39m[31m[1m^[22m[39m[
31m[1m^[22m[39m[31m[1m^[22m[39m[31m[1m^[22m[39m[31m
[1m^[22m[39m[31m[1m^[22m[39m[31m[1m^[22m[39m[31m[1
m^[22m[39m[31m[1m^[22m[39m[31m[1m^[22m[39m[31m[1m^
[22m[39m[31m[1m^[22m[39m[31m[1m^[22m[39m[31m[1m^[22
m[39m[31m[1m^[22m[39m[31m[1m^[22m[39m[31m[1m^[22m[
39m[31m[1m^[22m[39m[31m[1m^[22m[39m[31m[1m^[22m[39m
[31m[1m^[22m[39m[31m[1m^[22m[39m[31m[1m^[22m[39m[3
1m[1m^[22m[39m[31m[1m^[22m[39m[31m[1m^[22m[39m[31m
[1m^[22m[39m[31m[1m^[22m[39m[31m[1m^[22m[39m
 [90m 14 |[39m
 [90m 15 |[39m [36mconst[39m 
defaultNotifications[33m:[39m [33mNotificationSettings[39m 
[33m=[39m {
 [90m 16 |[39m   contractRequests[33m:[39m 
[36mtrue[39m[33m,[39m[0m

Import map: aliased to relative 
'./src/components/profile-settings/ProfileForm' inside of 
[project]/


https://nextjs.org/docs/messages/module-not-found


./src/app/profile-settings/page.tsx:13:1
Module not found: Can't resolve 
'@/components/profile-settings/ProfileForm'
[0m [90m 11 |[39m } [36mfrom[39m 
[32m"@/components/profile-settings/types"[39m[33m;[39m
 [90m 12 |[39m [36mimport[39m 
[33mNotificationSection[39m [36mfrom[39m [32m"@/components
/profile-settings/NotificationSection"[39m[33m;[39m
[31m[1m>[22m[39m[90m 13 |[39m [36mimport[39m 
[33mProfileForm[39m [36mfrom[39m [32m"@/components/profile
-settings/ProfileForm"[39m[33m;[39m
 [90m    |[39m [31m[1m^[22m[39m[31m[1m^[22m[39m[31m
[1m^[22m[39m[31m[1m^[22m[39m[31m[1m^[22m[39m[31m[1m
^[22m[39m[31m[1m^[22m[39m[31m[1m^[22m[39m[31m[1m^[
22m[39m[31m[1m^[22m[39m[31m[1m^[22m[39m[31m[1m^[22m
[39m[31m[1m^[22m[39m[31m[1m^[22m[39m[31m[1m^[22m[3
9m[31m[1m^[22m[39m[31m[1m^[22m[39m[31m[1m^[22m[39m
[31m[1m^[22m[39m[31m[1m^[22m[39m[31m[1m^[22m[39m[31
m[1m^[22m[39m[31m[1m^[22m[39m[31m[1m^[22m[39m[31m[
1m^[22m[39m[31m[1m^[22m[39m[31m[1m^[22m[39m[31m[1m^
[22m[39m[31m[1m^[22m[39m[31m[1m^[22m[39m[31m[1m^[2
2m[39m[31m[1m^[22m[39m[31m[1m^[22m[39m[31m[1m^[22m
[39m[31m[1m^[22m[39m[31m[1m^[22m[39m[31m[1m^[22m[39
m[31m[1m^[22m[39m[31m[1m^[22m[39m[31m[1m^[22m[39m[
31m[1m^[22m[39m[31m[1m^[22m[39m[31m[1m^[22m[39m[31m
[1m^[22m[39m[31m[1m^[22m[39m[31m[1m^[22m[39m[31m[1
m^[22m[39m[31m[1m^[22m[39m[31m[1m^[22m[39m[31m[1m^
[22m[39m[31m[1m^[22m[39m[31m[1m^[22m[39m[31m[1m^[22
m[39m[31m[1m^[22m[39m[31m[1m^[22m[39m[31m[1m^[22m[
39m[31m[1m^[22m[39m[31m[1m^[22m[39m[31m[1m^[22m[39m
[31m[1m^[22m[39m[31m[1m^[22m[39m[31m[1m^[22m[39m[3
1m[1m^[22m[39m[31m[1m^[22m[39m[31m[1m^[22m[39m[31m
[1m^[22m[39m[31m[1m^[22m[39m[31m[1m^[22m[39m
 [90m 14 |[39m
 [90m 15 |[39m [36mconst[39m 
defaultNotifications[33m:[39m [33mNotificationSettings[39m 
[33m=[39m {
 [90m 16 |[39m   contractRequests[33m:[39m 
[36mtrue[39m[33m,[39m[0m

Import map: aliased to relative 
'./src/components/profile-settings/ProfileForm' inside of 
[project]/


https://nextjs.org/docs/messages/module-not-found


./src/app/profile-settings/page.tsx:13:1
Module not found: Can't resolve 
'@/components/profile-settings/ProfileForm'
[0m [90m 11 |[39m } [36mfrom[39m 
[32m"@/components/profile-settings/types"[39m[33m;[39m
 [90m 12 |[39m [36mimport[39m 
[33mNotificationSection[39m [36mfrom[39m [32m"@/components
/profile-settings/NotificationSection"[39m[33m;[39m
[31m[1m>[22m[39m[90m 13 |[39m [36mimport[39m 
[33mProfileForm[39m [36mfrom[39m [32m"@/components/profile
-settings/ProfileForm"[39m[33m;[39m
 [90m    |[39m [31m[1m^[22m[39m[31m[1m^[22m[39m[31m
[1m^[22m[39m[31m[1m^[22m[39m[31m[1m^[22m[39m[31m[1m
^[22m[39m[31m[1m^[22m[39m[31m[1m^[22m[39m[31m[1m^[
22m[39m[31m[1m^[22m[39m[31m[1m^[22m[39m[31m[1m^[22m
[39m[31m[1m^[22m[39m[31m[1m^[22m[39m[31m[1m^[22m[3
9m[31m[1m^[22m[39m[31m[1m^[22m[39m[31m[1m^[22m[39m
[31m[1m^[22m[39m[31m[1m^[22m[39m[31m[1m^[22m[39m[31
m[1m^[22m[39m[31m[1m^[22m[39m[31m[1m^[22m[39m[31m[
1m^[22m[39m[31m[1m^[22m[39m[31m[1m^[22m[39m[31m[1m^
[22m[39m[31m[1m^[22m[39m[31m[1m^[22m[39m[31m[1m^[2
2m[39m[31m[1m^[22m[39m[31m[1m^[22m[39m[31m[1m^[22m
[39m[31m[1m^[22m[39m[31m[1m^[22m[39m[31m[1m^[22m[39
m[31m[1m^[22m[39m[31m[1m^[22m[39m[31m[1m^[22m[39m[
31m[1m^[22m[39m[31m[1m^[22m[39m[31m[1m^[22m[39m[31m
[1m^[22m[39m[31m[1m^[22m[39m[31m[1m^[22m[39m[31m[1
m^[22m[39m[31m[1m^[22m[39m[31m[1m^[22m[39m[31m[1m^
[22m[39m[31m[1m^[22m[39m[31m[1m^[22m[39m[31m[1m^[22
m[39m[31m[1m^[22m[39m[31m[1m^[22m[39m[31m[1m^[22m[
39m[31m[1m^[22m[39m[31m[1m^[22m[39m[31m[1m^[22m[39m
[31m[1m^[22m[39m[31m[1m^[22m[39m[31m[1m^[22m[39m[3
1m[1m^[22m[39m[31m[1m^[22m[39m[31m[1m^[22m[39m[31m
[1m^[22m[39m[31m[1m^[22m[39m[31m[1m^[22m[39m
 [90m 14 |[39m
 [90m 15 |[39m [36mconst[39m 
defaultNotifications[33m:[39m [33mNotificationSettings[39m 
[33m=[39m {
 [90m 16 |[39m   contractRequests[33m:[39m 
[36mtrue[39m[33m,[39m[0m

Import map: aliased to relative 
'./src/components/profile-settings/ProfileForm' inside of 
[project]/


https://nextjs.org/docs/messages/module-not-found


    at <unknown> (./src/app/team-management/page.tsx:7:1)
    at <unknown> 
(https://nextjs.org/docs/messages/module-not-found)
    ... collapsed 6 duplicate lines matching above 2 lines 3 
times...
    at <unknown> (./src/app/team-management/page.tsx:6:1)
    at <unknown> 
(https://nextjs.org/docs/messages/module-not-found)
    ... collapsed 6 duplicate lines matching above 2 lines 3 
times...
    at <unknown> 
(./src/components/features/team-management/employees.tsx:10:1)
    at <unknown> 
(https://nextjs.org/docs/messages/module-not-found)
    ... collapsed 6 duplicate lines matching above 2 lines 3 
times...
    at <unknown> 
(./src/components/features/team-management/employees.tsx:8:1)
    at <unknown> 
(https://nextjs.org/docs/messages/module-not-found)
    ... collapsed 6 duplicate lines matching above 2 lines 3 
times...
    at <unknown> 
(./src/components/features/team-management/expense.tsx:16:1)
    at <unknown> 
(https://nextjs.org/docs/messages/module-not-found)
    ... collapsed 6 duplicate lines matching above 2 lines 3 
times...
    at <unknown> 
(./src/components/features/team-management/milestone.tsx:16:1)
    at <unknown> 
(https://nextjs.org/docs/messages/module-not-found)
    ... collapsed 6 duplicate lines matching above 2 lines 3 
times...
    at <unknown> (./src/components/features/team-management/tim
e-tracking.tsx:16:1)
    at <unknown> 
(https://nextjs.org/docs/messages/module-not-found)
    ... collapsed 6 duplicate lines matching above 2 lines 3 
times...
    at <unknown> 
(./src/components/features/team-management/timeoff.tsx:15:1)
    at <unknown> 
(https://nextjs.org/docs/messages/module-not-found)
    ... collapsed 6 duplicate lines matching above 2 lines 3 
times...
    at <unknown> 
(./src/components/features/team-management/employees.tsx:7:1)
    at <unknown> 
(https://nextjs.org/docs/messages/module-not-found)
    ... collapsed 6 duplicate lines matching above 2 lines 3 
times...
    at <unknown> 
(./src/components/features/team-management/expense.tsx:15:1)
    at <unknown> 
(https://nextjs.org/docs/messages/module-not-found)
    ... collapsed 6 duplicate lines matching above 2 lines 3 
times...
    at <unknown> 
(./src/components/features/team-management/milestone.tsx:15:1)
    at <unknown> 
(https://nextjs.org/docs/messages/module-not-found)
    ... collapsed 6 duplicate lines matching above 2 lines 3 
times...
    at <unknown> (./src/components/features/team-management/tim
e-tracking.tsx:15:1)
    at <unknown> 
(https://nextjs.org/docs/messages/module-not-found)
    ... collapsed 6 duplicate lines matching above 2 lines 3 
times...
    at <unknown> 
(./src/components/features/team-management/timeoff.tsx:14:1)
    at <unknown> 
(https://nextjs.org/docs/messages/module-not-found)
    ... collapsed 6 duplicate lines matching above 2 lines 3 
times...
    at <unknown> 
(./src/components/features/team-management/employees.tsx:5:1)
    at <unknown> 
(https://nextjs.org/docs/messages/module-not-found)
    ... collapsed 6 duplicate lines matching above 2 lines 3 
times...
    at <unknown> 
(./src/components/features/team-management/expense.tsx:14:1)
    at <unknown> 
(https://nextjs.org/docs/messages/module-not-found)
    ... collapsed 6 duplicate lines matching above 2 lines 3 
times...
    at <unknown> 
(./src/components/features/team-management/milestone.tsx:14:1)
    at <unknown> 
(https://nextjs.org/docs/messages/module-not-found)
    ... collapsed 6 duplicate lines matching above 2 lines 3 
times...
    at <unknown> (./src/components/features/team-management/tim
e-tracking.tsx:14:1)
    at <unknown> 
(https://nextjs.org/docs/messages/module-not-found)
    ... collapsed 6 duplicate lines matching above 2 lines 3 
times...
    at <unknown> 
(./src/components/features/team-management/timeoff.tsx:13:1)
    at <unknown> 
(https://nextjs.org/docs/messages/module-not-found)
    ... collapsed 6 duplicate lines matching above 2 lines 3 
times...
    at <unknown> 
(./src/components/features/team-management/employees.tsx:9:1)
    at <unknown> 
(https://nextjs.org/docs/messages/module-not-found)
    ... collapsed 6 duplicate lines matching above 2 lines 3 
times...
    at <unknown> 
(./src/components/features/team-management/employees.tsx:6:1)
    at <unknown> 
(https://nextjs.org/docs/messages/module-not-found)
    ... collapsed 6 duplicate lines matching above 2 lines 3 
times...
    at <unknown> (./src/app/app/(dashboard)/settings/company/co
mpany-info/page.tsx:6:1)
    at <unknown> 
(https://nextjs.org/docs/messages/module-not-found)
    ... collapsed 10 duplicate lines matching above 2 lines 5 
times...
    at <unknown> (./src/app/app/(dashboard)/settings/company/co
mpany-info/page.tsx:10:1)
    at <unknown> 
(https://nextjs.org/docs/messages/module-not-found)
    ... collapsed 6 duplicate lines matching above 2 lines 3 
times...
    at <unknown> (./src/app/profile-settings/page.tsx:12:1)
    at <unknown> 
(https://nextjs.org/docs/messages/module-not-found)
    ... collapsed 6 duplicate lines matching above 2 lines 3 
times...
    at <unknown> (./src/app/profile-settings/page.tsx:13:1)
    at <unknown> 
(https://nextjs.org/docs/messages/module-not-found)
    ... collapsed 6 duplicate lines matching above 2 lines 3 
times...
